#
# There is insufficient memory for the Java Runtime Environment to continue.
# Native memory allocation (malloc) failed to allocate 188512 bytes. Error detail: Chunk::new
# Possible reasons:
#   The system is out of physical RAM or swap space
#   This process is running with CompressedOops enabled, and the Java Heap may be blocking the growth of the native heap
# Possible solutions:
#   Reduce memory load on the system
#   Increase physical memory or swap space
#   Check if swap backing store is full
#   Decrease Java heap size (-Xmx/-Xms)
#   Decrease number of Java threads
#   Decrease Java thread stack sizes (-Xss)
#   Set larger code cache with -XX:ReservedCodeCacheSize=
#   JVM is running with Unscaled Compressed Oops mode in which the Java heap is
#     placed in the first 4GB address space. The Java Heap base address is the
#     maximum limit for the native heap growth. Please use -XX:HeapBaseMinAddress
#     to set the Java Heap base and to place the Java Heap above 4GB virtual address.
# This output file may be truncated or incomplete.
#
#  Out of Memory Error (arena.cpp:168), pid=20364, tid=12784
#
# JRE version: OpenJDK Runtime Environment Temurin-21.0.12.1+1 (21.0.12.1+1) (build 21.0.12.1+1-LTS)
# Java VM: OpenJDK 64-Bit Server VM Temurin-21.0.12.1+1 (21.0.12.1+1-LTS, mixed mode, sharing, tiered, compressed oops, compressed class ptrs, parallel gc, windows-amd64)
# No core dump will be written. Minidumps are not enabled by default on client versions of Windows
#

---------------  S U M M A R Y ------------

Command Line: --add-modules=ALL-SYSTEM --add-opens=java.base/java.util=ALL-UNNAMED --add-opens=java.base/java.lang=ALL-UNNAMED --add-opens=java.base/sun.nio.fs=ALL-UNNAMED -Declipse.application=org.eclipse.jdt.ls.core.id1 -Dosgi.bundles.defaultStartLevel=4 -Declipse.product=org.eclipse.jdt.ls.core.product -Djava.import.generatesMetadataFilesAtProjectRoot=false -Dm2e.project.cache.size=50 -DDetectVMInstallationsJob.disabled=true -Dfile.encoding=utf8 -XX:+UseParallelGC -XX:GCTimeRatio=4 -XX:AdaptiveSizePolicyWeight=90 -Dsun.zip.disableMemoryMapping=true -Xmx2G -Xms100m -Xlog:disable -javaagent:c:\Users\venus\.vscode\extensions\redhat.java-1.56.0-win32-x64\lombok\lombok-1.18.39-4050.jar c:\Users\venus\.vscode\extensions\redhat.java-1.56.0-win32-x64\server\plugins\org.eclipse.equinox.launcher_1.8.0.v20260804-1928.jar -configuration c:\Users\venus\AppData\Roaming\Code\User\globalStorage\redhat.java\1.56.0\config_ss_win -data c:\Users\venus\AppData\Roaming\Code\User\workspaceStorage\a1c2109327cffd564bb637cc0b682864\redhat.java\ss_ws --pipe=\\.\pipe\lsp-598e022d2ea8680013703ed3912b6077-sock

Host: 12th Gen Intel(R) Core(TM) i3-1215U, 8 cores, 3G,  Windows 11 , 64 bit Build 26100 (10.0.26100.9444)
Time: Mon Oct  5 13:02:38 2026 Hora oficial do Brasil elapsed time: 8.560805 seconds (0d 0h 0m 8s)

---------------  T H R E A D  ---------------

Current thread (0x0000015f2c8aaf20):  JavaThread "C2 CompilerThread0" daemon [_thread_in_native, id=12784, stack(0x0000003790100000,0x0000003790200000) (1024K)]


Current CompileTask:
C2:8560 2913       4       java.util.Properties::loadConvert (540 bytes)

Stack: [0x0000003790100000,0x0000003790200000]
Native frames: (J=compiled Java code, j=interpreted, Vv=VM code, C=native code)
V  [jvm.dll+0x6d83e9]
V  [jvm.dll+0x8b5736]
V  [jvm.dll+0x8b7cee]
V  [jvm.dll+0x8b83d3]
V  [jvm.dll+0x284596]
V  [jvm.dll+0xc685d]
V  [jvm.dll+0xc6da1]
V  [jvm.dll+0x3bf18b]
V  [jvm.dll+0x1e3f42]
V  [jvm.dll+0x24c853]
V  [jvm.dll+0x24bce0]
V  [jvm.dll+0x1cb4ae]
V  [jvm.dll+0x25baad]
V  [jvm.dll+0x25a03a]
V  [jvm.dll+0x3f8aae]
V  [jvm.dll+0x8600cd]
V  [jvm.dll+0x6d6c1d]
C  [ucrtbase.dll+0x2cd30]
C  [KERNEL32.DLL+0x2cd87]
C  [ntdll.dll+0xacaec]


---------------  P R O C E S S  ---------------

Threads class SMR info:
_java_thread_list=0x0000015f8bf0a440, length=19, elements={
0x0000015f2c91e270, 0x0000015f2c9dab00, 0x0000015f2c9dd040, 0x0000015f2c896a90,
0x0000015f2c897790, 0x0000015f2c89e490, 0x0000015f2c8a4c40, 0x0000015f2c8aaf20,
0x0000015f2c8aca30, 0x0000015f85d7c080, 0x0000015f85d79920, 0x0000015f85d79fb0,
0x0000015f85d7b9f0, 0x0000015f85d7b360, 0x0000015f85d79290, 0x0000015f85d7a640,
0x0000015f8a1345e0, 0x0000015f8a132ba0, 0x0000015f8a133230
}

Java Threads: ( => current thread )
  0x0000015f2c91e270 JavaThread "main"                              [_thread_blocked, id=19528, stack(0x000000378f600000,0x000000378f700000) (1024K)]
  0x0000015f2c9dab00 JavaThread "Reference Handler"          daemon [_thread_blocked, id=16428, stack(0x000000378fb00000,0x000000378fc00000) (1024K)]
  0x0000015f2c9dd040 JavaThread "Finalizer"                  daemon [_thread_blocked, id=17496, stack(0x000000378fc00000,0x000000378fd00000) (1024K)]
  0x0000015f2c896a90 JavaThread "Signal Dispatcher"          daemon [_thread_blocked, id=11216, stack(0x000000378fd00000,0x000000378fe00000) (1024K)]
  0x0000015f2c897790 JavaThread "Attach Listener"            daemon [_thread_blocked, id=16532, stack(0x000000378fe00000,0x000000378ff00000) (1024K)]
  0x0000015f2c89e490 JavaThread "Service Thread"             daemon [_thread_blocked, id=9732, stack(0x000000378ff00000,0x0000003790000000) (1024K)]
  0x0000015f2c8a4c40 JavaThread "Monitor Deflation Thread"   daemon [_thread_blocked, id=15636, stack(0x0000003790000000,0x0000003790100000) (1024K)]
=>0x0000015f2c8aaf20 JavaThread "C2 CompilerThread0"         daemon [_thread_in_native, id=12784, stack(0x0000003790100000,0x0000003790200000) (1024K)]
  0x0000015f2c8aca30 JavaThread "C1 CompilerThread0"         daemon [_thread_blocked, id=5748, stack(0x0000003790200000,0x0000003790300000) (1024K)]
  0x0000015f85d7c080 JavaThread "Common-Cleaner"             daemon [_thread_blocked, id=18720, stack(0x0000003790300000,0x0000003790400000) (1024K)]
  0x0000015f85d79920 JavaThread "Notification Thread"        daemon [_thread_blocked, id=14512, stack(0x0000003790400000,0x0000003790500000) (1024K)]
  0x0000015f85d79fb0 JavaThread "Active Thread: Equinox Container: ab3e4c6f-fc3b-4e50-8749-ebe44acee21a"        [_thread_blocked, id=4996, stack(0x0000003790b00000,0x0000003790c00000) (1024K)]
  0x0000015f85d7b9f0 JavaThread "Framework Event Dispatcher: Equinox Container: ab3e4c6f-fc3b-4e50-8749-ebe44acee21a" daemon [_thread_blocked, id=21180, stack(0x0000003790c00000,0x0000003790d00000) (1024K)]
  0x0000015f85d7b360 JavaThread "Start Level: Equinox Container: ab3e4c6f-fc3b-4e50-8749-ebe44acee21a" daemon [_thread_in_vm, id=9356, stack(0x0000003790d00000,0x0000003790e00000) (1024K)]
  0x0000015f85d79290 JavaThread "SCR Component Actor"        daemon [_thread_blocked, id=9288, stack(0x0000003790f00000,0x0000003791000000) (1024K)]
  0x0000015f85d7a640 JavaThread "Worker-JM"                         [_thread_blocked, id=16784, stack(0x0000003791000000,0x0000003791100000) (1024K)]
  0x0000015f8a1345e0 JavaThread "JNA Cleaner"                daemon [_thread_blocked, id=17784, stack(0x0000003791100000,0x0000003791200000) (1024K)]
  0x0000015f8a132ba0 JavaThread "Worker-0"                          [_thread_blocked, id=9964, stack(0x0000003791200000,0x0000003791300000) (1024K)]
  0x0000015f8a133230 JavaThread "Worker-1"                          [_thread_blocked, id=16248, stack(0x0000003791300000,0x0000003791400000) (1024K)]
Total: 19

Other Threads:
  0x0000015f2c9bf890 VMThread "VM Thread"                           [id=21264, stack(0x000000378fa00000,0x000000378fb00000) (1024K)]
  0x0000015f2c7aca00 WatcherThread "VM Periodic Task Thread"        [id=15308, stack(0x000000378f900000,0x000000378fa00000) (1024K)]
  0x0000015f2c93c9f0 WorkerThread "GC Thread#0"                     [id=21076, stack(0x000000378f800000,0x000000378f900000) (1024K)]
  0x0000015f8a56b7f0 WorkerThread "GC Thread#1"                     [id=17380, stack(0x0000003790500000,0x0000003790600000) (1024K)]
  0x0000015f8a56bba0 WorkerThread "GC Thread#2"                     [id=22500, stack(0x0000003790600000,0x0000003790700000) (1024K)]
  0x0000015f8a213140 WorkerThread "GC Thread#3"                     [id=17728, stack(0x0000003790700000,0x0000003790800000) (1024K)]
  0x0000015f8a4a7020 WorkerThread "GC Thread#4"                     [id=12296, stack(0x0000003790800000,0x0000003790900000) (1024K)]
  0x0000015f8a1e6f80 WorkerThread "GC Thread#5"                     [id=10372, stack(0x0000003790900000,0x0000003790a00000) (1024K)]
  0x0000015f8a1e6820 WorkerThread "GC Thread#6"                     [id=18144, stack(0x0000003790a00000,0x0000003790b00000) (1024K)]
  0x0000015f8a1e5d10 WorkerThread "GC Thread#7"                     [id=7476, stack(0x0000003790e00000,0x0000003790f00000) (1024K)]
Total: 10

Threads with active compile tasks:
C2 CompilerThread0  8662 2913       4       java.util.Properties::loadConvert (540 bytes)
Total: 1

VM state: not at safepoint (normal execution)

VM Mutex/Monitor currently owned by a thread:  ([mutex/lock_event])
[0x00007ff9eb9dd530] Metaspace_lock - owner thread: 0x0000015f85d7b360

Heap address: 0x0000000080000000, size: 2048 MB, Compressed Oops mode: 32-bit

CDS archive(s) mapped at: [0x0000015f44000000-0x0000015f44ba0000-0x0000015f44ba0000), size 12189696, SharedBaseAddress: 0x0000015f44000000, ArchiveRelocationMode: 1.
Compressed class space mapped at: 0x0000015f45000000-0x0000015f85000000, reserved size: 1073741824
Narrow klass base: 0x0000015f44000000, Narrow klass shift: 0, Narrow klass range: 0x100000000

GC Precious Log:
 CardTable entry size: 512
 CPUs: 8 total, 8 available
 Memory: 3820M
 Large Page Support: Disabled
 NUMA Support: Disabled
 Compressed Oops: Enabled (32-bit)
 Alignments: Space 512K, Generation 512K, Heap 2M
 Heap Min Capacity: 100M
 Heap Initial Capacity: 100M
 Heap Max Capacity: 2G
 Pre-touch: Disabled
 Parallel Workers: 8

Heap:
 PSYoungGen      total 27136K, used 11137K [0x00000000d5580000, 0x00000000d7480000, 0x0000000100000000)
  eden space 24576K, 35% used [0x00000000d5580000,0x00000000d5e06428,0x00000000d6d80000)
  from space 2560K, 94% used [0x00000000d6e80000,0x00000000d70da2b0,0x00000000d7100000)
  to   space 3584K, 0% used [0x00000000d7100000,0x00000000d7100000,0x00000000d7480000)
 ParOldGen       total 68608K, used 8865K [0x0000000080000000, 0x0000000084300000, 0x00000000d5580000)
  object space 68608K, 12% used [0x0000000080000000,0x00000000808a8640,0x0000000084300000)
 Metaspace       used 24305K, committed 24960K, reserved 1114112K
  class space    used 2345K, committed 2624K, reserved 1048576K

Card table byte_map: [0x0000015f2c2c0000,0x0000015f2c6d0000] _byte_map_base: 0x0000015f2bec0000

Marking Bits: (ParMarkBitMap*) 0x00007ff9eb9e44a0
 Begin Bits: [0x0000015f3edd0000, 0x0000015f40dd0000)
 End Bits:   [0x0000015f40dd0000, 0x0000015f42dd0000)

Polling page: 0x0000015f2a6f0000

Metaspace:

Usage:
  Non-class:     21.44 MB used.
      Class:      2.29 MB used.
       Both:     23.74 MB used.

Virtual space:
  Non-class space:       64.00 MB reserved,      21.81 MB ( 34%) committed,  1 nodes.
      Class space:        1.00 GB reserved,       2.56 MB ( <1%) committed,  1 nodes.
             Both:        1.06 GB reserved,      24.38 MB (  2%) committed. 

Chunk freelists:
   Non-Class:  9.67 MB
       Class:  13.32 MB
        Both:  23.00 MB

MaxMetaspaceSize: unlimited
CompressedClassSpaceSize: 1.00 GB
Initial GC threshold: 21.00 MB
Current GC threshold: 35.00 MB
CDS: on
 - commit_granule_bytes: 65536.
 - commit_granule_words: 8192.
 - virtual_space_node_default_size: 8388608.
 - enlarge_chunks_in_place: 1.
 - use_allocation_guard: 0.


Internal statistics:

num_allocs_failed_limit: 3.
num_arena_births: 526.
num_arena_deaths: 14.
num_vsnodes_births: 2.
num_vsnodes_deaths: 0.
num_space_committed: 390.
num_space_uncommitted: 0.
num_chunks_returned_to_freelist: 17.
num_chunks_taken_from_freelist: 1452.
num_chunk_merges: 9.
num_chunk_splits: 940.
num_chunks_enlarged: 610.
num_inconsistent_stats: 0.

CodeHeap 'non-profiled nmethods': size=120000Kb used=1264Kb max_used=1264Kb free=118735Kb
 bounds [0x0000015f375f0000, 0x0000015f37860000, 0x0000015f3eb20000]
CodeHeap 'profiled nmethods': size=120000Kb used=6116Kb max_used=6116Kb free=113884Kb
 bounds [0x0000015f2fb20000, 0x0000015f30120000, 0x0000015f37050000]
CodeHeap 'non-nmethods': size=5760Kb used=1325Kb max_used=1365Kb free=4434Kb
 bounds [0x0000015f37050000, 0x0000015f372c0000, 0x0000015f375f0000]
CodeCache: size=245760Kb, used=8705Kb, max_used=8745Kb, free=237053Kb
 total_blobs=3637, nmethods=3025, adapters=518, full_count=0
Compilation: enabled, stopped_count=0, restarted_count=0

Compilation events (20 events):
Event: 8.513 Thread 0x0000015f2c8aca30 3033       3       org.eclipse.osgi.internal.loader.BundleLoaderSources::getPackageSource (64 bytes)
Event: 8.514 Thread 0x0000015f2c8aca30 nmethod 3033 0x0000015f30115490 code [0x0000015f301156a0, 0x0000015f30115eb8]
Event: 8.514 Thread 0x0000015f2c8aca30 3034   !   3       org.eclipse.core.internal.preferences.EclipsePreferences::internalGet (62 bytes)
Event: 8.514 Thread 0x0000015f2c8aca30 nmethod 3034 0x0000015f30116110 code [0x0000015f30116320, 0x0000015f301169f8]
Event: 8.514 Thread 0x0000015f2c8aca30 3036       3       org.eclipse.core.internal.preferences.PreferencesService::get (62 bytes)
Event: 8.515 Thread 0x0000015f2c8aca30 nmethod 3036 0x0000015f30116c90 code [0x0000015f30116e80, 0x0000015f30117390]
Event: 8.515 Thread 0x0000015f2c8aca30 3035       3       org.eclipse.core.internal.preferences.EclipsePreferences::get (16 bytes)
Event: 8.515 Thread 0x0000015f2c8aca30 nmethod 3035 0x0000015f30117590 code [0x0000015f30117740, 0x0000015f30117960]
Event: 8.515 Thread 0x0000015f2c8aca30 3037       3       java.util.Hashtable$Enumerator::hasMoreElements (53 bytes)
Event: 8.516 Thread 0x0000015f2c8aca30 nmethod 3037 0x0000015f30117a10 code [0x0000015f30117bc0, 0x0000015f30117e38]
Event: 8.516 Thread 0x0000015f2c8aca30 3038       3       java.util.Hashtable$Enumerator::nextElement (111 bytes)
Event: 8.516 Thread 0x0000015f2c8aca30 nmethod 3038 0x0000015f30117f90 code [0x0000015f30118160, 0x0000015f30118588]
Event: 8.516 Thread 0x0000015f2c8aca30 3041       3       java.util.Hashtable$Enumerator::hasNext (5 bytes)
Event: 8.516 Thread 0x0000015f2c8aca30 nmethod 3041 0x0000015f30118710 code [0x0000015f301188c0, 0x0000015f30118a00]
Event: 8.516 Thread 0x0000015f2c8aca30 3039       1       java.util.Hashtable$Entry::getKey (5 bytes)
Event: 8.516 Thread 0x0000015f2c8aca30 nmethod 3039 0x0000015f3772bb10 code [0x0000015f3772bca0, 0x0000015f3772bd68]
Event: 8.516 Thread 0x0000015f2c8aca30 3040       1       java.util.Hashtable$Entry::getValue (5 bytes)
Event: 8.516 Thread 0x0000015f2c8aca30 nmethod 3040 0x0000015f3772be10 code [0x0000015f3772bfa0, 0x0000015f3772c068]
Event: 8.516 Thread 0x0000015f2c8aca30 3042       3       java.util.Hashtable$Enumerator::next (27 bytes)
Event: 8.516 Thread 0x0000015f2c8aca30 nmethod 3042 0x0000015f30118a90 code [0x0000015f30118c60, 0x0000015f30118eb8]

GC Heap History (16 events):
Event: 1.686 GC heap before
{Heap before GC invocations=1 (full 0):
 PSYoungGen      total 29696K, used 25600K [0x00000000d5580000, 0x00000000d7680000, 0x0000000100000000)
  eden space 25600K, 100% used [0x00000000d5580000,0x00000000d6e80000,0x00000000d6e80000)
  from space 4096K, 0% used [0x00000000d7280000,0x00000000d7280000,0x00000000d7680000)
  to   space 4096K, 0% used [0x00000000d6e80000,0x00000000d6e80000,0x00000000d7280000)
 ParOldGen       total 68608K, used 0K [0x0000000080000000, 0x0000000084300000, 0x00000000d5580000)
  object space 68608K, 0% used [0x0000000080000000,0x0000000080000000,0x0000000084300000)
 Metaspace       used 4340K, committed 4544K, reserved 1114112K
  class space    used 474K, committed 576K, reserved 1048576K
}
Event: 1.695 GC heap after
{Heap after GC invocations=1 (full 0):
 PSYoungGen      total 29696K, used 3303K [0x00000000d5580000, 0x00000000d7680000, 0x0000000100000000)
  eden space 25600K, 0% used [0x00000000d5580000,0x00000000d5580000,0x00000000d6e80000)
  from space 4096K, 80% used [0x00000000d6e80000,0x00000000d71b9e98,0x00000000d7280000)
  to   space 4096K, 0% used [0x00000000d7280000,0x00000000d7280000,0x00000000d7680000)
 ParOldGen       total 68608K, used 16K [0x0000000080000000, 0x0000000084300000, 0x00000000d5580000)
  object space 68608K, 0% used [0x0000000080000000,0x0000000080004000,0x0000000084300000)
 Metaspace       used 4340K, committed 4544K, reserved 1114112K
  class space    used 474K, committed 576K, reserved 1048576K
}
Event: 3.383 GC heap before
{Heap before GC invocations=2 (full 0):
 PSYoungGen      total 29696K, used 28903K [0x00000000d5580000, 0x00000000d7680000, 0x0000000100000000)
  eden space 25600K, 100% used [0x00000000d5580000,0x00000000d6e80000,0x00000000d6e80000)
  from space 4096K, 80% used [0x00000000d6e80000,0x00000000d71b9e98,0x00000000d7280000)
  to   space 4096K, 0% used [0x00000000d7280000,0x00000000d7280000,0x00000000d7680000)
 ParOldGen       total 68608K, used 16K [0x0000000080000000, 0x0000000084300000, 0x00000000d5580000)
  object space 68608K, 0% used [0x0000000080000000,0x0000000080004000,0x0000000084300000)
 Metaspace       used 8208K, committed 8448K, reserved 1114112K
  class space    used 867K, committed 960K, reserved 1048576K
}
Event: 3.390 GC heap after
{Heap after GC invocations=2 (full 0):
 PSYoungGen      total 29696K, used 4070K [0x00000000d5580000, 0x00000000d7680000, 0x0000000100000000)
  eden space 25600K, 0% used [0x00000000d5580000,0x00000000d5580000,0x00000000d6e80000)
  from space 4096K, 99% used [0x00000000d7280000,0x00000000d7679800,0x00000000d7680000)
  to   space 4096K, 0% used [0x00000000d6e80000,0x00000000d6e80000,0x00000000d7280000)
 ParOldGen       total 68608K, used 1075K [0x0000000080000000, 0x0000000084300000, 0x00000000d5580000)
  object space 68608K, 1% used [0x0000000080000000,0x000000008010cce0,0x0000000084300000)
 Metaspace       used 8208K, committed 8448K, reserved 1114112K
  class space    used 867K, committed 960K, reserved 1048576K
}
Event: 4.615 GC heap before
{Heap before GC invocations=3 (full 0):
 PSYoungGen      total 29696K, used 29670K [0x00000000d5580000, 0x00000000d7680000, 0x0000000100000000)
  eden space 25600K, 100% used [0x00000000d5580000,0x00000000d6e80000,0x00000000d6e80000)
  from space 4096K, 99% used [0x00000000d7280000,0x00000000d7679800,0x00000000d7680000)
  to   space 4096K, 0% used [0x00000000d6e80000,0x00000000d6e80000,0x00000000d7280000)
 ParOldGen       total 68608K, used 1075K [0x0000000080000000, 0x0000000084300000, 0x00000000d5580000)
  object space 68608K, 1% used [0x0000000080000000,0x000000008010cce0,0x0000000084300000)
 Metaspace       used 13056K, committed 13568K, reserved 1114112K
  class space    used 1376K, committed 1600K, reserved 1048576K
}
Event: 4.621 GC heap after
{Heap after GC invocations=3 (full 0):
 PSYoungGen      total 29696K, used 4083K [0x00000000d5580000, 0x00000000d7680000, 0x0000000100000000)
  eden space 25600K, 0% used [0x00000000d5580000,0x00000000d5580000,0x00000000d6e80000)
  from space 4096K, 99% used [0x00000000d6e80000,0x00000000d727cca0,0x00000000d7280000)
  to   space 4096K, 0% used [0x00000000d7280000,0x00000000d7280000,0x00000000d7680000)
 ParOldGen       total 68608K, used 2880K [0x0000000080000000, 0x0000000084300000, 0x00000000d5580000)
  object space 68608K, 4% used [0x0000000080000000,0x00000000802d02b0,0x0000000084300000)
 Metaspace       used 13056K, committed 13568K, reserved 1114112K
  class space    used 1376K, committed 1600K, reserved 1048576K
}
Event: 7.150 GC heap before
{Heap before GC invocations=4 (full 0):
 PSYoungGen      total 29696K, used 29636K [0x00000000d5580000, 0x00000000d7680000, 0x0000000100000000)
  eden space 25600K, 99% used [0x00000000d5580000,0x00000000d6e74738,0x00000000d6e80000)
  from space 4096K, 99% used [0x00000000d6e80000,0x00000000d727cca0,0x00000000d7280000)
  to   space 4096K, 0% used [0x00000000d7280000,0x00000000d7280000,0x00000000d7680000)
 ParOldGen       total 68608K, used 2880K [0x0000000080000000, 0x0000000084300000, 0x00000000d5580000)
  object space 68608K, 4% used [0x0000000080000000,0x00000000802d02b0,0x0000000084300000)
 Metaspace       used 17073K, committed 17728K, reserved 1114112K
  class space    used 1803K, committed 2112K, reserved 1048576K
}
Event: 7.161 GC heap after
{Heap after GC invocations=4 (full 0):
 PSYoungGen      total 29696K, used 4095K [0x00000000d5580000, 0x00000000d7680000, 0x0000000100000000)
  eden space 25600K, 0% used [0x00000000d5580000,0x00000000d5580000,0x00000000d6e80000)
  from space 4096K, 99% used [0x00000000d7280000,0x00000000d767fd60,0x00000000d7680000)
  to   space 4096K, 0% used [0x00000000d6e80000,0x00000000d6e80000,0x00000000d7280000)
 ParOldGen       total 68608K, used 4628K [0x0000000080000000, 0x0000000084300000, 0x00000000d5580000)
  object space 68608K, 6% used [0x0000000080000000,0x0000000080485140,0x0000000084300000)
 Metaspace       used 17073K, committed 17728K, reserved 1114112K
  class space    used 1803K, committed 2112K, reserved 1048576K
}
Event: 7.619 GC heap before
{Heap before GC invocations=5 (full 0):
 PSYoungGen      total 29696K, used 29678K [0x00000000d5580000, 0x00000000d7680000, 0x0000000100000000)
  eden space 25600K, 99% used [0x00000000d5580000,0x00000000d6e7bb68,0x00000000d6e80000)
  from space 4096K, 99% used [0x00000000d7280000,0x00000000d767fd60,0x00000000d7680000)
  to   space 4096K, 0% used [0x00000000d6e80000,0x00000000d6e80000,0x00000000d7280000)
 ParOldGen       total 68608K, used 4628K [0x0000000080000000, 0x0000000084300000, 0x00000000d5580000)
  object space 68608K, 6% used [0x0000000080000000,0x0000000080485140,0x0000000084300000)
 Metaspace       used 20368K, committed 21056K, reserved 1114112K
  class space    used 2028K, committed 2368K, reserved 1048576K
}
Event: 7.624 GC heap after
{Heap after GC invocations=5 (full 0):
 PSYoungGen      total 29184K, used 4093K [0x00000000d5580000, 0x00000000d7800000, 0x0000000100000000)
  eden space 25088K, 0% used [0x00000000d5580000,0x00000000d5580000,0x00000000d6e00000)
  from space 4096K, 99% used [0x00000000d6e80000,0x00000000d727f440,0x00000000d7280000)
  to   space 5120K, 0% used [0x00000000d7300000,0x00000000d7300000,0x00000000d7800000)
 ParOldGen       total 68608K, used 4860K [0x0000000080000000, 0x0000000084300000, 0x00000000d5580000)
  object space 68608K, 7% used [0x0000000080000000,0x00000000804bf140,0x0000000084300000)
 Metaspace       used 20368K, committed 21056K, reserved 1114112K
  class space    used 2028K, committed 2368K, reserved 1048576K
}
Event: 7.682 GC heap before
{Heap before GC invocations=6 (full 0):
 PSYoungGen      total 29184K, used 10808K [0x00000000d5580000, 0x00000000d7800000, 0x0000000100000000)
  eden space 25088K, 26% used [0x00000000d5580000,0x00000000d5c0ec70,0x00000000d6e00000)
  from space 4096K, 99% used [0x00000000d6e80000,0x00000000d727f440,0x00000000d7280000)
  to   space 5120K, 0% used [0x00000000d7300000,0x00000000d7300000,0x00000000d7800000)
 ParOldGen       total 68608K, used 4860K [0x0000000080000000, 0x0000000084300000, 0x00000000d5580000)
  object space 68608K, 7% used [0x0000000080000000,0x00000000804bf140,0x0000000084300000)
 Metaspace       used 20903K, committed 21504K, reserved 1114112K
  class space    used 2070K, committed 2368K, reserved 1048576K
}
Event: 7.687 GC heap after
{Heap after GC invocations=6 (full 0):
 PSYoungGen      total 29696K, used 4538K [0x00000000d5580000, 0x00000000d7780000, 0x0000000100000000)
  eden space 25088K, 0% used [0x00000000d5580000,0x00000000d5580000,0x00000000d6e00000)
  from space 4608K, 98% used [0x00000000d7300000,0x00000000d776ea90,0x00000000d7780000)
  to   space 4608K, 0% used [0x00000000d6e80000,0x00000000d6e80000,0x00000000d7300000)
 ParOldGen       total 68608K, used 4860K [0x0000000080000000, 0x0000000084300000, 0x00000000d5580000)
  object space 68608K, 7% used [0x0000000080000000,0x00000000804bf140,0x0000000084300000)
 Metaspace       used 20903K, committed 21504K, reserved 1114112K
  class space    used 2070K, committed 2368K, reserved 1048576K
}
Event: 7.687 GC heap before
{Heap before GC invocations=7 (full 1):
 PSYoungGen      total 29696K, used 4538K [0x00000000d5580000, 0x00000000d7780000, 0x0000000100000000)
  eden space 25088K, 0% used [0x00000000d5580000,0x00000000d5580000,0x00000000d6e00000)
  from space 4608K, 98% used [0x00000000d7300000,0x00000000d776ea90,0x00000000d7780000)
  to   space 4608K, 0% used [0x00000000d6e80000,0x00000000d6e80000,0x00000000d7300000)
 ParOldGen       total 68608K, used 4860K [0x0000000080000000, 0x0000000084300000, 0x00000000d5580000)
  object space 68608K, 7% used [0x0000000080000000,0x00000000804bf140,0x0000000084300000)
 Metaspace       used 20903K, committed 21504K, reserved 1114112K
  class space    used 2070K, committed 2368K, reserved 1048576K
}
Event: 7.726 GC heap after
{Heap after GC invocations=7 (full 1):
 PSYoungGen      total 29696K, used 0K [0x00000000d5580000, 0x00000000d7780000, 0x0000000100000000)
  eden space 25088K, 0% used [0x00000000d5580000,0x00000000d5580000,0x00000000d6e00000)
  from space 4608K, 0% used [0x00000000d7300000,0x00000000d7300000,0x00000000d7780000)
  to   space 4608K, 0% used [0x00000000d6e80000,0x00000000d6e80000,0x00000000d7300000)
 ParOldGen       total 68608K, used 8857K [0x0000000080000000, 0x0000000084300000, 0x00000000d5580000)
  object space 68608K, 12% used [0x0000000080000000,0x00000000808a6640,0x0000000084300000)
 Metaspace       used 20891K, committed 21504K, reserved 1114112K
  class space    used 2066K, committed 2368K, reserved 1048576K
}
Event: 8.273 GC heap before
{Heap before GC invocations=8 (full 1):
 PSYoungGen      total 29696K, used 25088K [0x00000000d5580000, 0x00000000d7780000, 0x0000000100000000)
  eden space 25088K, 100% used [0x00000000d5580000,0x00000000d6e00000,0x00000000d6e00000)
  from space 4608K, 0% used [0x00000000d7300000,0x00000000d7300000,0x00000000d7780000)
  to   space 4608K, 0% used [0x00000000d6e80000,0x00000000d6e80000,0x00000000d7300000)
 ParOldGen       total 68608K, used 8857K [0x0000000080000000, 0x0000000084300000, 0x00000000d5580000)
  object space 68608K, 12% used [0x0000000080000000,0x00000000808a6640,0x0000000084300000)
 Metaspace       used 23114K, committed 23808K, reserved 1114112K
  class space    used 2243K, committed 2560K, reserved 1048576K
}
Event: 8.276 GC heap after
{Heap after GC invocations=8 (full 1):
 PSYoungGen      total 27136K, used 2408K [0x00000000d5580000, 0x00000000d7480000, 0x0000000100000000)
  eden space 24576K, 0% used [0x00000000d5580000,0x00000000d5580000,0x00000000d6d80000)
  from space 2560K, 94% used [0x00000000d6e80000,0x00000000d70da2b0,0x00000000d7100000)
  to   space 3584K, 0% used [0x00000000d7100000,0x00000000d7100000,0x00000000d7480000)
 ParOldGen       total 68608K, used 8865K [0x0000000080000000, 0x0000000084300000, 0x00000000d5580000)
  object space 68608K, 12% used [0x0000000080000000,0x00000000808a8640,0x0000000084300000)
 Metaspace       used 23114K, committed 23808K, reserved 1114112K
  class space    used 2243K, committed 2560K, reserved 1048576K
}

Dll operation events (20 events):
Event: 0.022 Attempting to load shared library c:\Users\venus\.vscode\extensions\redhat.java-1.56.0-win32-x64\jre\21.0.12.1-win32-x86_64\bin\java.dll
Event: 0.022 Loaded shared library c:\Users\venus\.vscode\extensions\redhat.java-1.56.0-win32-x64\jre\21.0.12.1-win32-x86_64\bin\java.dll
Event: 0.192 Attempting to load shared library c:\Users\venus\.vscode\extensions\redhat.java-1.56.0-win32-x64\jre\21.0.12.1-win32-x86_64\bin\zip.dll
Event: 0.194 Loaded shared library c:\Users\venus\.vscode\extensions\redhat.java-1.56.0-win32-x64\jre\21.0.12.1-win32-x86_64\bin\zip.dll
Event: 0.240 Attempting to load shared library C:\Users\venus\.vscode\extensions\redhat.java-1.56.0-win32-x64\jre\21.0.12.1-win32-x86_64\bin\instrument.dll
Event: 0.240 Loaded shared library C:\Users\venus\.vscode\extensions\redhat.java-1.56.0-win32-x64\jre\21.0.12.1-win32-x86_64\bin\instrument.dll
Event: 0.276 Attempting to load shared library C:\Users\venus\.vscode\extensions\redhat.java-1.56.0-win32-x64\jre\21.0.12.1-win32-x86_64\bin\net.dll
Event: 0.281 Loaded shared library C:\Users\venus\.vscode\extensions\redhat.java-1.56.0-win32-x64\jre\21.0.12.1-win32-x86_64\bin\net.dll
Event: 0.285 Attempting to load shared library C:\Users\venus\.vscode\extensions\redhat.java-1.56.0-win32-x64\jre\21.0.12.1-win32-x86_64\bin\nio.dll
Event: 0.289 Loaded shared library C:\Users\venus\.vscode\extensions\redhat.java-1.56.0-win32-x64\jre\21.0.12.1-win32-x86_64\bin\nio.dll
Event: 0.296 Attempting to load shared library C:\Users\venus\.vscode\extensions\redhat.java-1.56.0-win32-x64\jre\21.0.12.1-win32-x86_64\bin\zip.dll
Event: 0.296 Loaded shared library C:\Users\venus\.vscode\extensions\redhat.java-1.56.0-win32-x64\jre\21.0.12.1-win32-x86_64\bin\zip.dll
Event: 0.357 Attempting to load shared library C:\Users\venus\.vscode\extensions\redhat.java-1.56.0-win32-x64\jre\21.0.12.1-win32-x86_64\bin\jimage.dll
Event: 0.357 Loaded shared library C:\Users\venus\.vscode\extensions\redhat.java-1.56.0-win32-x64\jre\21.0.12.1-win32-x86_64\bin\jimage.dll
Event: 0.523 Attempting to load shared library c:\Users\venus\.vscode\extensions\redhat.java-1.56.0-win32-x64\jre\21.0.12.1-win32-x86_64\bin\verify.dll
Event: 0.527 Loaded shared library c:\Users\venus\.vscode\extensions\redhat.java-1.56.0-win32-x64\jre\21.0.12.1-win32-x86_64\bin\verify.dll
Event: 3.336 Attempting to load shared library C:\Users\venus\AppData\Roaming\Code\User\globalStorage\redhat.java\1.56.0\config_ss_win\org.eclipse.equinox.launcher\org.eclipse.equinox.launcher.win32.win32.x86_64_1.3.100.v20260804-1928\eclipse_11924.dll
Event: 3.345 Loaded shared library C:\Users\venus\AppData\Roaming\Code\User\globalStorage\redhat.java\1.56.0\config_ss_win\org.eclipse.equinox.launcher\org.eclipse.equinox.launcher.win32.win32.x86_64_1.3.100.v20260804-1928\eclipse_11924.dll
Event: 6.146 Attempting to load shared library C:\Users\venus\AppData\Local\Temp\jna-112093821\jna4901704343515352105.dll
Event: 6.433 Loaded shared library C:\Users\venus\AppData\Local\Temp\jna-112093821\jna4901704343515352105.dll

Deoptimization events (20 events):
Event: 8.459 Thread 0x0000015f85d7b360 DEOPT PACKING pc=0x0000015f300cd849 sp=0x0000003790df98a0
Event: 8.459 Thread 0x0000015f85d7b360 DEOPT UNPACKING pc=0x0000015f370a4242 sp=0x0000003790df8d10 mode 0
Event: 8.459 Thread 0x0000015f85d7b360 DEOPT PACKING pc=0x0000015f300cd849 sp=0x0000003790df98a0
Event: 8.459 Thread 0x0000015f85d7b360 DEOPT UNPACKING pc=0x0000015f370a4242 sp=0x0000003790df8d10 mode 0
Event: 8.459 Thread 0x0000015f85d7b360 DEOPT PACKING pc=0x0000015f300cd849 sp=0x0000003790df98a0
Event: 8.459 Thread 0x0000015f85d7b360 DEOPT UNPACKING pc=0x0000015f370a4242 sp=0x0000003790df8d10 mode 0
Event: 8.460 Thread 0x0000015f85d7b360 DEOPT PACKING pc=0x0000015f300cd849 sp=0x0000003790df98a0
Event: 8.460 Thread 0x0000015f85d7b360 DEOPT UNPACKING pc=0x0000015f370a4242 sp=0x0000003790df8d10 mode 0
Event: 8.460 Thread 0x0000015f85d7b360 DEOPT PACKING pc=0x0000015f300cd849 sp=0x0000003790df98a0
Event: 8.460 Thread 0x0000015f85d7b360 DEOPT UNPACKING pc=0x0000015f370a4242 sp=0x0000003790df8d10 mode 0
Event: 8.460 Thread 0x0000015f85d7b360 DEOPT PACKING pc=0x0000015f300cd849 sp=0x0000003790df98a0
Event: 8.460 Thread 0x0000015f85d7b360 DEOPT UNPACKING pc=0x0000015f370a4242 sp=0x0000003790df8d10 mode 0
Event: 8.460 Thread 0x0000015f85d7b360 DEOPT PACKING pc=0x0000015f300cd849 sp=0x0000003790df98a0
Event: 8.460 Thread 0x0000015f85d7b360 DEOPT UNPACKING pc=0x0000015f370a4242 sp=0x0000003790df8d10 mode 0
Event: 8.460 Thread 0x0000015f85d7b360 DEOPT PACKING pc=0x0000015f300cd849 sp=0x0000003790df98a0
Event: 8.460 Thread 0x0000015f85d7b360 DEOPT UNPACKING pc=0x0000015f370a4242 sp=0x0000003790df8d10 mode 0
Event: 8.460 Thread 0x0000015f85d7b360 DEOPT PACKING pc=0x0000015f300cd849 sp=0x0000003790df98a0
Event: 8.460 Thread 0x0000015f85d7b360 DEOPT UNPACKING pc=0x0000015f370a4242 sp=0x0000003790df8d10 mode 0
Event: 8.460 Thread 0x0000015f85d7b360 DEOPT PACKING pc=0x0000015f300cd849 sp=0x0000003790df98a0
Event: 8.460 Thread 0x0000015f85d7b360 DEOPT UNPACKING pc=0x0000015f370a4242 sp=0x0000003790df8d10 mode 0

Classes loaded (20 events):
Event: 8.425 Loading class sun/nio/fs/WindowsPath$1
Event: 8.425 Loading class sun/nio/fs/WindowsPath$1 done
Event: 8.425 Loading class sun/nio/fs/WindowsChannelFactory$2
Event: 8.425 Loading class sun/nio/fs/WindowsChannelFactory$2 done
Event: 8.426 Loading class sun/nio/ch/ChannelOutputStream
Event: 8.427 Loading class sun/nio/ch/ChannelOutputStream done
Event: 8.427 Loading class sun/nio/fs/WindowsFileCopy
Event: 8.428 Loading class sun/nio/fs/WindowsFileCopy done
Event: 8.466 Loading class java/util/UUID$Holder
Event: 8.467 Loading class java/util/UUID$Holder done
Event: 8.478 Loading class java/util/DualPivotQuicksort
Event: 8.479 Loading class java/util/DualPivotQuicksort done
Event: 8.484 Loading class java/lang/Character$UnicodeBlock
Event: 8.486 Loading class java/lang/Character$Subset
Event: 8.487 Loading class java/lang/Character$Subset done
Event: 8.487 Loading class java/lang/Character$UnicodeBlock done
Event: 8.502 Loading class java/lang/StringIndexOutOfBoundsException
Event: 8.503 Loading class java/lang/StringIndexOutOfBoundsException done
Event: 8.515 Loading class java/util/Hashtable$EntrySet
Event: 8.515 Loading class java/util/Hashtable$EntrySet done

Classes unloaded (7 events):
Event: 7.694 Thread 0x0000015f2c9bf890 Unloading class 0x0000015f4518cc00 'java/lang/invoke/LambdaForm$MH+0x0000015f4518cc00'
Event: 7.694 Thread 0x0000015f2c9bf890 Unloading class 0x0000015f4518c800 'java/lang/invoke/LambdaForm$MH+0x0000015f4518c800'
Event: 7.694 Thread 0x0000015f2c9bf890 Unloading class 0x0000015f4518c400 'java/lang/invoke/LambdaForm$MH+0x0000015f4518c400'
Event: 7.694 Thread 0x0000015f2c9bf890 Unloading class 0x0000015f4518c000 'java/lang/invoke/LambdaForm$MH+0x0000015f4518c000'
Event: 7.694 Thread 0x0000015f2c9bf890 Unloading class 0x0000015f4518bc00 'java/lang/invoke/LambdaForm$BMH+0x0000015f4518bc00'
Event: 7.694 Thread 0x0000015f2c9bf890 Unloading class 0x0000015f4518b800 'java/lang/invoke/LambdaForm$DMH+0x0000015f4518b800'
Event: 7.694 Thread 0x0000015f2c9bf890 Unloading class 0x0000015f4518a400 'java/lang/invoke/LambdaForm$DMH+0x0000015f4518a400'

Classes redefined (0 events):
No events

Internal exceptions (20 events):
Event: 6.768 Thread 0x0000015f85d7b360 Exception <a 'java/lang/NoSuchMethodError'{0x00000000d674fcf0}: 'int java.lang.invoke.DirectMethodHandle$Holder.invokeStaticInit(java.lang.Object, java.lang.Object, java.lang.Object)'> (0x00000000d674fcf0) 
thrown [s\src\hotspot\share\interpreter\linkResolver.cpp, line 773]
Event: 6.787 Thread 0x0000015f85d7b360 Exception <a 'java/lang/IncompatibleClassChangeError'{0x00000000d67dcc30}: Found class java.lang.Object, but interface was expected> (0x00000000d67dcc30) 
thrown [s\src\hotspot\share\interpreter\linkResolver.cpp, line 840]
Event: 6.796 Thread 0x0000015f85d7b360 Exception <a 'java/lang/NoSuchMethodError'{0x00000000d67eff90}: 'java.lang.Object java.lang.invoke.DirectMethodHandle$Holder.invokeSpecial(java.lang.Object, java.lang.Object, java.lang.Object, int, java.lang.Object, java.lang.Object)'> (0x00000000d67eff90) 
thrown [s\src\hotspot\share\interpreter\linkResolver.cpp, line 773]
Event: 6.796 Thread 0x0000015f85d7b360 Exception <a 'java/lang/NoSuchMethodError'{0x00000000d67f7cb8}: 'java.lang.Object java.lang.invoke.DirectMethodHandle$Holder.newInvokeSpecial(java.lang.Object, java.lang.Object, java.lang.Object, int, java.lang.Object)'> (0x00000000d67f7cb8) 
thrown [s\src\hotspot\share\interpreter\linkResolver.cpp, line 773]
Event: 6.797 Thread 0x0000015f85d7b360 Exception <a 'java/lang/NoSuchMethodError'{0x00000000d67fbc38}: 'java.lang.Object java.lang.invoke.DirectMethodHandle$Holder.invokeSpecial(java.lang.Object, java.lang.Object, java.lang.Object, java.lang.Object, int, java.lang.Object)'> (0x00000000d67fbc38) 
thrown [s\src\hotspot\share\interpreter\linkResolver.cpp, line 773]
Event: 6.797 Thread 0x0000015f85d7b360 Exception <a 'java/lang/NoSuchMethodError'{0x00000000d67ff778}: 'java.lang.Object java.lang.invoke.Invokers$Holder.linkToTargetMethod(java.lang.Object, java.lang.Object, int, java.lang.Object, java.lang.Object)'> (0x00000000d67ff778) 
thrown [s\src\hotspot\share\interpreter\linkResolver.cpp, line 773]
Event: 6.797 Thread 0x0000015f8a132ba0 Exception <a 'java/lang/NoSuchMethodError'{0x00000000d6727178}: 'java.lang.Object java.lang.invoke.DirectMethodHandle$Holder.invokeSpecial(java.lang.Object, java.lang.Object, int, java.lang.Object, java.lang.Object)'> (0x00000000d6727178) 
thrown [s\src\hotspot\share\interpreter\linkResolver.cpp, line 773]
Event: 6.798 Thread 0x0000015f8a132ba0 Exception <a 'java/lang/NoSuchMethodError'{0x00000000d672deb0}: 'java.lang.Object java.lang.invoke.DirectMethodHandle$Holder.newInvokeSpecial(java.lang.Object, java.lang.Object, int, java.lang.Object)'> (0x00000000d672deb0) 
thrown [s\src\hotspot\share\interpreter\linkResolver.cpp, line 773]
Event: 6.798 Thread 0x0000015f8a132ba0 Exception <a 'java/lang/NoSuchMethodError'{0x00000000d6731790}: 'java.lang.Object java.lang.invoke.DirectMethodHandle$Holder.invokeSpecial(java.lang.Object, java.lang.Object, java.lang.Object, int, java.lang.Object)'> (0x00000000d6731790) 
thrown [s\src\hotspot\share\interpreter\linkResolver.cpp, line 773]
Event: 6.875 Thread 0x0000015f85d7b360 Exception <a 'java/lang/NoSuchMethodError'{0x00000000d691ec28}: 'void java.lang.invoke.DirectMethodHandle$Holder.invokeSpecial(java.lang.Object, java.lang.Object, java.lang.Object, java.lang.Object, java.lang.Object)'> (0x00000000d691ec28) 
thrown [s\src\hotspot\share\interpreter\linkResolver.cpp, line 773]
Event: 7.018 Thread 0x0000015f85d7b360 Exception <a 'java/lang/NoSuchMethodError'{0x00000000d6b37368}: 'double java.lang.invoke.DirectMethodHandle$Holder.invokeStatic(java.lang.Object, java.lang.Object)'> (0x00000000d6b37368) 
thrown [s\src\hotspot\share\interpreter\linkResolver.cpp, line 773]
Event: 7.019 Thread 0x0000015f85d7b360 Exception <a 'java/lang/NoSuchMethodError'{0x00000000d6b3aa28}: 'double java.lang.invoke.DirectMethodHandle$Holder.invokeStaticInit(java.lang.Object, java.lang.Object)'> (0x00000000d6b3aa28) 
thrown [s\src\hotspot\share\interpreter\linkResolver.cpp, line 773]
Event: 7.632 Thread 0x0000015f85d7b360 Implicit null exception at 0x0000015f377169f5 to 0x0000015f37716ad0
Event: 7.892 Thread 0x0000015f85d7b360 Exception <a 'java/io/FileNotFoundException'{0x00000000d6431120}> (0x00000000d6431120) 
thrown [s\src\hotspot\share\prims\jni.cpp, line 520]
Event: 7.893 Thread 0x0000015f85d7b360 Exception <a 'java/io/FileNotFoundException'{0x00000000d6432158}> (0x00000000d6432158) 
thrown [s\src\hotspot\share\prims\jni.cpp, line 520]
Event: 8.216 Thread 0x0000015f85d7b360 Exception <a 'java/lang/ClassNotFoundException'{0x00000000d6c884e8}: com/sun/org/apache/xerces/internal/impl/msg/spi/DOMMessagesProvider> (0x00000000d6c884e8) 
thrown [s\src\hotspot\share\classfile\systemDictionary.cpp, line 313]
Event: 8.221 Thread 0x0000015f85d7b360 Exception <a 'java/lang/ClassNotFoundException'{0x00000000d6cb6838}: com/sun/org/apache/xerces/internal/impl/msg/spi/XMLSerializerMessagesProvider> (0x00000000d6cb6838) 
thrown [s\src\hotspot\share\classfile\systemDictionary.cpp, line 313]
Event: 8.223 Thread 0x0000015f85d7b360 Exception <a 'java/lang/ClassNotFoundException'{0x00000000d6ccebb8}: com/sun/org/apache/xerces/internal/impl/msg/spi/XMLMessagesProvider> (0x00000000d6ccebb8) 
thrown [s\src\hotspot\share\classfile\systemDictionary.cpp, line 313]
Event: 8.315 Thread 0x0000015f85d7b360 Exception <a 'java/lang/NoSuchMethodError'{0x00000000d571a990}: 'java.lang.Object java.lang.invoke.DirectMethodHandle$Holder.newInvokeSpecial(java.lang.Object, int, java.lang.Object, java.lang.Object)'> (0x00000000d571a990) 
thrown [s\src\hotspot\share\interpreter\linkResolver.cpp, line 773]
Event: 8.397 Thread 0x0000015f85d7b360 Exception <a 'sun/nio/fs/WindowsException'{0x00000000d59042d8}> (0x00000000d59042d8) 
thrown [s\src\hotspot\share\prims\jni.cpp, line 520]

ZGC Phase Switch (0 events):
No events

VM Operations (20 events):
Event: 4.893 Executing non-safepoint VM operation: HandshakeAllThreads (Deoptimize)
Event: 4.893 Executing non-safepoint VM operation: HandshakeAllThreads (Deoptimize) done
Event: 4.924 Executing non-safepoint VM operation: HandshakeAllThreads (Deoptimize)
Event: 4.925 Executing non-safepoint VM operation: HandshakeAllThreads (Deoptimize) done
Event: 5.932 Executing safepoint VM operation: Cleanup
Event: 5.932 Executing safepoint VM operation: Cleanup done
Event: 6.452 Executing non-safepoint VM operation: HandshakeAllThreads (Deoptimize)
Event: 6.452 Executing non-safepoint VM operation: HandshakeAllThreads (Deoptimize) done
Event: 7.149 Executing safepoint VM operation: ParallelGCFailedAllocation (Allocation Failure)
Event: 7.161 Executing safepoint VM operation: ParallelGCFailedAllocation (Allocation Failure) done
Event: 7.619 Executing safepoint VM operation: ParallelGCFailedAllocation (Allocation Failure)
Event: 7.624 Executing safepoint VM operation: ParallelGCFailedAllocation (Allocation Failure) done
Event: 7.682 Executing safepoint VM operation: CollectForMetadataAllocation (Metadata GC Threshold)
Event: 7.726 Executing safepoint VM operation: CollectForMetadataAllocation (Metadata GC Threshold) done
Event: 8.267 Executing safepoint VM operation: ParallelGCFailedAllocation (Allocation Failure)
Event: 8.277 Executing safepoint VM operation: ParallelGCFailedAllocation (Allocation Failure) done
Event: 8.378 Executing non-safepoint VM operation: HandshakeAllThreads (Deoptimize)
Event: 8.378 Executing non-safepoint VM operation: HandshakeAllThreads (Deoptimize) done
Event: 8.462 Executing non-safepoint VM operation: HandshakeAllThreads (Deoptimize)
Event: 8.462 Executing non-safepoint VM operation: HandshakeAllThreads (Deoptimize) done

Memory protections (0 events):
No events

Nmethod flushes (0 events):
No events

Events (20 events):
Event: 0.121 Thread 0x0000015f2c91e270 Thread added: 0x0000015f2c9dab00
Event: 0.121 Thread 0x0000015f2c91e270 Thread added: 0x0000015f2c9dd040
Event: 0.122 Thread 0x0000015f2c91e270 Thread added: 0x0000015f2c896a90
Event: 0.122 Thread 0x0000015f2c91e270 Thread added: 0x0000015f2c897790
Event: 0.122 Thread 0x0000015f2c91e270 Thread added: 0x0000015f2c89e490
Event: 0.122 Thread 0x0000015f2c91e270 Thread added: 0x0000015f2c8a4c40
Event: 0.123 Thread 0x0000015f2c91e270 Thread added: 0x0000015f2c8aaf20
Event: 0.123 Thread 0x0000015f2c91e270 Thread added: 0x0000015f2c8aca30
Event: 0.271 Thread 0x0000015f2c91e270 Thread added: 0x0000015f85d7c080
Event: 0.820 Thread 0x0000015f2c91e270 Thread added: 0x0000015f85d79920
Event: 2.593 Thread 0x0000015f2c91e270 Thread added: 0x0000015f85d79fb0
Event: 3.308 Thread 0x0000015f2c91e270 Thread added: 0x0000015f85d7b9f0
Event: 3.319 Thread 0x0000015f2c91e270 Thread added: 0x0000015f85d7b360
Event: 3.414 Thread 0x0000015f85d7b360 Thread added: 0x0000015f85d79290
Event: 4.274 Thread 0x0000015f85d7b360 Thread added: 0x0000015f85d7a640
Event: 6.505 Thread 0x0000015f85d7b360 Thread added: 0x0000015f8a1345e0
Event: 6.750 Thread 0x0000015f85d7b360 Thread added: 0x0000015f8a132ba0
Event: 6.800 Thread 0x0000015f85d7b360 Thread added: 0x0000015f8a133230
Event: 8.266 Thread 0x0000015f85d7b360 Thread added: 0x0000015f8a132510
Event: 8.436 Thread 0x0000015f8a132510 Thread exited: 0x0000015f8a132510


Dynamic libraries:
0x00007ff795060000 - 0x00007ff79506e000 	c:\Users\venus\.vscode\extensions\redhat.java-1.56.0-win32-x64\jre\21.0.12.1-win32-x86_64\bin\java.exe
0x00007ffa97260000 - 0x00007ffa974c7000 	C:\Windows\SYSTEM32\ntdll.dll
0x00007ffa964a0000 - 0x00007ffa9656b000 	C:\Windows\System32\KERNEL32.DLL
0x00007ffa94680000 - 0x00007ffa94a82000 	C:\Windows\System32\KERNELBASE.dll
0x00007ffa94b70000 - 0x00007ffa94cbc000 	C:\Windows\System32\ucrtbase.dll
0x00007ffa816a0000 - 0x00007ffa816b8000 	c:\Users\venus\.vscode\extensions\redhat.java-1.56.0-win32-x64\jre\21.0.12.1-win32-x86_64\bin\jli.dll
0x00007ffa96b90000 - 0x00007ffa96d5f000 	C:\Windows\System32\USER32.dll
0x00007ffa94a90000 - 0x00007ffa94ab7000 	C:\Windows\System32\win32u.dll
0x00007ffa96b60000 - 0x00007ffa96b8b000 	C:\Windows\System32\GDI32.dll
0x00007ffa94cd0000 - 0x00007ffa94df9000 	C:\Windows\System32\gdi32full.dll
0x00007ffa94ac0000 - 0x00007ffa94b63000 	C:\Windows\System32\msvcp_win.dll
0x00007ffa81a00000 - 0x00007ffa81a1e000 	c:\Users\venus\.vscode\extensions\redhat.java-1.56.0-win32-x64\jre\21.0.12.1-win32-x86_64\bin\VCRUNTIME140.dll
0x00007ffa6a430000 - 0x00007ffa6a6c0000 	C:\Windows\WinSxS\amd64_microsoft.windows.common-controls_6595b64144ccf1df_6.0.26100.9278_none_3e0d1ba8e3303201\COMCTL32.dll
0x00007ffa96850000 - 0x00007ffa968f9000 	C:\Windows\System32\msvcrt.dll
0x00007ffa96a20000 - 0x00007ffa96a51000 	C:\Windows\System32\IMM32.DLL
0x00007ffa8be30000 - 0x00007ffa8be3c000 	c:\Users\venus\.vscode\extensions\redhat.java-1.56.0-win32-x64\jre\21.0.12.1-win32-x86_64\bin\vcruntime140_1.dll
0x00007ffa7fb20000 - 0x00007ffa7fbad000 	c:\Users\venus\.vscode\extensions\redhat.java-1.56.0-win32-x64\jre\21.0.12.1-win32-x86_64\bin\msvcp140.dll
0x00007ff9ead20000 - 0x00007ff9ebac2000 	c:\Users\venus\.vscode\extensions\redhat.java-1.56.0-win32-x64\jre\21.0.12.1-win32-x86_64\bin\server\jvm.dll
0x00007ffa96660000 - 0x00007ffa9671c000 	C:\Windows\System32\ADVAPI32.dll
0x00007ffa95480000 - 0x00007ffa95529000 	C:\Windows\System32\sechost.dll
0x00007ffa96900000 - 0x00007ffa96a18000 	C:\Windows\System32\RPCRT4.dll
0x00007ffa967c0000 - 0x00007ffa96840000 	C:\Windows\System32\WS2_32.dll
0x00007ffa942c0000 - 0x00007ffa9431e000 	C:\Windows\SYSTEM32\POWRPROF.dll
0x00007ffa89760000 - 0x00007ffa89796000 	C:\Windows\SYSTEM32\WINMM.dll
0x00007ffa6dd40000 - 0x00007ffa6dd4b000 	C:\Windows\SYSTEM32\VERSION.dll
0x00007ffa942a0000 - 0x00007ffa942b5000 	C:\Windows\SYSTEM32\UMPDC.dll
0x00007ffa93130000 - 0x00007ffa9314b000 	C:\Windows\SYSTEM32\kernel.appcore.dll
0x00007ffa81690000 - 0x00007ffa8169a000 	c:\Users\venus\.vscode\extensions\redhat.java-1.56.0-win32-x64\jre\21.0.12.1-win32-x86_64\bin\jimage.dll
0x00007ffa91920000 - 0x00007ffa91b6c000 	C:\Windows\SYSTEM32\DBGHELP.DLL
0x00007ffa96e30000 - 0x00007ffa971b5000 	C:\Windows\System32\combase.dll
0x00007ffa96570000 - 0x00007ffa96649000 	C:\Windows\System32\OLEAUT32.dll
0x00007ffa67f50000 - 0x00007ffa67f8b000 	C:\Windows\SYSTEM32\dbgcore.DLL
0x00007ffa94e00000 - 0x00007ffa94eac000 	C:\Windows\System32\bcryptPrimitives.dll
0x00007ffa81680000 - 0x00007ffa8168f000 	c:\Users\venus\.vscode\extensions\redhat.java-1.56.0-win32-x64\jre\21.0.12.1-win32-x86_64\bin\instrument.dll
0x00007ffa81660000 - 0x00007ffa81680000 	c:\Users\venus\.vscode\extensions\redhat.java-1.56.0-win32-x64\jre\21.0.12.1-win32-x86_64\bin\java.dll
0x00007ffa95ba0000 - 0x00007ffa96338000 	C:\Windows\System32\SHELL32.dll
0x00007ffa91ee0000 - 0x00007ffa9278e000 	C:\Windows\SYSTEM32\windows.storage.dll
0x00007ffa96370000 - 0x00007ffa9646b000 	C:\Windows\System32\SHCORE.dll
0x00007ffa95410000 - 0x00007ffa95476000 	C:\Windows\System32\shlwapi.dll
0x00007ffa94380000 - 0x00007ffa943a9000 	C:\Windows\SYSTEM32\profapi.dll
0x00007ffa81640000 - 0x00007ffa81658000 	c:\Users\venus\.vscode\extensions\redhat.java-1.56.0-win32-x64\jre\21.0.12.1-win32-x86_64\bin\zip.dll
0x00007ffa81630000 - 0x00007ffa81640000 	C:\Users\venus\.vscode\extensions\redhat.java-1.56.0-win32-x64\jre\21.0.12.1-win32-x86_64\bin\net.dll
0x00007ffa83840000 - 0x00007ffa8396a000 	C:\Windows\SYSTEM32\WINHTTP.dll
0x00007ffa936f0000 - 0x00007ffa9375c000 	C:\Windows\system32\mswsock.dll
0x00007ffa81190000 - 0x00007ffa811a6000 	C:\Users\venus\.vscode\extensions\redhat.java-1.56.0-win32-x64\jre\21.0.12.1-win32-x86_64\bin\nio.dll
0x00007ffa815e0000 - 0x00007ffa815f0000 	c:\Users\venus\.vscode\extensions\redhat.java-1.56.0-win32-x64\jre\21.0.12.1-win32-x86_64\bin\verify.dll
0x00007ffa5b270000 - 0x00007ffa5b2b5000 	C:\Users\venus\AppData\Roaming\Code\User\globalStorage\redhat.java\1.56.0\config_ss_win\org.eclipse.equinox.launcher\org.eclipse.equinox.launcher.win32.win32.x86_64_1.3.100.v20260804-1928\eclipse_11924.dll
0x00007ffa95a00000 - 0x00007ffa95b9a000 	C:\Windows\System32\ole32.dll
0x00007ffa939e0000 - 0x00007ffa939fb000 	C:\Windows\SYSTEM32\CRYPTSP.dll
0x00007ffa93090000 - 0x00007ffa930c9000 	C:\Windows\system32\rsaenh.dll
0x00007ffa937a0000 - 0x00007ffa937d4000 	C:\Windows\SYSTEM32\USERENV.dll
0x00007ffa94350000 - 0x00007ffa9437a000 	C:\Windows\SYSTEM32\bcrypt.dll
0x00007ffa93a00000 - 0x00007ffa93a0c000 	C:\Windows\SYSTEM32\CRYPTBASE.dll
0x00007ffa92bb0000 - 0x00007ffa92be3000 	C:\Windows\SYSTEM32\IPHLPAPI.DLL
0x00007ffa96360000 - 0x00007ffa9636a000 	C:\Windows\System32\NSI.dll
0x00007ffa5a540000 - 0x00007ffa5a589000 	C:\Users\venus\AppData\Local\Temp\jna-112093821\jna4901704343515352105.dll
0x00007ffa96650000 - 0x00007ffa96658000 	C:\Windows\System32\PSAPI.DLL

JVMTI agents:
c:\Users\venus\.vscode\extensions\redhat.java-1.56.0-win32-x64\lombok\lombok-1.18.39-4050.jar path:c:\Users\venus\.vscode\extensions\redhat.java-1.56.0-win32-x64\jre\21.0.12.1-win32-x86_64\bin\instrument.dll, loaded, initialized, instrumentlib options:none

dbghelp: loaded successfully - version: 4.0.5 - missing functions: none
symbol engine: initialized successfully - sym options: 0x614 - pdb path: .;c:\Users\venus\.vscode\extensions\redhat.java-1.56.0-win32-x64\jre\21.0.12.1-win32-x86_64\bin;C:\Windows\SYSTEM32;C:\Windows\WinSxS\amd64_microsoft.windows.common-controls_6595b64144ccf1df_6.0.26100.9278_none_3e0d1ba8e3303201;c:\Users\venus\.vscode\extensions\redhat.java-1.56.0-win32-x64\jre\21.0.12.1-win32-x86_64\bin\server;C:\Users\venus\AppData\Roaming\Code\User\globalStorage\redhat.java\1.56.0\config_ss_win\org.eclipse.equinox.launcher\org.eclipse.equinox.launcher.win32.win32.x86_64_1.3.100.v20260804-1928;C:\Users\venus\AppData\Local\Temp\jna-112093821

VM Arguments:
jvm_args: --add-modules=ALL-SYSTEM --add-opens=java.base/java.util=ALL-UNNAMED --add-opens=java.base/java.lang=ALL-UNNAMED --add-opens=java.base/sun.nio.fs=ALL-UNNAMED -Declipse.application=org.eclipse.jdt.ls.core.id1 -Dosgi.bundles.defaultStartLevel=4 -Declipse.product=org.eclipse.jdt.ls.core.product -Djava.import.generatesMetadataFilesAtProjectRoot=false -Dm2e.project.cache.size=50 -DDetectVMInstallationsJob.disabled=true -Dfile.encoding=utf8 -XX:+UseParallelGC -XX:GCTimeRatio=4 -XX:AdaptiveSizePolicyWeight=90 -Dsun.zip.disableMemoryMapping=true -Xmx2G -Xms100m -Xlog:disable -javaagent:c:\Users\venus\.vscode\extensions\redhat.java-1.56.0-win32-x64\lombok\lombok-1.18.39-4050.jar 
java_command: c:\Users\venus\.vscode\extensions\redhat.java-1.56.0-win32-x64\server\plugins\org.eclipse.equinox.launcher_1.8.0.v20260804-1928.jar -configuration c:\Users\venus\AppData\Roaming\Code\User\globalStorage\redhat.java\1.56.0\config_ss_win -data c:\Users\venus\AppData\Roaming\Code\User\workspaceStorage\a1c2109327cffd564bb637cc0b682864\redhat.java\ss_ws --pipe=\\.\pipe\lsp-598e022d2ea8680013703ed3912b6077-sock
java_class_path (initial): c:\Users\venus\.vscode\extensions\redhat.java-1.56.0-win32-x64\server\plugins\org.eclipse.equinox.launcher_1.8.0.v20260804-1928.jar
Launcher Type: SUN_STANDARD

[Global flags]
    uintx AdaptiveSizePolicyWeight                 = 90                                        {product} {command line}
     intx CICompilerCount                          = 4                                         {product} {ergonomic}
    uintx GCTimeRatio                              = 4                                         {product} {command line}
   size_t InitialHeapSize                          = 104857600                                 {product} {command line}
   size_t MaxHeapSize                              = 2147483648                                {product} {command line}
   size_t MaxNewSize                               = 715653120                                 {product} {ergonomic}
   size_t MinHeapDeltaBytes                        = 524288                                    {product} {ergonomic}
   size_t MinHeapSize                              = 104857600                                 {product} {command line}
   size_t NewSize                                  = 34603008                                  {product} {ergonomic}
    uintx NonNMethodCodeHeapSize                   = 5839372                                {pd product} {ergonomic}
    uintx NonProfiledCodeHeapSize                  = 122909434                              {pd product} {ergonomic}
   size_t OldSize                                  = 70254592                                  {product} {ergonomic}
    uintx ProfiledCodeHeapSize                     = 122909434                              {pd product} {ergonomic}
    uintx ReservedCodeCacheSize                    = 251658240                              {pd product} {ergonomic}
     bool SegmentedCodeCache                       = true                                      {product} {ergonomic}
   size_t SoftMaxHeapSize                          = 2147483648                             {manageable} {ergonomic}
     bool UseCompressedOops                        = true                           {product lp64_product} {ergonomic}
     bool UseLargePagesIndividualAllocation        = false                                  {pd product} {ergonomic}
     bool UseParallelGC                            = true                                      {product} {command line}

Logging:
Log output configuration:
 #0: stdout all=off uptime,level,tags foldmultilines=false
 #1: stderr all=off uptime,level,tags foldmultilines=false

Release file:
JAVA_VERSION="21.0.12.1" 
MODULES="java.base java.compiler java.datatransfer java.xml java.prefs java.desktop java.instrument java.logging java.management java.security.sasl java.naming java.rmi java.management.rmi java.net.http java.scripting java.security.jgss java.transaction.xa java.sql java.sql.rowset java.xml.crypto java.se java.smartcardio jdk.accessibility jdk.internal.jvmstat jdk.attach jdk.charsets jdk.internal.opt jdk.zipfs jdk.compiler jdk.crypto.ec jdk.crypto.cryptoki jdk.crypto.mscapi jdk.dynalink jdk.internal.ed jdk.editpad jdk.hotspot.agent jdk.httpserver jdk.internal.le jdk.internal.vm.ci jdk.internal.vm.compiler jdk.internal.vm.compiler.management jdk.jartool jdk.javadoc jdk.jcmd jdk.management jdk.management.agent jdk.jconsole jdk.jdeps jdk.jdwp.agent jdk.jdi jdk.jfr jdk.jshell jdk.jsobject jdk.jstatd jdk.localedata jdk.management.jfr jdk.naming.dns jdk.naming.rmi jdk.net jdk.nio.mapmode jdk.random jdk.sctp jdk.security.auth jdk.security.jgss jdk.unsupported jdk.unsupported.desktop jdk.xml.dom" 

Environment Variables:
JAVA_HOME=C:\Program Files\Eclipse Adoptium\jdk-25.0.4.101-hotspot\
PATH=C:\Program Files\Microsoft MPI\Bin\;C:\Program Files\Eclipse Adoptium\jdk-25.0.4.101-hotspot\bin;C:\Windows\system32;C:\Windows;C:\Windows\System32\Wbem;C:\Windows\System32\WindowsPowerShell\v1.0\;C:\Windows\System32\OpenSSH\;C:\ProgramData\UNIVALI\Portugol Studio;C:\Program Files\PowerShell\7-preview\preview;C:\Program Files\Git\cmd;C:\Program Files\Microsoft SQL Server\Client SDK\ODBC\170\Tools\Binn\;C:\Program Files (x86)\Microsoft SQL Server\150\Tools\Binn\;C:\Program Files\Microsoft SQL Server\150\Tools\Binn\;C:\Program Files\Microsoft SQL Server\150\DTS\Binn\;C:\Users\venus\AppData\Local\Microsoft\WindowsApps;C:\Users\venus\AppData\Local\Programs\Microsoft VS Code\bin;C:\Users\venus\AppData\Local\GitHubDesktop\bin
USERNAME=venus
OS=Windows_NT
PROCESSOR_IDENTIFIER=Intel64 Family 6 Model 154 Stepping 4, GenuineIntel
TMP=C:\Users\venus\AppData\Local\Temp
TEMP=C:\Users\venus\AppData\Local\Temp




Periodic native trim disabled

---------------  S Y S T E M  ---------------

OS:
 Windows 11 , 64 bit Build 26100 (10.0.26100.9444)
OS uptime: 1 days 0:28 hours

CPU: total 8 (initial active 8) (4 cores per cpu, 2 threads per core) family 6 model 154 stepping 4 microcode 0x43b, cx8, cmov, fxsr, ht, mmx, 3dnowpref, sse, sse2, sse3, ssse3, sse4.1, sse4.2, popcnt, lzcnt, tsc, tscinvbit, avx, avx2, aes, erms, clmul, bmi1, bmi2, adx, sha, fma, vzeroupper, clflush, clflushopt, clwb, serialize, rdtscp, rdpid, fsrm, f16c, pku, cet_ibt, cet_ss
Processor Information for processor 0
  Max Mhz: 1200, Current Mhz: 1200, Mhz Limit: 1200
Processor Information for processor 1
  Max Mhz: 1200, Current Mhz: 1200, Mhz Limit: 1200
Processor Information for processor 2
  Max Mhz: 1200, Current Mhz: 1200, Mhz Limit: 1200
Processor Information for processor 3
  Max Mhz: 1200, Current Mhz: 1200, Mhz Limit: 1200
Processor Information for processor 4
  Max Mhz: 900, Current Mhz: 900, Mhz Limit: 900
Processor Information for processor 5
  Max Mhz: 900, Current Mhz: 900, Mhz Limit: 900
Processor Information for processor 6
  Max Mhz: 900, Current Mhz: 900, Mhz Limit: 900
Processor Information for processor 7
  Max Mhz: 900, Current Mhz: 900, Mhz Limit: 900

Memory: 4k page, system-wide physical 3820M (111M free)
TotalPageFile size 12012M (AvailPageFile size 0M)
current process WorkingSet (physical memory assigned to process): 134M, peak: 138M
current process commit charge ("private bytes"): 282M, peak: 286M

vm_info: OpenJDK 64-Bit Server VM (21.0.12.1+1-LTS) for windows-amd64 JRE (21.0.12.1+1-LTS), built on 2026-08-18T00:00:00Z by "admin" with MS VC++ 17.12 (VS2022)

END.
