#
# There is insufficient memory for the Java Runtime Environment to continue.
# Native memory allocation (malloc) failed to allocate 1239584 bytes. Error detail: Chunk::new
# Possible reasons:
#   The system is out of physical RAM or swap space
#   This process is running with CompressedOops enabled, and the Java Heap may be blocking the growth of the native heap
# Possible solutions:
#   Reduce memory load on the system
#   Increase physical memory or swap space
#   Check if swap backing store is full
#   Decrease Java heap size (-Xmx/-Xms)
#   Decrease number of Java threads
#   Decrease Java thread stack sizes (-Xss)
#   Set larger code cache with -XX:ReservedCodeCacheSize=
#   JVM is running with Unscaled Compressed Oops mode in which the Java heap is
#     placed in the first 4GB address space. The Java Heap base address is the
#     maximum limit for the native heap growth. Please use -XX:HeapBaseMinAddress
#     to set the Java Heap base and to place the Java Heap above 4GB virtual address.
# This output file may be truncated or incomplete.
#
#  Out of Memory Error (arena.cpp:168), pid=3288, tid=16760
#
# JRE version: OpenJDK Runtime Environment Temurin-21.0.12.1+1 (21.0.12.1+1) (build 21.0.12.1+1-LTS)
# Java VM: OpenJDK 64-Bit Server VM Temurin-21.0.12.1+1 (21.0.12.1+1-LTS, mixed mode, sharing, tiered, compressed oops, compressed class ptrs, parallel gc, windows-amd64)
# No core dump will be written. Minidumps are not enabled by default on client versions of Windows
#

---------------  S U M M A R Y ------------

Command Line: --add-modules=ALL-SYSTEM --add-opens=java.base/java.util=ALL-UNNAMED --add-opens=java.base/java.lang=ALL-UNNAMED --add-opens=java.base/sun.nio.fs=ALL-UNNAMED -Declipse.application=org.eclipse.jdt.ls.core.id1 -Dosgi.bundles.defaultStartLevel=4 -Declipse.product=org.eclipse.jdt.ls.core.product -Djava.import.generatesMetadataFilesAtProjectRoot=false -Dm2e.project.cache.size=50 -DDetectVMInstallationsJob.disabled=true -Dfile.encoding=utf8 -XX:+UseParallelGC -XX:GCTimeRatio=4 -XX:AdaptiveSizePolicyWeight=90 -Dsun.zip.disableMemoryMapping=true -Xmx2G -Xms100m -Xlog:disable -javaagent:c:\Users\venus\.vscode\extensions\redhat.java-1.56.0-win32-x64\lombok\lombok-1.18.39-4050.jar c:\Users\venus\.vscode\extensions\redhat.java-1.56.0-win32-x64\server\plugins\org.eclipse.equinox.launcher_1.8.0.v20260804-1928.jar -configuration c:\Users\venus\AppData\Roaming\Code\User\globalStorage\redhat.java\1.56.0\config_ss_win -data c:\Users\venus\AppData\Roaming\Code\User\workspaceStorage\a1c2109327cffd564bb637cc0b682864\redhat.java\ss_ws --pipe=\\.\pipe\lsp-757187d7c89623f7e5154917b038afc2-sock

Host: 12th Gen Intel(R) Core(TM) i3-1215U, 8 cores, 3G,  Windows 11 , 64 bit Build 26100 (10.0.26100.9444)
Time: Fri Oct  2 20:34:53 2026 Hora oficial do Brasil elapsed time: 3.755811 seconds (0d 0h 0m 3s)

---------------  T H R E A D  ---------------

Current thread (0x000001d4fd657470):  JavaThread "C2 CompilerThread0" daemon [_thread_in_native, id=16760, stack(0x000000a3e2f00000,0x000000a3e3000000) (1024K)]


Current CompileTask:
C2:3755 2591       4       java.lang.invoke.MethodType::makeImpl (109 bytes)

Stack: [0x000000a3e2f00000,0x000000a3e3000000]
Native frames: (J=compiled Java code, j=interpreted, Vv=VM code, C=native code)
V  [jvm.dll+0x6d83e9]
V  [jvm.dll+0x8b5736]
V  [jvm.dll+0x8b7cee]
V  [jvm.dll+0x8b83d3]
V  [jvm.dll+0x284596]
V  [jvm.dll+0xc685d]
V  [jvm.dll+0xc6da1]
V  [jvm.dll+0x3bf18b]
V  [jvm.dll+0x1e4149]
V  [jvm.dll+0x24c853]
V  [jvm.dll+0x24bce0]
V  [jvm.dll+0x1cb4ae]
V  [jvm.dll+0x25baad]
V  [jvm.dll+0x25a03a]
V  [jvm.dll+0x3f8aae]
V  [jvm.dll+0x8600cd]
V  [jvm.dll+0x6d6c1d]
C  [ucrtbase.dll+0x2cd30]
C  [KERNEL32.DLL+0x2cd87]
C  [ntdll.dll+0xacaec]


---------------  P R O C E S S  ---------------

Threads class SMR info:
_java_thread_list=0x000001d4d41938d0, length=19, elements={
0x000001d4f3a0a2c0, 0x000001d4f3d4cd30, 0x000001d4f3d4dc50, 0x000001d4fd649cd0,
0x000001d4fd64a9d0, 0x000001d4fd650a40, 0x000001d4fd651540, 0x000001d4fd657470,
0x000001d4fd667cf0, 0x000001d4ff1f4b30, 0x000001d4ff366c00, 0x000001d4ffc3dfc0,
0x000001d4ff99e2d0, 0x000001d4ff99ed40, 0x000001d4ff787ec0, 0x000001d4ffc05690,
0x000001d4d41d2860, 0x000001d4d41c2330, 0x000001d4d4195070
}

Java Threads: ( => current thread )
  0x000001d4f3a0a2c0 JavaThread "main"                              [_thread_blocked, id=4456, stack(0x000000a3e2500000,0x000000a3e2600000) (1024K)]
  0x000001d4f3d4cd30 JavaThread "Reference Handler"          daemon [_thread_blocked, id=10096, stack(0x000000a3e2900000,0x000000a3e2a00000) (1024K)]
  0x000001d4f3d4dc50 JavaThread "Finalizer"                  daemon [_thread_blocked, id=15008, stack(0x000000a3e2a00000,0x000000a3e2b00000) (1024K)]
  0x000001d4fd649cd0 JavaThread "Signal Dispatcher"          daemon [_thread_blocked, id=564, stack(0x000000a3e2b00000,0x000000a3e2c00000) (1024K)]
  0x000001d4fd64a9d0 JavaThread "Attach Listener"            daemon [_thread_blocked, id=16856, stack(0x000000a3e2c00000,0x000000a3e2d00000) (1024K)]
  0x000001d4fd650a40 JavaThread "Service Thread"             daemon [_thread_blocked, id=10492, stack(0x000000a3e2d00000,0x000000a3e2e00000) (1024K)]
  0x000001d4fd651540 JavaThread "Monitor Deflation Thread"   daemon [_thread_blocked, id=18204, stack(0x000000a3e2e00000,0x000000a3e2f00000) (1024K)]
=>0x000001d4fd657470 JavaThread "C2 CompilerThread0"         daemon [_thread_in_native, id=16760, stack(0x000000a3e2f00000,0x000000a3e3000000) (1024K)]
  0x000001d4fd667cf0 JavaThread "C1 CompilerThread0"         daemon [_thread_blocked, id=17456, stack(0x000000a3e3000000,0x000000a3e3100000) (1024K)]
  0x000001d4ff1f4b30 JavaThread "Common-Cleaner"             daemon [_thread_blocked, id=9744, stack(0x000000a3e3100000,0x000000a3e3200000) (1024K)]
  0x000001d4ff366c00 JavaThread "Notification Thread"        daemon [_thread_blocked, id=12236, stack(0x000000a3e3200000,0x000000a3e3300000) (1024K)]
  0x000001d4ffc3dfc0 JavaThread "Active Thread: Equinox Container: 1b5c79fe-f0ab-4391-9888-4ce22d7347cb"        [_thread_blocked, id=17672, stack(0x000000a3e3900000,0x000000a3e3a00000) (1024K)]
  0x000001d4ff99e2d0 JavaThread "Framework Event Dispatcher: Equinox Container: 1b5c79fe-f0ab-4391-9888-4ce22d7347cb" daemon [_thread_blocked, id=2128, stack(0x000000a3e3a00000,0x000000a3e3b00000) (1024K)]
  0x000001d4ff99ed40 JavaThread "Start Level: Equinox Container: 1b5c79fe-f0ab-4391-9888-4ce22d7347cb" daemon [_thread_in_native, id=10924, stack(0x000000a3e3b00000,0x000000a3e3c00000) (1024K)]
  0x000001d4ff787ec0 JavaThread "SCR Component Actor"        daemon [_thread_blocked, id=19292, stack(0x000000a3e3d00000,0x000000a3e3e00000) (1024K)]
  0x000001d4ffc05690 JavaThread "Worker-JM"                         [_thread_blocked, id=16932, stack(0x000000a3e3e00000,0x000000a3e3f00000) (1024K)]
  0x000001d4d41d2860 JavaThread "JNA Cleaner"                daemon [_thread_blocked, id=16748, stack(0x000000a3e3f00000,0x000000a3e4000000) (1024K)]
  0x000001d4d41c2330 JavaThread "Worker-0"                          [_thread_blocked, id=5448, stack(0x000000a3e4000000,0x000000a3e4100000) (1024K)]
  0x000001d4d4195070 JavaThread "Worker-1"                          [_thread_blocked, id=18044, stack(0x000000a3e4100000,0x000000a3e4200000) (1024K)]
Total: 19

Other Threads:
  0x000001d4fd642640 VMThread "VM Thread"                           [id=17532, stack(0x000000a3e2800000,0x000000a3e2900000) (1024K)]
  0x000001d4f3cfbac0 WatcherThread "VM Periodic Task Thread"        [id=8064, stack(0x000000a3e2700000,0x000000a3e2800000) (1024K)]
  0x000001d4f3cacd60 WorkerThread "GC Thread#0"                     [id=6060, stack(0x000000a3e2600000,0x000000a3e2700000) (1024K)]
  0x000001d4ff59a7d0 WorkerThread "GC Thread#1"                     [id=4064, stack(0x000000a3e3300000,0x000000a3e3400000) (1024K)]
  0x000001d4ff59ab80 WorkerThread "GC Thread#2"                     [id=7212, stack(0x000000a3e3400000,0x000000a3e3500000) (1024K)]
  0x000001d4ff59bdf0 WorkerThread "GC Thread#3"                     [id=7580, stack(0x000000a3e3500000,0x000000a3e3600000) (1024K)]
  0x000001d4ff59c1a0 WorkerThread "GC Thread#4"                     [id=17208, stack(0x000000a3e3600000,0x000000a3e3700000) (1024K)]
  0x000001d4ff59af30 WorkerThread "GC Thread#5"                     [id=17876, stack(0x000000a3e3700000,0x000000a3e3800000) (1024K)]
  0x000001d4ff59b2e0 WorkerThread "GC Thread#6"                     [id=11568, stack(0x000000a3e3800000,0x000000a3e3900000) (1024K)]
  0x000001d4ff59ba40 WorkerThread "GC Thread#7"                     [id=20208, stack(0x000000a3e3c00000,0x000000a3e3d00000) (1024K)]
Total: 10

Threads with active compile tasks:
C2 CompilerThread0  3813 2591       4       java.lang.invoke.MethodType::makeImpl (109 bytes)
Total: 1

VM state: not at safepoint (normal execution)

VM Mutex/Monitor currently owned by a thread: None

Heap address: 0x0000000080000000, size: 2048 MB, Compressed Oops mode: 32-bit

CDS archive(s) mapped at: [0x000001d48f000000-0x000001d48fba0000-0x000001d48fba0000), size 12189696, SharedBaseAddress: 0x000001d48f000000, ArchiveRelocationMode: 1.
Compressed class space mapped at: 0x000001d490000000-0x000001d4d0000000, reserved size: 1073741824
Narrow klass base: 0x000001d48f000000, Narrow klass shift: 0, Narrow klass range: 0x100000000

GC Precious Log:
 CardTable entry size: 512
 CPUs: 8 total, 8 available
 Memory: 3820M
 Large Page Support: Disabled
 NUMA Support: Disabled
 Compressed Oops: Enabled (32-bit)
 Alignments: Space 512K, Generation 512K, Heap 2M
 Heap Min Capacity: 100M
 Heap Initial Capacity: 100M
 Heap Max Capacity: 2G
 Pre-touch: Disabled
 Parallel Workers: 8

Heap:
 PSYoungGen      total 29696K, used 18632K [0x00000000d5580000, 0x00000000d7680000, 0x0000000100000000)
  eden space 25600K, 56% used [0x00000000d5580000,0x00000000d63b9dc0,0x00000000d6e80000)
  from space 4096K, 99% used [0x00000000d7280000,0x00000000d76784e8,0x00000000d7680000)
  to   space 4096K, 0% used [0x00000000d6e80000,0x00000000d6e80000,0x00000000d7280000)
 ParOldGen       total 68608K, used 4584K [0x0000000080000000, 0x0000000084300000, 0x00000000d5580000)
  object space 68608K, 6% used [0x0000000080000000,0x000000008047a368,0x0000000084300000)
 Metaspace       used 18002K, committed 18688K, reserved 1114112K
  class space    used 1868K, committed 2176K, reserved 1048576K

Card table byte_map: [0x000001d4f8990000,0x000001d4f8da0000] _byte_map_base: 0x000001d4f8590000

Marking Bits: (ParMarkBitMap*) 0x00007ffe9efb44a0
 Begin Bits: [0x000001d4f9050000, 0x000001d4fb050000)
 End Bits:   [0x000001d4fb050000, 0x000001d4fd050000)

Polling page: 0x000001d4f3d50000

Metaspace:

Usage:
  Non-class:     15.76 MB used.
      Class:      1.82 MB used.
       Both:     17.59 MB used.

Virtual space:
  Non-class space:       64.00 MB reserved,      16.12 MB ( 25%) committed,  1 nodes.
      Class space:        1.00 GB reserved,       2.12 MB ( <1%) committed,  1 nodes.
             Both:        1.06 GB reserved,      18.25 MB (  2%) committed. 

Chunk freelists:
   Non-Class:  15.53 MB
       Class:  13.73 MB
        Both:  29.26 MB

MaxMetaspaceSize: unlimited
CompressedClassSpaceSize: 1.00 GB
Initial GC threshold: 21.00 MB
Current GC threshold: 21.00 MB
CDS: on
 - commit_granule_bytes: 65536.
 - commit_granule_words: 8192.
 - virtual_space_node_default_size: 8388608.
 - enlarge_chunks_in_place: 1.
 - use_allocation_guard: 0.


Internal statistics:

num_allocs_failed_limit: 0.
num_arena_births: 510.
num_arena_deaths: 0.
num_vsnodes_births: 2.
num_vsnodes_deaths: 0.
num_space_committed: 292.
num_space_uncommitted: 0.
num_chunks_returned_to_freelist: 0.
num_chunks_taken_from_freelist: 1184.
num_chunk_merges: 0.
num_chunk_splits: 748.
num_chunks_enlarged: 475.
num_inconsistent_stats: 0.

CodeHeap 'non-profiled nmethods': size=120000Kb used=1045Kb max_used=1045Kb free=118954Kb
 bounds [0x000001d487ad0000, 0x000001d487d40000, 0x000001d48f000000]
CodeHeap 'profiled nmethods': size=120000Kb used=5189Kb max_used=5189Kb free=114810Kb
 bounds [0x000001d480000000, 0x000001d480520000, 0x000001d487530000]
CodeHeap 'non-nmethods': size=5760Kb used=1274Kb max_used=1288Kb free=4485Kb
 bounds [0x000001d487530000, 0x000001d4877a0000, 0x000001d487ad0000]
CodeCache: size=245760Kb, used=7508Kb, max_used=7522Kb, free=238249Kb
 total_blobs=3233, nmethods=2683, adapters=456, full_count=0
Compilation: enabled, stopped_count=0, restarted_count=0

Compilation events (20 events):
Event: 3.695 Thread 0x000001d4fd667cf0 nmethod 2636 0x000001d4804e6790 code [0x000001d4804e69e0, 0x000001d4804e7318]
Event: 3.698 Thread 0x000001d4fd667cf0 2639       3       java.util.concurrent.ConcurrentHashMap::remove (32 bytes)
Event: 3.699 Thread 0x000001d4fd667cf0 nmethod 2639 0x000001d4804e7690 code [0x000001d4804e7860, 0x000001d4804e7b28]
Event: 3.742 Thread 0x000001d4fd667cf0 2642       3       org.lombokweb.asm.ClassReader::readConst (276 bytes)
Event: 3.743 Thread 0x000001d4fd667cf0 nmethod 2642 0x000001d4804e7c10 code [0x000001d4804e80c0, 0x000001d4804e9ca8]
Event: 3.744 Thread 0x000001d4fd667cf0 2651       3       java.util.regex.Matcher::search (154 bytes)
Event: 3.744 Thread 0x000001d4fd667cf0 nmethod 2651 0x000001d4804ea710 code [0x000001d4804ea920, 0x000001d4804eaea0]
Event: 3.744 Thread 0x000001d4fd667cf0 2652       2       java.util.regex.Pattern$BmpCharPropertyGreedy::match (89 bytes)
Event: 3.744 Thread 0x000001d4fd667cf0 nmethod 2652 0x000001d4804eb090 code [0x000001d4804eb260, 0x000001d4804eb5d0]
Event: 3.744 Thread 0x000001d4fd667cf0 2650       3       lombok.patcher.PatchScript$MethodPatcher::visitMethod (158 bytes)
Event: 3.745 Thread 0x000001d4fd667cf0 nmethod 2650 0x000001d4804eb790 code [0x000001d4804eba60, 0x000001d4804ec938]
Event: 3.745 Thread 0x000001d4fd667cf0 2648       3       org.lombokweb.asm.Type::getArgumentsAndReturnSizes (140 bytes)
Event: 3.747 Thread 0x000001d4fd667cf0 nmethod 2648 0x000001d4804ecd90 code [0x000001d4804ed160, 0x000001d4804eecc0]
Event: 3.747 Thread 0x000001d4fd667cf0 2643       3       org.lombokweb.asm.MethodWriter::canCopyMethodAttributes (163 bytes)
Event: 3.748 Thread 0x000001d4fd667cf0 nmethod 2643 0x000001d4804ef790 code [0x000001d4804ef9a0, 0x000001d4804effc0]
Event: 3.748 Thread 0x000001d4fd667cf0 2644       3       org.lombokweb.asm.Label::resolve (259 bytes)
Event: 3.748 Thread 0x000001d4fd667cf0 nmethod 2644 0x000001d4804f0210 code [0x000001d4804f0400, 0x000001d4804f09a8]
Event: 3.748 Thread 0x000001d4fd667cf0 2654       3       org.lombokweb.asm.MethodWriter::computeMethodInfoSize (571 bytes)
Event: 3.750 Thread 0x000001d4fd667cf0 nmethod 2654 0x000001d4804f0d10 code [0x000001d4804f1040, 0x000001d4804f1ef8]
Event: 3.750 Thread 0x000001d4fd667cf0 2655       3       org.lombokweb.asm.MethodWriter::putMethodInfo (1274 bytes)

GC Heap History (8 events):
Event: 0.747 GC heap before
{Heap before GC invocations=1 (full 0):
 PSYoungGen      total 29696K, used 25600K [0x00000000d5580000, 0x00000000d7680000, 0x0000000100000000)
  eden space 25600K, 100% used [0x00000000d5580000,0x00000000d6e80000,0x00000000d6e80000)
  from space 4096K, 0% used [0x00000000d7280000,0x00000000d7280000,0x00000000d7680000)
  to   space 4096K, 0% used [0x00000000d6e80000,0x00000000d6e80000,0x00000000d7280000)
 ParOldGen       total 68608K, used 0K [0x0000000080000000, 0x0000000084300000, 0x00000000d5580000)
  object space 68608K, 0% used [0x0000000080000000,0x0000000080000000,0x0000000084300000)
 Metaspace       used 4311K, committed 4544K, reserved 1114112K
  class space    used 474K, committed 576K, reserved 1048576K
}
Event: 0.752 GC heap after
{Heap after GC invocations=1 (full 0):
 PSYoungGen      total 29696K, used 3319K [0x00000000d5580000, 0x00000000d7680000, 0x0000000100000000)
  eden space 25600K, 0% used [0x00000000d5580000,0x00000000d5580000,0x00000000d6e80000)
  from space 4096K, 81% used [0x00000000d6e80000,0x00000000d71bdea8,0x00000000d7280000)
  to   space 4096K, 0% used [0x00000000d7280000,0x00000000d7280000,0x00000000d7680000)
 ParOldGen       total 68608K, used 16K [0x0000000080000000, 0x0000000084300000, 0x00000000d5580000)
  object space 68608K, 0% used [0x0000000080000000,0x0000000080004000,0x0000000084300000)
 Metaspace       used 4311K, committed 4544K, reserved 1114112K
  class space    used 474K, committed 576K, reserved 1048576K
}
Event: 1.450 GC heap before
{Heap before GC invocations=2 (full 0):
 PSYoungGen      total 29696K, used 28919K [0x00000000d5580000, 0x00000000d7680000, 0x0000000100000000)
  eden space 25600K, 100% used [0x00000000d5580000,0x00000000d6e80000,0x00000000d6e80000)
  from space 4096K, 81% used [0x00000000d6e80000,0x00000000d71bdea8,0x00000000d7280000)
  to   space 4096K, 0% used [0x00000000d7280000,0x00000000d7280000,0x00000000d7680000)
 ParOldGen       total 68608K, used 16K [0x0000000080000000, 0x0000000084300000, 0x00000000d5580000)
  object space 68608K, 0% used [0x0000000080000000,0x0000000080004000,0x0000000084300000)
 Metaspace       used 8137K, committed 8384K, reserved 1114112K
  class space    used 859K, committed 960K, reserved 1048576K
}
Event: 1.456 GC heap after
{Heap after GC invocations=2 (full 0):
 PSYoungGen      total 29696K, used 4086K [0x00000000d5580000, 0x00000000d7680000, 0x0000000100000000)
  eden space 25600K, 0% used [0x00000000d5580000,0x00000000d5580000,0x00000000d6e80000)
  from space 4096K, 99% used [0x00000000d7280000,0x00000000d767d810,0x00000000d7680000)
  to   space 4096K, 0% used [0x00000000d6e80000,0x00000000d6e80000,0x00000000d7280000)
 ParOldGen       total 68608K, used 1067K [0x0000000080000000, 0x0000000084300000, 0x00000000d5580000)
  object space 68608K, 1% used [0x0000000080000000,0x000000008010aec8,0x0000000084300000)
 Metaspace       used 8137K, committed 8384K, reserved 1114112K
  class space    used 859K, committed 960K, reserved 1048576K
}
Event: 2.138 GC heap before
{Heap before GC invocations=3 (full 0):
 PSYoungGen      total 29696K, used 29686K [0x00000000d5580000, 0x00000000d7680000, 0x0000000100000000)
  eden space 25600K, 100% used [0x00000000d5580000,0x00000000d6e80000,0x00000000d6e80000)
  from space 4096K, 99% used [0x00000000d7280000,0x00000000d767d810,0x00000000d7680000)
  to   space 4096K, 0% used [0x00000000d6e80000,0x00000000d6e80000,0x00000000d7280000)
 ParOldGen       total 68608K, used 1067K [0x0000000080000000, 0x0000000084300000, 0x00000000d5580000)
  object space 68608K, 1% used [0x0000000080000000,0x000000008010aec8,0x0000000084300000)
 Metaspace       used 12904K, committed 13440K, reserved 1114112K
  class space    used 1369K, committed 1600K, reserved 1048576K
}
Event: 2.143 GC heap after
{Heap after GC invocations=3 (full 0):
 PSYoungGen      total 29696K, used 4083K [0x00000000d5580000, 0x00000000d7680000, 0x0000000100000000)
  eden space 25600K, 0% used [0x00000000d5580000,0x00000000d5580000,0x00000000d6e80000)
  from space 4096K, 99% used [0x00000000d6e80000,0x00000000d727ccd0,0x00000000d7280000)
  to   space 4096K, 0% used [0x00000000d7280000,0x00000000d7280000,0x00000000d7680000)
 ParOldGen       total 68608K, used 2778K [0x0000000080000000, 0x0000000084300000, 0x00000000d5580000)
  object space 68608K, 4% used [0x0000000080000000,0x00000000802b6978,0x0000000084300000)
 Metaspace       used 12904K, committed 13440K, reserved 1114112K
  class space    used 1369K, committed 1600K, reserved 1048576K
}
Event: 3.687 GC heap before
{Heap before GC invocations=4 (full 0):
 PSYoungGen      total 29696K, used 29683K [0x00000000d5580000, 0x00000000d7680000, 0x0000000100000000)
  eden space 25600K, 100% used [0x00000000d5580000,0x00000000d6e80000,0x00000000d6e80000)
  from space 4096K, 99% used [0x00000000d6e80000,0x00000000d727ccd0,0x00000000d7280000)
  to   space 4096K, 0% used [0x00000000d7280000,0x00000000d7280000,0x00000000d7680000)
 ParOldGen       total 68608K, used 2778K [0x0000000080000000, 0x0000000084300000, 0x00000000d5580000)
  object space 68608K, 4% used [0x0000000080000000,0x00000000802b6978,0x0000000084300000)
 Metaspace       used 17017K, committed 17728K, reserved 1114112K
  class space    used 1789K, committed 2112K, reserved 1048576K
}
Event: 3.692 GC heap after
{Heap after GC invocations=4 (full 0):
 PSYoungGen      total 29696K, used 4065K [0x00000000d5580000, 0x00000000d7680000, 0x0000000100000000)
  eden space 25600K, 0% used [0x00000000d5580000,0x00000000d5580000,0x00000000d6e80000)
  from space 4096K, 99% used [0x00000000d7280000,0x00000000d76784e8,0x00000000d7680000)
  to   space 4096K, 0% used [0x00000000d6e80000,0x00000000d6e80000,0x00000000d7280000)
 ParOldGen       total 68608K, used 4584K [0x0000000080000000, 0x0000000084300000, 0x00000000d5580000)
  object space 68608K, 6% used [0x0000000080000000,0x000000008047a368,0x0000000084300000)
 Metaspace       used 17017K, committed 17728K, reserved 1114112K
  class space    used 1789K, committed 2112K, reserved 1048576K
}

Dll operation events (20 events):
Event: 0.024 Attempting to load shared library c:\Users\venus\.vscode\extensions\redhat.java-1.56.0-win32-x64\jre\21.0.12.1-win32-x86_64\bin\java.dll
Event: 0.024 Loaded shared library c:\Users\venus\.vscode\extensions\redhat.java-1.56.0-win32-x64\jre\21.0.12.1-win32-x86_64\bin\java.dll
Event: 0.150 Attempting to load shared library c:\Users\venus\.vscode\extensions\redhat.java-1.56.0-win32-x64\jre\21.0.12.1-win32-x86_64\bin\zip.dll
Event: 0.151 Loaded shared library c:\Users\venus\.vscode\extensions\redhat.java-1.56.0-win32-x64\jre\21.0.12.1-win32-x86_64\bin\zip.dll
Event: 0.184 Attempting to load shared library C:\Users\venus\.vscode\extensions\redhat.java-1.56.0-win32-x64\jre\21.0.12.1-win32-x86_64\bin\instrument.dll
Event: 0.184 Loaded shared library C:\Users\venus\.vscode\extensions\redhat.java-1.56.0-win32-x64\jre\21.0.12.1-win32-x86_64\bin\instrument.dll
Event: 0.190 Attempting to load shared library C:\Users\venus\.vscode\extensions\redhat.java-1.56.0-win32-x64\jre\21.0.12.1-win32-x86_64\bin\net.dll
Event: 0.191 Loaded shared library C:\Users\venus\.vscode\extensions\redhat.java-1.56.0-win32-x64\jre\21.0.12.1-win32-x86_64\bin\net.dll
Event: 0.194 Attempting to load shared library C:\Users\venus\.vscode\extensions\redhat.java-1.56.0-win32-x64\jre\21.0.12.1-win32-x86_64\bin\nio.dll
Event: 0.195 Loaded shared library C:\Users\venus\.vscode\extensions\redhat.java-1.56.0-win32-x64\jre\21.0.12.1-win32-x86_64\bin\nio.dll
Event: 0.200 Attempting to load shared library C:\Users\venus\.vscode\extensions\redhat.java-1.56.0-win32-x64\jre\21.0.12.1-win32-x86_64\bin\zip.dll
Event: 0.200 Loaded shared library C:\Users\venus\.vscode\extensions\redhat.java-1.56.0-win32-x64\jre\21.0.12.1-win32-x86_64\bin\zip.dll
Event: 0.240 Attempting to load shared library C:\Users\venus\.vscode\extensions\redhat.java-1.56.0-win32-x64\jre\21.0.12.1-win32-x86_64\bin\jimage.dll
Event: 0.240 Loaded shared library C:\Users\venus\.vscode\extensions\redhat.java-1.56.0-win32-x64\jre\21.0.12.1-win32-x86_64\bin\jimage.dll
Event: 0.334 Attempting to load shared library c:\Users\venus\.vscode\extensions\redhat.java-1.56.0-win32-x64\jre\21.0.12.1-win32-x86_64\bin\verify.dll
Event: 0.335 Loaded shared library c:\Users\venus\.vscode\extensions\redhat.java-1.56.0-win32-x64\jre\21.0.12.1-win32-x86_64\bin\verify.dll
Event: 1.427 Attempting to load shared library C:\Users\venus\AppData\Roaming\Code\User\globalStorage\redhat.java\1.56.0\config_ss_win\org.eclipse.equinox.launcher\org.eclipse.equinox.launcher.win32.win32.x86_64_1.3.100.v20260804-1928\eclipse_11924.dll
Event: 1.432 Loaded shared library C:\Users\venus\AppData\Roaming\Code\User\globalStorage\redhat.java\1.56.0\config_ss_win\org.eclipse.equinox.launcher\org.eclipse.equinox.launcher.win32.win32.x86_64_1.3.100.v20260804-1928\eclipse_11924.dll
Event: 2.862 Attempting to load shared library C:\Users\venus\AppData\Local\Temp\jna-112093821\jna13986190736005027150.dll
Event: 3.505 Loaded shared library C:\Users\venus\AppData\Local\Temp\jna-112093821\jna13986190736005027150.dll

Deoptimization events (20 events):
Event: 3.656 Thread 0x000001d4ff99ed40 Uncommon trap: trap_request=0xffffff45 fr.pc=0x000001d487bc32d8 relative=0x0000000000000b18
Event: 3.656 Thread 0x000001d4ff99ed40 Uncommon trap: reason=unstable_if action=reinterpret pc=0x000001d487bc32d8 method=jdk.internal.org.objectweb.asm.Frame.execute(IILjdk/internal/org/objectweb/asm/Symbol;Ljdk/internal/org/objectweb/asm/SymbolTable;)V @ 1 c2
Event: 3.656 Thread 0x000001d4ff99ed40 DEOPT PACKING pc=0x000001d487bc32d8 sp=0x000000a3e3bf7c90
Event: 3.656 Thread 0x000001d4ff99ed40 DEOPT UNPACKING pc=0x000001d487583aa2 sp=0x000000a3e3bf7c18 mode 2
Event: 3.667 Thread 0x000001d4ff99ed40 Uncommon trap: trap_request=0xffffffde fr.pc=0x000001d487bb5614 relative=0x00000000000003b4
Event: 3.667 Thread 0x000001d4ff99ed40 Uncommon trap: reason=class_check action=maybe_recompile pc=0x000001d487bb5614 method=java.util.regex.Pattern$BmpCharPropertyGreedy.match(Ljava/util/regex/Matcher;ILjava/lang/CharSequence;)Z @ 70 c2
Event: 3.667 Thread 0x000001d4ff99ed40 DEOPT PACKING pc=0x000001d487bb5614 sp=0x000000a3e3bf30e0
Event: 3.667 Thread 0x000001d4ff99ed40 DEOPT UNPACKING pc=0x000001d487583aa2 sp=0x000000a3e3bf3088 mode 2
Event: 3.667 Thread 0x000001d4ff99ed40 Uncommon trap: trap_request=0xffffffde fr.pc=0x000001d487bb5614 relative=0x00000000000003b4
Event: 3.667 Thread 0x000001d4ff99ed40 Uncommon trap: reason=class_check action=maybe_recompile pc=0x000001d487bb5614 method=java.util.regex.Pattern$BmpCharPropertyGreedy.match(Ljava/util/regex/Matcher;ILjava/lang/CharSequence;)Z @ 70 c2
Event: 3.667 Thread 0x000001d4ff99ed40 DEOPT PACKING pc=0x000001d487bb5614 sp=0x000000a3e3bf2f60
Event: 3.667 Thread 0x000001d4ff99ed40 DEOPT UNPACKING pc=0x000001d487583aa2 sp=0x000000a3e3bf2f08 mode 2
Event: 3.667 Thread 0x000001d4ff99ed40 Uncommon trap: trap_request=0xffffffde fr.pc=0x000001d487bb5614 relative=0x00000000000003b4
Event: 3.667 Thread 0x000001d4ff99ed40 Uncommon trap: reason=class_check action=maybe_recompile pc=0x000001d487bb5614 method=java.util.regex.Pattern$BmpCharPropertyGreedy.match(Ljava/util/regex/Matcher;ILjava/lang/CharSequence;)Z @ 70 c2
Event: 3.667 Thread 0x000001d4ff99ed40 DEOPT PACKING pc=0x000001d487bb5614 sp=0x000000a3e3bf30f0
Event: 3.667 Thread 0x000001d4ff99ed40 DEOPT UNPACKING pc=0x000001d487583aa2 sp=0x000000a3e3bf3098 mode 2
Event: 3.667 Thread 0x000001d4ff99ed40 Uncommon trap: trap_request=0xffffffde fr.pc=0x000001d487bb5614 relative=0x00000000000003b4
Event: 3.667 Thread 0x000001d4ff99ed40 Uncommon trap: reason=class_check action=maybe_recompile pc=0x000001d487bb5614 method=java.util.regex.Pattern$BmpCharPropertyGreedy.match(Ljava/util/regex/Matcher;ILjava/lang/CharSequence;)Z @ 70 c2
Event: 3.667 Thread 0x000001d4ff99ed40 DEOPT PACKING pc=0x000001d487bb5614 sp=0x000000a3e3bf2f70
Event: 3.667 Thread 0x000001d4ff99ed40 DEOPT UNPACKING pc=0x000001d487583aa2 sp=0x000000a3e3bf2f18 mode 2

Classes loaded (20 events):
Event: 3.685 Loading class java/util/zip/GZIPInputStream
Event: 3.685 Loading class java/util/zip/GZIPInputStream done
Event: 3.693 Loading class java/util/zip/GZIPOutputStream
Event: 3.694 Loading class java/util/zip/GZIPOutputStream done
Event: 3.697 Loading class java/net/SocketTimeoutException
Event: 3.697 Loading class java/io/InterruptedIOException
Event: 3.697 Loading class java/io/InterruptedIOException done
Event: 3.697 Loading class java/net/SocketTimeoutException done
Event: 3.697 Loading class java/net/SocketException
Event: 3.697 Loading class java/net/SocketException done
Event: 3.697 Loading class java/net/UnknownHostException
Event: 3.698 Loading class java/net/UnknownHostException done
Event: 3.698 Loading class java/net/ProtocolException
Event: 3.698 Loading class java/net/ProtocolException done
Event: 3.718 Loading class java/lang/ThreadLocal$SuppliedThreadLocal
Event: 3.718 Loading class java/lang/ThreadLocal$SuppliedThreadLocal done
Event: 3.726 Loading class java/io/FileWriter
Event: 3.726 Loading class java/io/FileWriter done
Event: 3.730 Loading class java/lang/NegativeArraySizeException
Event: 3.730 Loading class java/lang/NegativeArraySizeException done

Classes unloaded (0 events):
No events

Classes redefined (0 events):
No events

Internal exceptions (20 events):
Event: 3.528 Thread 0x000001d4ff99ed40 Exception <a 'java/lang/NoSuchMethodError'{0x00000000d646fd30}: 'void java.lang.invoke.DelegatingMethodHandle$Holder.reinvoke_L(java.lang.Object, java.lang.Object, int)'> (0x00000000d646fd30) 
thrown [s\src\hotspot\share\interpreter\linkResolver.cpp, line 773]
Event: 3.528 Thread 0x000001d4ff99ed40 Exception <a 'java/lang/NoSuchMethodError'{0x00000000d6476a18}: 'int java.lang.invoke.Invokers$Holder.invokeExact_MT(java.lang.Object, java.lang.Object, java.lang.Object)'> (0x00000000d6476a18) 
thrown [s\src\hotspot\share\interpreter\linkResolver.cpp, line 773]
Event: 3.538 Thread 0x000001d4ff99ed40 Exception <a 'java/lang/NoSuchMethodError'{0x00000000d6540e58}: method resolution failed> (0x00000000d6540e58) 
thrown [s\src\hotspot\share\prims\methodHandles.cpp, line 1136]
Event: 3.545 Thread 0x000001d4ff99ed40 Exception <a 'java/lang/NoSuchMethodError'{0x00000000d65ad110}: 'void java.lang.invoke.Invokers$Holder.invokeExact_MT(java.lang.Object, java.lang.Object, int, java.lang.Object)'> (0x00000000d65ad110) 
thrown [s\src\hotspot\share\interpreter\linkResolver.cpp, line 773]
Event: 3.573 Thread 0x000001d4ff99ed40 Exception <a 'java/lang/NoSuchMethodError'{0x00000000d66b1e90}: 'java.lang.Object java.lang.invoke.DirectMethodHandle$Holder.invokeSpecial(java.lang.Object, java.lang.Object, java.lang.Object, long, java.lang.Object)'> (0x00000000d66b1e90) 
thrown [s\src\hotspot\share\interpreter\linkResolver.cpp, line 773]
Event: 3.574 Thread 0x000001d4ff99ed40 Exception <a 'java/lang/NoSuchMethodError'{0x00000000d66b96d8}: 'java.lang.Object java.lang.invoke.DirectMethodHandle$Holder.newInvokeSpecial(java.lang.Object, java.lang.Object, java.lang.Object, long)'> (0x00000000d66b96d8) 
thrown [s\src\hotspot\share\interpreter\linkResolver.cpp, line 773]
Event: 3.574 Thread 0x000001d4ff99ed40 Exception <a 'java/lang/NoSuchMethodError'{0x00000000d66bda88}: 'java.lang.Object java.lang.invoke.DirectMethodHandle$Holder.invokeSpecial(java.lang.Object, java.lang.Object, java.lang.Object, java.lang.Object, long)'> (0x00000000d66bda88) 
thrown [s\src\hotspot\share\interpreter\linkResolver.cpp, line 773]
Event: 3.574 Thread 0x000001d4ff99ed40 Exception <a 'java/lang/NoSuchMethodError'{0x00000000d66c16a8}: 'java.lang.Object java.lang.invoke.Invokers$Holder.linkToTargetMethod(java.lang.Object, java.lang.Object, long, java.lang.Object)'> (0x00000000d66c16a8) 
thrown [s\src\hotspot\share\interpreter\linkResolver.cpp, line 773]
Event: 3.582 Thread 0x000001d4ff99ed40 Exception <a 'java/lang/NoSuchMethodError'{0x00000000d6733640}: 'int java.lang.invoke.DirectMethodHandle$Holder.invokeStaticInit(java.lang.Object, java.lang.Object, java.lang.Object)'> (0x00000000d6733640) 
thrown [s\src\hotspot\share\interpreter\linkResolver.cpp, line 773]
Event: 3.590 Thread 0x000001d4ff99ed40 Exception <a 'java/lang/IncompatibleClassChangeError'{0x00000000d67c1700}: Found class java.lang.Object, but interface was expected> (0x00000000d67c1700) 
thrown [s\src\hotspot\share\interpreter\linkResolver.cpp, line 840]
Event: 3.594 Thread 0x000001d4ff99ed40 Exception <a 'java/lang/NoSuchMethodError'{0x00000000d67d4cb8}: 'java.lang.Object java.lang.invoke.DirectMethodHandle$Holder.invokeSpecial(java.lang.Object, java.lang.Object, java.lang.Object, int, java.lang.Object, java.lang.Object)'> (0x00000000d67d4cb8) 
thrown [s\src\hotspot\share\interpreter\linkResolver.cpp, line 773]
Event: 3.594 Thread 0x000001d4ff99ed40 Exception <a 'java/lang/NoSuchMethodError'{0x00000000d67dc790}: 'java.lang.Object java.lang.invoke.DirectMethodHandle$Holder.newInvokeSpecial(java.lang.Object, java.lang.Object, java.lang.Object, int, java.lang.Object)'> (0x00000000d67dc790) 
thrown [s\src\hotspot\share\interpreter\linkResolver.cpp, line 773]
Event: 3.594 Thread 0x000001d4ff99ed40 Exception <a 'java/lang/NoSuchMethodError'{0x00000000d67e0710}: 'java.lang.Object java.lang.invoke.DirectMethodHandle$Holder.invokeSpecial(java.lang.Object, java.lang.Object, java.lang.Object, java.lang.Object, int, java.lang.Object)'> (0x00000000d67e0710) 
thrown [s\src\hotspot\share\interpreter\linkResolver.cpp, line 773]
Event: 3.594 Thread 0x000001d4ff99ed40 Exception <a 'java/lang/NoSuchMethodError'{0x00000000d67e4250}: 'java.lang.Object java.lang.invoke.Invokers$Holder.linkToTargetMethod(java.lang.Object, java.lang.Object, int, java.lang.Object, java.lang.Object)'> (0x00000000d67e4250) 
thrown [s\src\hotspot\share\interpreter\linkResolver.cpp, line 773]
Event: 3.595 Thread 0x000001d4d41c2330 Exception <a 'java/lang/NoSuchMethodError'{0x00000000d670a118}: 'java.lang.Object java.lang.invoke.DirectMethodHandle$Holder.invokeSpecial(java.lang.Object, java.lang.Object, int, java.lang.Object, java.lang.Object)'> (0x00000000d670a118) 
thrown [s\src\hotspot\share\interpreter\linkResolver.cpp, line 773]
Event: 3.595 Thread 0x000001d4d41c2330 Exception <a 'java/lang/NoSuchMethodError'{0x00000000d6710e50}: 'java.lang.Object java.lang.invoke.DirectMethodHandle$Holder.newInvokeSpecial(java.lang.Object, java.lang.Object, int, java.lang.Object)'> (0x00000000d6710e50) 
thrown [s\src\hotspot\share\interpreter\linkResolver.cpp, line 773]
Event: 3.595 Thread 0x000001d4d41c2330 Exception <a 'java/lang/NoSuchMethodError'{0x00000000d6714730}: 'java.lang.Object java.lang.invoke.DirectMethodHandle$Holder.invokeSpecial(java.lang.Object, java.lang.Object, java.lang.Object, int, java.lang.Object)'> (0x00000000d6714730) 
thrown [s\src\hotspot\share\interpreter\linkResolver.cpp, line 773]
Event: 3.607 Thread 0x000001d4ff99ed40 Exception <a 'java/lang/NoSuchMethodError'{0x00000000d69054b0}: 'void java.lang.invoke.DirectMethodHandle$Holder.invokeSpecial(java.lang.Object, java.lang.Object, java.lang.Object, java.lang.Object, java.lang.Object)'> (0x00000000d69054b0) 
thrown [s\src\hotspot\share\interpreter\linkResolver.cpp, line 773]
Event: 3.656 Thread 0x000001d4ff99ed40 Exception <a 'java/lang/NoSuchMethodError'{0x00000000d6bfd2f0}: 'double java.lang.invoke.DirectMethodHandle$Holder.invokeStatic(java.lang.Object, java.lang.Object)'> (0x00000000d6bfd2f0) 
thrown [s\src\hotspot\share\interpreter\linkResolver.cpp, line 773]
Event: 3.656 Thread 0x000001d4ff99ed40 Exception <a 'java/lang/NoSuchMethodError'{0x00000000d6c009b0}: 'double java.lang.invoke.DirectMethodHandle$Holder.invokeStaticInit(java.lang.Object, java.lang.Object)'> (0x00000000d6c009b0) 
thrown [s\src\hotspot\share\interpreter\linkResolver.cpp, line 773]

ZGC Phase Switch (0 events):
No events

VM Operations (20 events):
Event: 1.673 Executing non-safepoint VM operation: HandshakeAllThreads (Deoptimize)
Event: 1.673 Executing non-safepoint VM operation: HandshakeAllThreads (Deoptimize) done
Event: 2.006 Executing non-safepoint VM operation: HandshakeAllThreads (Deoptimize)
Event: 2.006 Executing non-safepoint VM operation: HandshakeAllThreads (Deoptimize) done
Event: 2.138 Executing safepoint VM operation: ParallelGCFailedAllocation (Allocation Failure)
Event: 2.143 Executing safepoint VM operation: ParallelGCFailedAllocation (Allocation Failure) done
Event: 2.231 Executing non-safepoint VM operation: HandshakeAllThreads (Deoptimize)
Event: 2.231 Executing non-safepoint VM operation: HandshakeAllThreads (Deoptimize) done
Event: 2.237 Executing non-safepoint VM operation: HandshakeAllThreads (Deoptimize)
Event: 2.237 Executing non-safepoint VM operation: HandshakeAllThreads (Deoptimize) done
Event: 2.257 Executing non-safepoint VM operation: HandshakeAllThreads (Deoptimize)
Event: 2.257 Executing non-safepoint VM operation: HandshakeAllThreads (Deoptimize) done
Event: 2.619 Executing non-safepoint VM operation: HandshakeAllThreads (Deoptimize)
Event: 2.619 Executing non-safepoint VM operation: HandshakeAllThreads (Deoptimize) done
Event: 3.515 Executing non-safepoint VM operation: HandshakeAllThreads (Deoptimize)
Event: 3.515 Executing non-safepoint VM operation: HandshakeAllThreads (Deoptimize) done
Event: 3.515 Executing safepoint VM operation: Cleanup
Event: 3.515 Executing safepoint VM operation: Cleanup done
Event: 3.686 Executing safepoint VM operation: ParallelGCFailedAllocation (Allocation Failure)
Event: 3.693 Executing safepoint VM operation: ParallelGCFailedAllocation (Allocation Failure) done

Memory protections (0 events):
No events

Nmethod flushes (0 events):
No events

Events (19 events):
Event: 0.051 Thread 0x000001d4f3a0a2c0 Thread added: 0x000001d4f3a0a2c0
Event: 0.065 Thread 0x000001d4f3a0a2c0 Thread added: 0x000001d4f3d4cd30
Event: 0.066 Thread 0x000001d4f3a0a2c0 Thread added: 0x000001d4f3d4dc50
Event: 0.066 Thread 0x000001d4f3a0a2c0 Thread added: 0x000001d4fd649cd0
Event: 0.066 Thread 0x000001d4f3a0a2c0 Thread added: 0x000001d4fd64a9d0
Event: 0.066 Thread 0x000001d4f3a0a2c0 Thread added: 0x000001d4fd650a40
Event: 0.066 Thread 0x000001d4f3a0a2c0 Thread added: 0x000001d4fd651540
Event: 0.067 Thread 0x000001d4f3a0a2c0 Thread added: 0x000001d4fd657470
Event: 0.067 Thread 0x000001d4f3a0a2c0 Thread added: 0x000001d4fd667cf0
Event: 0.187 Thread 0x000001d4f3a0a2c0 Thread added: 0x000001d4ff1f4b30
Event: 0.408 Thread 0x000001d4f3a0a2c0 Thread added: 0x000001d4ff366c00
Event: 1.150 Thread 0x000001d4f3a0a2c0 Thread added: 0x000001d4ffc3dfc0
Event: 1.419 Thread 0x000001d4f3a0a2c0 Thread added: 0x000001d4ff99e2d0
Event: 1.423 Thread 0x000001d4f3a0a2c0 Thread added: 0x000001d4ff99ed40
Event: 1.489 Thread 0x000001d4ff99ed40 Thread added: 0x000001d4ff787ec0
Event: 2.043 Thread 0x000001d4ff99ed40 Thread added: 0x000001d4ffc05690
Event: 3.533 Thread 0x000001d4ff99ed40 Thread added: 0x000001d4d41d2860
Event: 3.576 Thread 0x000001d4ff99ed40 Thread added: 0x000001d4d41c2330
Event: 3.595 Thread 0x000001d4ff99ed40 Thread added: 0x000001d4d4195070


Dynamic libraries:
0x00007ff7a1650000 - 0x00007ff7a165e000 	c:\Users\venus\.vscode\extensions\redhat.java-1.56.0-win32-x64\jre\21.0.12.1-win32-x86_64\bin\java.exe
0x00007fff4e460000 - 0x00007fff4e6c7000 	C:\Windows\SYSTEM32\ntdll.dll
0x00007fff4c310000 - 0x00007fff4c3db000 	C:\Windows\System32\KERNEL32.DLL
0x00007fff4b660000 - 0x00007fff4ba62000 	C:\Windows\System32\KERNELBASE.dll
0x00007fff4bec0000 - 0x00007fff4c00c000 	C:\Windows\System32\ucrtbase.dll
0x00007fff129b0000 - 0x00007fff129ce000 	c:\Users\venus\.vscode\extensions\redhat.java-1.56.0-win32-x64\jre\21.0.12.1-win32-x86_64\bin\VCRUNTIME140.dll
0x00007fff13eb0000 - 0x00007fff13ec8000 	c:\Users\venus\.vscode\extensions\redhat.java-1.56.0-win32-x64\jre\21.0.12.1-win32-x86_64\bin\jli.dll
0x00007fff4d710000 - 0x00007fff4d8df000 	C:\Windows\System32\USER32.dll
0x00007fff4c150000 - 0x00007fff4c177000 	C:\Windows\System32\win32u.dll
0x00007fff21f20000 - 0x00007fff221b0000 	C:\Windows\WinSxS\amd64_microsoft.windows.common-controls_6595b64144ccf1df_6.0.26100.9278_none_3e0d1ba8e3303201\COMCTL32.dll
0x00007fff4d660000 - 0x00007fff4d709000 	C:\Windows\System32\msvcrt.dll
0x00007fff4c700000 - 0x00007fff4c72b000 	C:\Windows\System32\GDI32.dll
0x00007fff4c020000 - 0x00007fff4c149000 	C:\Windows\System32\gdi32full.dll
0x00007fff4be10000 - 0x00007fff4beb3000 	C:\Windows\System32\msvcp_win.dll
0x00007fff4df40000 - 0x00007fff4df71000 	C:\Windows\System32\IMM32.DLL
0x00007fff43070000 - 0x00007fff4307c000 	c:\Users\venus\.vscode\extensions\redhat.java-1.56.0-win32-x64\jre\21.0.12.1-win32-x86_64\bin\vcruntime140_1.dll
0x00007fff11b30000 - 0x00007fff11bbd000 	c:\Users\venus\.vscode\extensions\redhat.java-1.56.0-win32-x64\jre\21.0.12.1-win32-x86_64\bin\msvcp140.dll
0x00007ffe9e2f0000 - 0x00007ffe9f092000 	c:\Users\venus\.vscode\extensions\redhat.java-1.56.0-win32-x64\jre\21.0.12.1-win32-x86_64\bin\server\jvm.dll
0x00007fff4df80000 - 0x00007fff4e03c000 	C:\Windows\System32\ADVAPI32.dll
0x00007fff4cd50000 - 0x00007fff4cdf9000 	C:\Windows\System32\sechost.dll
0x00007fff4e050000 - 0x00007fff4e168000 	C:\Windows\System32\RPCRT4.dll
0x00007fff4deb0000 - 0x00007fff4df30000 	C:\Windows\System32\WS2_32.dll
0x00007fff40630000 - 0x00007fff40666000 	C:\Windows\SYSTEM32\WINMM.dll
0x00007fff23e10000 - 0x00007fff23e1b000 	C:\Windows\SYSTEM32\VERSION.dll
0x00007fff4b4c0000 - 0x00007fff4b51e000 	C:\Windows\SYSTEM32\POWRPROF.dll
0x00007fff4b4a0000 - 0x00007fff4b4b5000 	C:\Windows\SYSTEM32\UMPDC.dll
0x00007fff4a330000 - 0x00007fff4a34b000 	C:\Windows\SYSTEM32\kernel.appcore.dll
0x00007fff36d70000 - 0x00007fff36d7a000 	c:\Users\venus\.vscode\extensions\redhat.java-1.56.0-win32-x64\jre\21.0.12.1-win32-x86_64\bin\jimage.dll
0x00007fff485d0000 - 0x00007fff4881c000 	C:\Windows\SYSTEM32\DBGHELP.DLL
0x00007fff4d950000 - 0x00007fff4dcd5000 	C:\Windows\System32\combase.dll
0x00007fff4c7c0000 - 0x00007fff4c899000 	C:\Windows\System32\OLEAUT32.dll
0x00007fff24c20000 - 0x00007fff24c5b000 	C:\Windows\SYSTEM32\dbgcore.DLL
0x00007fff4bb00000 - 0x00007fff4bbac000 	C:\Windows\System32\bcryptPrimitives.dll
0x00007fff2f520000 - 0x00007fff2f52f000 	c:\Users\venus\.vscode\extensions\redhat.java-1.56.0-win32-x64\jre\21.0.12.1-win32-x86_64\bin\instrument.dll
0x00007fff12990000 - 0x00007fff129b0000 	c:\Users\venus\.vscode\extensions\redhat.java-1.56.0-win32-x64\jre\21.0.12.1-win32-x86_64\bin\java.dll
0x00007fff4ce00000 - 0x00007fff4d598000 	C:\Windows\System32\SHELL32.dll
0x00007fff490e0000 - 0x00007fff4998e000 	C:\Windows\SYSTEM32\windows.storage.dll
0x00007fff4c210000 - 0x00007fff4c30b000 	C:\Windows\System32\SHCORE.dll
0x00007fff4de40000 - 0x00007fff4dea6000 	C:\Windows\System32\shlwapi.dll
0x00007fff4b580000 - 0x00007fff4b5a9000 	C:\Windows\SYSTEM32\profapi.dll
0x00007fff128e0000 - 0x00007fff128f8000 	c:\Users\venus\.vscode\extensions\redhat.java-1.56.0-win32-x64\jre\21.0.12.1-win32-x86_64\bin\zip.dll
0x00007fff12980000 - 0x00007fff12990000 	C:\Users\venus\.vscode\extensions\redhat.java-1.56.0-win32-x64\jre\21.0.12.1-win32-x86_64\bin\net.dll
0x00007fff39d80000 - 0x00007fff39eaa000 	C:\Windows\SYSTEM32\WINHTTP.dll
0x00007fff4a8f0000 - 0x00007fff4a95c000 	C:\Windows\system32\mswsock.dll
0x00007fff11b10000 - 0x00007fff11b26000 	C:\Users\venus\.vscode\extensions\redhat.java-1.56.0-win32-x64\jre\21.0.12.1-win32-x86_64\bin\nio.dll
0x00007fff128d0000 - 0x00007fff128e0000 	c:\Users\venus\.vscode\extensions\redhat.java-1.56.0-win32-x64\jre\21.0.12.1-win32-x86_64\bin\verify.dll
0x00007fff11ac0000 - 0x00007fff11b05000 	C:\Users\venus\AppData\Roaming\Code\User\globalStorage\redhat.java\1.56.0\config_ss_win\org.eclipse.equinox.launcher\org.eclipse.equinox.launcher.win32.win32.x86_64_1.3.100.v20260804-1928\eclipse_11924.dll
0x00007fff4e270000 - 0x00007fff4e40a000 	C:\Windows\System32\ole32.dll
0x00007fff4abe0000 - 0x00007fff4abfb000 	C:\Windows\SYSTEM32\CRYPTSP.dll
0x00007fff4a290000 - 0x00007fff4a2c9000 	C:\Windows\system32\rsaenh.dll
0x00007fff4a9a0000 - 0x00007fff4a9d4000 	C:\Windows\SYSTEM32\USERENV.dll
0x00007fff4b550000 - 0x00007fff4b57a000 	C:\Windows\SYSTEM32\bcrypt.dll
0x00007fff4ac00000 - 0x00007fff4ac0c000 	C:\Windows\SYSTEM32\CRYPTBASE.dll
0x00007fff49d50000 - 0x00007fff49d83000 	C:\Windows\SYSTEM32\IPHLPAPI.DLL
0x00007fff4c8b0000 - 0x00007fff4c8ba000 	C:\Windows\System32\NSI.dll
0x00007ffef9cf0000 - 0x00007ffef9d39000 	C:\Users\venus\AppData\Local\Temp\jna-112093821\jna13986190736005027150.dll
0x00007fff4e410000 - 0x00007fff4e418000 	C:\Windows\System32\PSAPI.DLL

JVMTI agents:
c:\Users\venus\.vscode\extensions\redhat.java-1.56.0-win32-x64\lombok\lombok-1.18.39-4050.jar path:c:\Users\venus\.vscode\extensions\redhat.java-1.56.0-win32-x64\jre\21.0.12.1-win32-x86_64\bin\instrument.dll, loaded, initialized, instrumentlib options:none

dbghelp: loaded successfully - version: 4.0.5 - missing functions: none
symbol engine: initialized successfully - sym options: 0x614 - pdb path: .;c:\Users\venus\.vscode\extensions\redhat.java-1.56.0-win32-x64\jre\21.0.12.1-win32-x86_64\bin;C:\Windows\SYSTEM32;C:\Windows\WinSxS\amd64_microsoft.windows.common-controls_6595b64144ccf1df_6.0.26100.9278_none_3e0d1ba8e3303201;c:\Users\venus\.vscode\extensions\redhat.java-1.56.0-win32-x64\jre\21.0.12.1-win32-x86_64\bin\server;C:\Users\venus\AppData\Roaming\Code\User\globalStorage\redhat.java\1.56.0\config_ss_win\org.eclipse.equinox.launcher\org.eclipse.equinox.launcher.win32.win32.x86_64_1.3.100.v20260804-1928;C:\Users\venus\AppData\Local\Temp\jna-112093821

VM Arguments:
jvm_args: --add-modules=ALL-SYSTEM --add-opens=java.base/java.util=ALL-UNNAMED --add-opens=java.base/java.lang=ALL-UNNAMED --add-opens=java.base/sun.nio.fs=ALL-UNNAMED -Declipse.application=org.eclipse.jdt.ls.core.id1 -Dosgi.bundles.defaultStartLevel=4 -Declipse.product=org.eclipse.jdt.ls.core.product -Djava.import.generatesMetadataFilesAtProjectRoot=false -Dm2e.project.cache.size=50 -DDetectVMInstallationsJob.disabled=true -Dfile.encoding=utf8 -XX:+UseParallelGC -XX:GCTimeRatio=4 -XX:AdaptiveSizePolicyWeight=90 -Dsun.zip.disableMemoryMapping=true -Xmx2G -Xms100m -Xlog:disable -javaagent:c:\Users\venus\.vscode\extensions\redhat.java-1.56.0-win32-x64\lombok\lombok-1.18.39-4050.jar 
java_command: c:\Users\venus\.vscode\extensions\redhat.java-1.56.0-win32-x64\server\plugins\org.eclipse.equinox.launcher_1.8.0.v20260804-1928.jar -configuration c:\Users\venus\AppData\Roaming\Code\User\globalStorage\redhat.java\1.56.0\config_ss_win -data c:\Users\venus\AppData\Roaming\Code\User\workspaceStorage\a1c2109327cffd564bb637cc0b682864\redhat.java\ss_ws --pipe=\\.\pipe\lsp-757187d7c89623f7e5154917b038afc2-sock
java_class_path (initial): c:\Users\venus\.vscode\extensions\redhat.java-1.56.0-win32-x64\server\plugins\org.eclipse.equinox.launcher_1.8.0.v20260804-1928.jar
Launcher Type: SUN_STANDARD

[Global flags]
    uintx AdaptiveSizePolicyWeight                 = 90                                        {product} {command line}
     intx CICompilerCount                          = 4                                         {product} {ergonomic}
    uintx GCTimeRatio                              = 4                                         {product} {command line}
   size_t InitialHeapSize                          = 104857600                                 {product} {command line}
   size_t MaxHeapSize                              = 2147483648                                {product} {command line}
   size_t MaxNewSize                               = 715653120                                 {product} {ergonomic}
   size_t MinHeapDeltaBytes                        = 524288                                    {product} {ergonomic}
   size_t MinHeapSize                              = 104857600                                 {product} {command line}
   size_t NewSize                                  = 34603008                                  {product} {ergonomic}
    uintx NonNMethodCodeHeapSize                   = 5839372                                {pd product} {ergonomic}
    uintx NonProfiledCodeHeapSize                  = 122909434                              {pd product} {ergonomic}
   size_t OldSize                                  = 70254592                                  {product} {ergonomic}
    uintx ProfiledCodeHeapSize                     = 122909434                              {pd product} {ergonomic}
    uintx ReservedCodeCacheSize                    = 251658240                              {pd product} {ergonomic}
     bool SegmentedCodeCache                       = true                                      {product} {ergonomic}
   size_t SoftMaxHeapSize                          = 2147483648                             {manageable} {ergonomic}
     bool UseCompressedOops                        = true                           {product lp64_product} {ergonomic}
     bool UseLargePagesIndividualAllocation        = false                                  {pd product} {ergonomic}
     bool UseParallelGC                            = true                                      {product} {command line}

Logging:
Log output configuration:
 #0: stdout all=off uptime,level,tags foldmultilines=false
 #1: stderr all=off uptime,level,tags foldmultilines=false

Release file:
JAVA_VERSION="21.0.12.1" 
MODULES="java.base java.compiler java.datatransfer java.xml java.prefs java.desktop java.instrument java.logging java.management java.security.sasl java.naming java.rmi java.management.rmi java.net.http java.scripting java.security.jgss java.transaction.xa java.sql java.sql.rowset java.xml.crypto java.se java.smartcardio jdk.accessibility jdk.internal.jvmstat jdk.attach jdk.charsets jdk.internal.opt jdk.zipfs jdk.compiler jdk.crypto.ec jdk.crypto.cryptoki jdk.crypto.mscapi jdk.dynalink jdk.internal.ed jdk.editpad jdk.hotspot.agent jdk.httpserver jdk.internal.le jdk.internal.vm.ci jdk.internal.vm.compiler jdk.internal.vm.compiler.management jdk.jartool jdk.javadoc jdk.jcmd jdk.management jdk.management.agent jdk.jconsole jdk.jdeps jdk.jdwp.agent jdk.jdi jdk.jfr jdk.jshell jdk.jsobject jdk.jstatd jdk.localedata jdk.management.jfr jdk.naming.dns jdk.naming.rmi jdk.net jdk.nio.mapmode jdk.random jdk.sctp jdk.security.auth jdk.security.jgss jdk.unsupported jdk.unsupported.desktop jdk.xml.dom" 

Environment Variables:
JAVA_HOME=C:\Program Files\Eclipse Adoptium\jdk-25.0.4.101-hotspot\
PATH=C:\Program Files\Microsoft MPI\Bin\;C:\Program Files\Eclipse Adoptium\jdk-25.0.4.101-hotspot\bin;C:\Windows\system32;C:\Windows;C:\Windows\System32\Wbem;C:\Windows\System32\WindowsPowerShell\v1.0\;C:\Windows\System32\OpenSSH\;C:\ProgramData\UNIVALI\Portugol Studio;C:\Program Files\PowerShell\7-preview\preview;C:\Program Files\Git\cmd;C:\Program Files\Microsoft SQL Server\Client SDK\ODBC\170\Tools\Binn\;C:\Program Files (x86)\Microsoft SQL Server\150\Tools\Binn\;C:\Program Files\Microsoft SQL Server\150\Tools\Binn\;C:\Program Files\Microsoft SQL Server\150\DTS\Binn\;C:\Users\venus\AppData\Local\Microsoft\WindowsApps;C:\Users\venus\AppData\Local\Programs\Microsoft VS Code\bin;C:\Users\venus\AppData\Local\GitHubDesktop\bin
USERNAME=venus
OS=Windows_NT
PROCESSOR_IDENTIFIER=Intel64 Family 6 Model 154 Stepping 4, GenuineIntel
TMP=C:\Users\venus\AppData\Local\Temp
TEMP=C:\Users\venus\AppData\Local\Temp




Periodic native trim disabled

---------------  S Y S T E M  ---------------

OS:
 Windows 11 , 64 bit Build 26100 (10.0.26100.9444)
OS uptime: 0 days 0:37 hours

CPU: total 8 (initial active 8) (4 cores per cpu, 2 threads per core) family 6 model 154 stepping 4 microcode 0x43b, cx8, cmov, fxsr, ht, mmx, 3dnowpref, sse, sse2, sse3, ssse3, sse4.1, sse4.2, popcnt, lzcnt, tsc, tscinvbit, avx, avx2, aes, erms, clmul, bmi1, bmi2, adx, sha, fma, vzeroupper, clflush, clflushopt, clwb, serialize, rdtscp, rdpid, fsrm, f16c, pku, cet_ibt, cet_ss
Processor Information for processor 0
  Max Mhz: 1200, Current Mhz: 1200, Mhz Limit: 1200
Processor Information for processor 1
  Max Mhz: 1200, Current Mhz: 1200, Mhz Limit: 1200
Processor Information for processor 2
  Max Mhz: 1200, Current Mhz: 1200, Mhz Limit: 1200
Processor Information for processor 3
  Max Mhz: 1200, Current Mhz: 1200, Mhz Limit: 1200
Processor Information for processor 4
  Max Mhz: 900, Current Mhz: 900, Mhz Limit: 900
Processor Information for processor 5
  Max Mhz: 900, Current Mhz: 900, Mhz Limit: 900
Processor Information for processor 6
  Max Mhz: 900, Current Mhz: 900, Mhz Limit: 900
Processor Information for processor 7
  Max Mhz: 900, Current Mhz: 900, Mhz Limit: 900

Memory: 4k page, system-wide physical 3820M (29M free)
TotalPageFile size 12012M (AvailPageFile size 3M)
current process WorkingSet (physical memory assigned to process): 129M, peak: 131M
current process commit charge ("private bytes"): 270M, peak: 270M

vm_info: OpenJDK 64-Bit Server VM (21.0.12.1+1-LTS) for windows-amd64 JRE (21.0.12.1+1-LTS), built on 2026-08-18T00:00:00Z by "admin" with MS VC++ 17.12 (VS2022)

END.
