#
# There is insufficient memory for the Java Runtime Environment to continue.
# Native memory allocation (malloc) failed to allocate 91888 bytes. Error detail: Chunk::new
# Possible reasons:
#   The system is out of physical RAM or swap space
#   This process is running with CompressedOops enabled, and the Java Heap may be blocking the growth of the native heap
# Possible solutions:
#   Reduce memory load on the system
#   Increase physical memory or swap space
#   Check if swap backing store is full
#   Decrease Java heap size (-Xmx/-Xms)
#   Decrease number of Java threads
#   Decrease Java thread stack sizes (-Xss)
#   Set larger code cache with -XX:ReservedCodeCacheSize=
#   JVM is running with Unscaled Compressed Oops mode in which the Java heap is
#     placed in the first 4GB address space. The Java Heap base address is the
#     maximum limit for the native heap growth. Please use -XX:HeapBaseMinAddress
#     to set the Java Heap base and to place the Java Heap above 4GB virtual address.
# This output file may be truncated or incomplete.
#
#  Out of Memory Error (arena.cpp:168), pid=16876, tid=13852
#
# JRE version: OpenJDK Runtime Environment Temurin-21.0.12.1+1 (21.0.12.1+1) (build 21.0.12.1+1-LTS)
# Java VM: OpenJDK 64-Bit Server VM Temurin-21.0.12.1+1 (21.0.12.1+1-LTS, mixed mode, sharing, tiered, compressed oops, compressed class ptrs, parallel gc, windows-amd64)
# No core dump will be written. Minidumps are not enabled by default on client versions of Windows
#

---------------  S U M M A R Y ------------

Command Line: --add-modules=ALL-SYSTEM --add-opens=java.base/java.util=ALL-UNNAMED --add-opens=java.base/java.lang=ALL-UNNAMED --add-opens=java.base/sun.nio.fs=ALL-UNNAMED -Declipse.application=org.eclipse.jdt.ls.core.id1 -Dosgi.bundles.defaultStartLevel=4 -Declipse.product=org.eclipse.jdt.ls.core.product -Djava.import.generatesMetadataFilesAtProjectRoot=false -Dm2e.project.cache.size=50 -DDetectVMInstallationsJob.disabled=true -Dfile.encoding=utf8 -XX:+UseParallelGC -XX:GCTimeRatio=4 -XX:AdaptiveSizePolicyWeight=90 -Dsun.zip.disableMemoryMapping=true -Xmx2G -Xms100m -Xlog:disable -javaagent:c:\Users\venus\.vscode\extensions\redhat.java-1.56.0-win32-x64\lombok\lombok-1.18.39-4050.jar -XX:+HeapDumpOnOutOfMemoryError -XX:HeapDumpPath=c:\Users\venus\AppData\Roaming\Code\User\workspaceStorage\a1c2109327cffd564bb637cc0b682864\redhat.java -Daether.dependencyCollector.impl=bf c:\Users\venus\.vscode\extensions\redhat.java-1.56.0-win32-x64\server\plugins\org.eclipse.equinox.launcher_1.8.0.v20260804-1928.jar -configuration c:\Users\venus\AppData\Roaming\Code\User\globalStorage\redhat.java\1.56.0\config_win -data c:\Users\venus\AppData\Roaming\Code\User\workspaceStorage\a1c2109327cffd564bb637cc0b682864\redhat.java\jdt_ws --stdio

Host: 12th Gen Intel(R) Core(TM) i3-1215U, 8 cores, 3G,  Windows 11 , 64 bit Build 26100 (10.0.26100.9444)
Time: Wed Oct  7 02:49:35 2026 Hora oficial do Brasil elapsed time: 238.996758 seconds (0d 0h 3m 58s)

---------------  T H R E A D  ---------------

Current thread (0x000002bc7de9c2b0):  JavaThread "C2 CompilerThread0" daemon [_thread_in_native, id=13852, stack(0x000000d377200000,0x000000d377300000) (1024K)]


Current CompileTask:
C2:238997 14345       4       jdk.internal.reflect.ClassFileAssembler::emitConstantPoolUTF8 (50 bytes)

Stack: [0x000000d377200000,0x000000d377300000]
Native frames: (J=compiled Java code, j=interpreted, Vv=VM code, C=native code)
V  [jvm.dll+0x6d83e9]
V  [jvm.dll+0x8b5736]
V  [jvm.dll+0x8b7cee]
V  [jvm.dll+0x8b83d3]
V  [jvm.dll+0x284596]
V  [jvm.dll+0xc685d]
V  [jvm.dll+0xc6da1]
V  [jvm.dll+0x3bf18b]
V  [jvm.dll+0x1e3f42]
V  [jvm.dll+0x24c853]
V  [jvm.dll+0x24bce0]
V  [jvm.dll+0x1cb4ae]
V  [jvm.dll+0x25baad]
V  [jvm.dll+0x25a03a]
V  [jvm.dll+0x3f8aae]
V  [jvm.dll+0x8600cd]
V  [jvm.dll+0x6d6c1d]
C  [ucrtbase.dll+0x2cd30]
C  [KERNEL32.DLL+0x2cd87]
C  [ntdll.dll+0xacaec]


---------------  P R O C E S S  ---------------

Threads class SMR info:
_java_thread_list=0x000002bc4abfedf0, length=40, elements={
0x000002bc6b411770, 0x000002bc6b4cc660, 0x000002bc7de84ac0, 0x000002bc7de86e70,
0x000002bc7de87d30, 0x000002bc7de88d40, 0x000002bc7de8bbb0, 0x000002bc7de9c2b0,
0x000002bc7f7701f0, 0x000002bc7f9f5ba0, 0x000002bc7fa0bff0, 0x000002bc49515020,
0x000002bc495156b0, 0x000002bc49517e10, 0x000002bc495184a0, 0x000002bc495170f0,
0x000002bc49515d40, 0x000002bc495163d0, 0x000002bc49517780, 0x000002bc49516a60,
0x000002bc4a311770, 0x000002bc4a311e00, 0x000002bc4a312b20, 0x000002bc4a30fd30,
0x000002bc4a313840, 0x000002bc4a3103c0, 0x000002bc4a310a50, 0x000002bc4a314560,
0x000002bc4a3110e0, 0x000002bc4a315fa0, 0x000002bc4a316630, 0x000002bc4a316cc0,
0x000002bc4a315280, 0x000002bc4a315910, 0x000002bc4a314bf0, 0x000002bc49b0fc00,
0x000002bc49b0c780, 0x000002bc49b10290, 0x000002bc49b12360, 0x000002bc4b5ce510
}

Java Threads: ( => current thread )
  0x000002bc6b411770 JavaThread "main"                              [_thread_blocked, id=14672, stack(0x000000d376800000,0x000000d376900000) (1024K)]
  0x000002bc6b4cc660 JavaThread "Reference Handler"          daemon [_thread_blocked, id=20008, stack(0x000000d376c00000,0x000000d376d00000) (1024K)]
  0x000002bc7de84ac0 JavaThread "Finalizer"                  daemon [_thread_blocked, id=20100, stack(0x000000d376d00000,0x000000d376e00000) (1024K)]
  0x000002bc7de86e70 JavaThread "Signal Dispatcher"          daemon [_thread_blocked, id=17440, stack(0x000000d376e00000,0x000000d376f00000) (1024K)]
  0x000002bc7de87d30 JavaThread "Attach Listener"            daemon [_thread_blocked, id=3520, stack(0x000000d376f00000,0x000000d377000000) (1024K)]
  0x000002bc7de88d40 JavaThread "Service Thread"             daemon [_thread_blocked, id=18232, stack(0x000000d377000000,0x000000d377100000) (1024K)]
  0x000002bc7de8bbb0 JavaThread "Monitor Deflation Thread"   daemon [_thread_blocked, id=8304, stack(0x000000d377100000,0x000000d377200000) (1024K)]
=>0x000002bc7de9c2b0 JavaThread "C2 CompilerThread0"         daemon [_thread_in_native, id=13852, stack(0x000000d377200000,0x000000d377300000) (1024K)]
  0x000002bc7f7701f0 JavaThread "C1 CompilerThread0"         daemon [_thread_blocked, id=3544, stack(0x000000d377300000,0x000000d377400000) (1024K)]
  0x000002bc7f9f5ba0 JavaThread "Common-Cleaner"             daemon [_thread_blocked, id=16172, stack(0x000000d377400000,0x000000d377500000) (1024K)]
  0x000002bc7fa0bff0 JavaThread "Notification Thread"        daemon [_thread_blocked, id=10020, stack(0x000000d377500000,0x000000d377600000) (1024K)]
  0x000002bc49515020 JavaThread "Active Thread: Equinox Container: 3ca527cd-e61d-4efb-b234-0fe9cbbef885"        [_thread_blocked, id=11772, stack(0x000000d377c00000,0x000000d377d00000) (1024K)]
  0x000002bc495156b0 JavaThread "Refresh Thread: Equinox Container: 3ca527cd-e61d-4efb-b234-0fe9cbbef885" daemon [_thread_blocked, id=14568, stack(0x000000d377e00000,0x000000d377f00000) (1024K)]
  0x000002bc49517e10 JavaThread "Framework Event Dispatcher: Equinox Container: 3ca527cd-e61d-4efb-b234-0fe9cbbef885" daemon [_thread_blocked, id=7664, stack(0x000000d377f00000,0x000000d378000000) (1024K)]
  0x000002bc495184a0 JavaThread "Start Level: Equinox Container: 3ca527cd-e61d-4efb-b234-0fe9cbbef885" daemon [_thread_blocked, id=20660, stack(0x000000d378000000,0x000000d378100000) (1024K)]
  0x000002bc495170f0 JavaThread "Bundle File Closer"         daemon [_thread_blocked, id=20488, stack(0x000000d378100000,0x000000d378200000) (1024K)]
  0x000002bc49515d40 JavaThread "SCR Component Actor"        daemon [_thread_blocked, id=15580, stack(0x000000d378200000,0x000000d378300000) (1024K)]
  0x000002bc495163d0 JavaThread "Worker-JM"                         [_thread_blocked, id=2740, stack(0x000000d378300000,0x000000d378400000) (1024K)]
  0x000002bc49517780 JavaThread "JNA Cleaner"                daemon [_thread_blocked, id=5904, stack(0x000000d378400000,0x000000d378500000) (1024K)]
  0x000002bc49516a60 JavaThread "Worker-0"                          [_thread_blocked, id=20360, stack(0x000000d378500000,0x000000d378600000) (1024K)]
  0x000002bc4a311770 JavaThread "Worker-1"                          [_thread_blocked, id=18140, stack(0x000000d378600000,0x000000d378700000) (1024K)]
  0x000002bc4a311e00 JavaThread "Worker-2: Shutdown..."             [_thread_in_Java, id=20276, stack(0x000000d378800000,0x000000d378900000) (1024K)]
  0x000002bc4a312b20 JavaThread "Java indexing"              daemon [_thread_blocked, id=21240, stack(0x000000d378900000,0x000000d378a00000) (1024K)]
  0x000002bc4a30fd30 JavaThread "Worker-3"                          [_thread_blocked, id=19816, stack(0x000000d378c00000,0x000000d378d00000) (1024K)]
  0x000002bc4a313840 JavaThread "Worker-4"                          [_thread_blocked, id=19472, stack(0x000000d378d00000,0x000000d378e00000) (1024K)]
  0x000002bc4a3103c0 JavaThread "pool-2-thread-1"                   [_thread_blocked, id=19324, stack(0x000000d378e00000,0x000000d378f00000) (1024K)]
  0x000002bc4a310a50 JavaThread "WorkspaceEventsHandler"            [_thread_blocked, id=10832, stack(0x000000d378f00000,0x000000d379000000) (1024K)]
  0x000002bc4a314560 JavaThread "pool-1-thread-1"                   [_thread_blocked, id=20308, stack(0x000000d379000000,0x000000d379100000) (1024K)]
  0x000002bc4a3110e0 JavaThread "PatternSearchJob-worker-1"  daemon [_thread_blocked, id=9856, stack(0x000000d379100000,0x000000d379200000) (1024K)]
  0x000002bc4a315fa0 JavaThread "PatternSearchJob-worker-2"  daemon [_thread_blocked, id=11904, stack(0x000000d379200000,0x000000d379300000) (1024K)]
  0x000002bc4a316630 JavaThread "PatternSearchJob-worker-3"  daemon [_thread_blocked, id=16888, stack(0x000000d379300000,0x000000d379400000) (1024K)]
  0x000002bc4a316cc0 JavaThread "PatternSearchJob-worker-4"  daemon [_thread_blocked, id=6124, stack(0x000000d379400000,0x000000d379500000) (1024K)]
  0x000002bc4a315280 JavaThread "PatternSearchJob-worker-5"  daemon [_thread_blocked, id=10100, stack(0x000000d379500000,0x000000d379600000) (1024K)]
  0x000002bc4a315910 JavaThread "PatternSearchJob-worker-6"  daemon [_thread_blocked, id=13308, stack(0x000000d379600000,0x000000d379700000) (1024K)]
  0x000002bc4a314bf0 JavaThread "PatternSearchJob-worker-7"  daemon [_thread_blocked, id=1096, stack(0x000000d379700000,0x000000d379800000) (1024K)]
  0x000002bc49b0fc00 JavaThread "Worker-5: Initialize workspace"        [_thread_blocked, id=13356, stack(0x000000d378700000,0x000000d378800000) (1024K)]
  0x000002bc49b0c780 JavaThread "Worker-6"                          [_thread_blocked, id=21352, stack(0x000000d379800000,0x000000d379900000) (1024K)]
  0x000002bc49b10290 JavaThread "Worker-7"                          [_thread_blocked, id=17672, stack(0x000000d379900000,0x000000d379a00000) (1024K)]
  0x000002bc49b12360 JavaThread "Worker-8"                          [_thread_blocked, id=20332, stack(0x000000d376500000,0x000000d376600000) (1024K)]
  0x000002bc4b5ce510 JavaThread "pool-4-thread-1"                   [_thread_blocked, id=18456, stack(0x000000d376600000,0x000000d376700000) (1024K)]
Total: 40

Other Threads:
  0x000002bc7de82670 VMThread "VM Thread"                           [id=20408, stack(0x000000d376b00000,0x000000d376c00000) (1024K)]
  0x000002bc6b4084c0 WatcherThread "VM Periodic Task Thread"        [id=19000, stack(0x000000d376a00000,0x000000d376b00000) (1024K)]
  0x000002bc6b42ec50 WorkerThread "GC Thread#0"                     [id=20148, stack(0x000000d376900000,0x000000d376a00000) (1024K)]
  0x000002bc7facac30 WorkerThread "GC Thread#1"                     [id=19420, stack(0x000000d377600000,0x000000d377700000) (1024K)]
  0x000002bc4931bb20 WorkerThread "GC Thread#2"                     [id=19076, stack(0x000000d377700000,0x000000d377800000) (1024K)]
  0x000002bc4907e9c0 WorkerThread "GC Thread#3"                     [id=16784, stack(0x000000d377800000,0x000000d377900000) (1024K)]
  0x000002bc4907ed70 WorkerThread "GC Thread#4"                     [id=5340, stack(0x000000d377900000,0x000000d377a00000) (1024K)]
  0x000002bc4907f120 WorkerThread "GC Thread#5"                     [id=20620, stack(0x000000d377a00000,0x000000d377b00000) (1024K)]
  0x000002bc49055be0 WorkerThread "GC Thread#6"                     [id=13884, stack(0x000000d377b00000,0x000000d377c00000) (1024K)]
  0x000002bc49665ab0 WorkerThread "GC Thread#7"                     [id=20072, stack(0x000000d377d00000,0x000000d377e00000) (1024K)]
Total: 10

Threads with active compile tasks:
C2 CompilerThread0  239091 14345       4       jdk.internal.reflect.ClassFileAssembler::emitConstantPoolUTF8 (50 bytes)
Total: 1

VM state: not at safepoint (normal execution)

VM Mutex/Monitor currently owned by a thread: None

Heap address: 0x0000000080000000, size: 2048 MB, Compressed Oops mode: 32-bit

CDS archive(s) mapped at: [0x000002bc04000000-0x000002bc04ba0000-0x000002bc04ba0000), size 12189696, SharedBaseAddress: 0x000002bc04000000, ArchiveRelocationMode: 1.
Compressed class space mapped at: 0x000002bc05000000-0x000002bc45000000, reserved size: 1073741824
Narrow klass base: 0x000002bc04000000, Narrow klass shift: 0, Narrow klass range: 0x100000000

GC Precious Log:
 CardTable entry size: 512
 CPUs: 8 total, 8 available
 Memory: 3820M
 Large Page Support: Disabled
 NUMA Support: Disabled
 Compressed Oops: Enabled (32-bit)
 Alignments: Space 512K, Generation 512K, Heap 2M
 Heap Min Capacity: 100M
 Heap Initial Capacity: 100M
 Heap Max Capacity: 2G
 Pre-touch: Disabled
 Parallel Workers: 8

Heap:
 PSYoungGen      total 3072K, used 2531K [0x00000000d5580000, 0x00000000d5c00000, 0x0000000100000000)
  eden space 2560K, 90% used [0x00000000d5580000,0x00000000d57c0c00,0x00000000d5800000)
  from space 512K, 43% used [0x00000000d5b00000,0x00000000d5b38000,0x00000000d5b80000)
  to   space 512K, 0% used [0x00000000d5b80000,0x00000000d5b80000,0x00000000d5c00000)
 ParOldGen       total 885760K, used 885708K [0x0000000080000000, 0x00000000b6100000, 0x00000000d5580000)
  object space 885760K, 99% used [0x0000000080000000,0x00000000b60f3348,0x00000000b6100000)
 Metaspace       used 62408K, committed 64192K, reserved 1114112K
  class space    used 6562K, committed 7360K, reserved 1048576K

Card table byte_map: [0x000002bc6ade0000,0x000002bc6b1f0000] _byte_map_base: 0x000002bc6a9e0000

Marking Bits: (ParMarkBitMap*) 0x00007ffe3e2444a0
 Begin Bits: [0x000002bc00000000, 0x000002bc02000000)
 End Bits:   [0x000002bc02000000, 0x000002bc04000000)

Polling page: 0x000002bc6abd0000

Metaspace:

Usage:
  Non-class:     54.54 MB used.
      Class:      6.41 MB used.
       Both:     60.95 MB used.

Virtual space:
  Non-class space:       64.00 MB reserved,      55.50 MB ( 87%) committed,  1 nodes.
      Class space:        1.00 GB reserved,       7.19 MB ( <1%) committed,  1 nodes.
             Both:        1.06 GB reserved,      62.69 MB (  6%) committed. 

Chunk freelists:
   Non-Class:  8.19 MB
       Class:  8.79 MB
        Both:  16.98 MB

MaxMetaspaceSize: unlimited
CompressedClassSpaceSize: 1.00 GB
Initial GC threshold: 21.00 MB
Current GC threshold: 97.31 MB
CDS: on
 - commit_granule_bytes: 65536.
 - commit_granule_words: 8192.
 - virtual_space_node_default_size: 8388608.
 - enlarge_chunks_in_place: 1.
 - use_allocation_guard: 0.


Internal statistics:

num_allocs_failed_limit: 9.
num_arena_births: 1960.
num_arena_deaths: 74.
num_vsnodes_births: 2.
num_vsnodes_deaths: 0.
num_space_committed: 1003.
num_space_uncommitted: 0.
num_chunks_returned_to_freelist: 111.
num_chunks_taken_from_freelist: 5366.
num_chunk_merges: 30.
num_chunk_splits: 3088.
num_chunks_enlarged: 1352.
num_inconsistent_stats: 0.

CodeHeap 'non-profiled nmethods': size=120000Kb used=10624Kb max_used=10624Kb free=109375Kb
 bounds [0x000002bc760e0000, 0x000002bc76b50000, 0x000002bc7d610000]
CodeHeap 'profiled nmethods': size=120000Kb used=29742Kb max_used=29742Kb free=90257Kb
 bounds [0x000002bc6e610000, 0x000002bc70320000, 0x000002bc75b40000]
CodeHeap 'non-nmethods': size=5760Kb used=1404Kb max_used=1459Kb free=4355Kb
 bounds [0x000002bc75b40000, 0x000002bc75db0000, 0x000002bc760e0000]
CodeCache: size=245760Kb, used=41770Kb, max_used=41825Kb, free=203987Kb
 total_blobs=14261, nmethods=13549, adapters=618, full_count=0
Compilation: enabled, stopped_count=0, restarted_count=0

Compilation events (20 events):
Event: 238.877 Thread 0x000002bc7f7701f0 nmethod 14337 0x000002bc70314690 code [0x000002bc703148e0, 0x000002bc70315118]
Event: 238.877 Thread 0x000002bc7f7701f0 14336       1       java.util.HashMap::loadFactor (5 bytes)
Event: 238.877 Thread 0x000002bc7f7701f0 nmethod 14336 0x000002bc76b3ef90 code [0x000002bc76b3f120, 0x000002bc76b3f1e8]
Event: 238.881 Thread 0x000002bc7f7701f0 14338       3       java.io.ObjectOutputStream$BlockDataOutputStream::writeShort (47 bytes)
Event: 238.883 Thread 0x000002bc7f7701f0 nmethod 14338 0x000002bc70315490 code [0x000002bc70315720, 0x000002bc70316430]
Event: 238.883 Thread 0x000002bc7f7701f0 14339       3       java.io.ObjectOutputStream$BlockDataOutputStream::writeUTF (46 bytes)
Event: 238.884 Thread 0x000002bc7f7701f0 nmethod 14339 0x000002bc70316910 code [0x000002bc70316b20, 0x000002bc70316f88]
Event: 238.887 Thread 0x000002bc7f7701f0 14340       3       java.io.ObjectStreamClass$FieldReflector::getObjFieldValues (96 bytes)
Event: 238.887 Thread 0x000002bc7de9c2b0 14343       4       java.io.ObjectOutputStream$HandleTable::lookup (56 bytes)
Event: 238.887 Thread 0x000002bc7f7701f0 nmethod 14340 0x000002bc70317190 code [0x000002bc703173a0, 0x000002bc70317978]
Event: 238.887 Thread 0x000002bc7f7701f0 14341       3       java.io.ObjectOutputStream::writeString (74 bytes)
Event: 238.888 Thread 0x000002bc7f7701f0 nmethod 14341 0x000002bc70317c10 code [0x000002bc70317e80, 0x000002bc70318480]
Event: 238.888 Thread 0x000002bc7f7701f0 14342       3       java.io.ObjectOutputStream::writeRecordData (71 bytes)
Event: 238.889 Thread 0x000002bc7f7701f0 nmethod 14342 0x000002bc70318790 code [0x000002bc703189e0, 0x000002bc70319128]
Event: 238.890 Thread 0x000002bc7de9c2b0 nmethod 14343 0x000002bc76b3f290 code [0x000002bc76b3f440, 0x000002bc76b3f670]
Event: 238.909 Thread 0x000002bc7de9c2b0 14344       4       sun.instrument.InstrumentationImpl::transform (73 bytes)
Event: 238.927 Thread 0x000002bc7de9c2b0 nmethod 14344 0x000002bc76b3f810 code [0x000002bc76b3f9c0, 0x000002bc76b3fd10]
Event: 238.966 Thread 0x000002bc7de9c2b0 14345       4       jdk.internal.reflect.ClassFileAssembler::emitConstantPoolUTF8 (50 bytes)
Event: 238.970 Thread 0x000002bc7f7701f0 14347       3       jdk.internal.reflect.ReflectionFactory::newConstructorAccessor (144 bytes)
Event: 238.987 Thread 0x000002bc7f7701f0 nmethod 14347 0x000002bc70319490 code [0x000002bc703196c0, 0x000002bc70319d00]

GC Heap History (20 events):
Event: 194.627 GC heap before
{Heap before GC invocations=2663 (full 3):
 PSYoungGen      total 4096K, used 4043K [0x00000000d5580000, 0x00000000d5f00000, 0x0000000100000000)
  eden space 2560K, 98% used [0x00000000d5580000,0x00000000d57f3980,0x00000000d5800000)
  from space 1536K, 99% used [0x00000000d5800000,0x00000000d597f5c8,0x00000000d5980000)
  to   space 3584K, 0% used [0x00000000d5b80000,0x00000000d5b80000,0x00000000d5f00000)
 ParOldGen       total 885248K, used 885028K [0x0000000080000000, 0x00000000b6080000, 0x00000000d5580000)
  object space 885248K, 99% used [0x0000000080000000,0x00000000b6049348,0x00000000b6080000)
 Metaspace       used 62100K, committed 63808K, reserved 1114112K
  class space    used 6526K, committed 7296K, reserved 1048576K
}
Event: 194.633 GC heap after
{Heap after GC invocations=2663 (full 3):
 PSYoungGen      total 3072K, used 224K [0x00000000d5580000, 0x00000000d5c00000, 0x0000000100000000)
  eden space 2560K, 0% used [0x00000000d5580000,0x00000000d5580000,0x00000000d5800000)
  from space 512K, 43% used [0x00000000d5b80000,0x00000000d5bb8000,0x00000000d5c00000)
  to   space 1536K, 0% used [0x00000000d5900000,0x00000000d5900000,0x00000000d5a80000)
 ParOldGen       total 885760K, used 885404K [0x0000000080000000, 0x00000000b6100000, 0x00000000d5580000)
  object space 885760K, 99% used [0x0000000080000000,0x00000000b60a7348,0x00000000b6100000)
 Metaspace       used 62100K, committed 63808K, reserved 1114112K
  class space    used 6526K, committed 7296K, reserved 1048576K
}
Event: 196.591 GC heap before
{Heap before GC invocations=2664 (full 3):
 PSYoungGen      total 3072K, used 2784K [0x00000000d5580000, 0x00000000d5c00000, 0x0000000100000000)
  eden space 2560K, 100% used [0x00000000d5580000,0x00000000d5800000,0x00000000d5800000)
  from space 512K, 43% used [0x00000000d5b80000,0x00000000d5bb8000,0x00000000d5c00000)
  to   space 1536K, 0% used [0x00000000d5900000,0x00000000d5900000,0x00000000d5a80000)
 ParOldGen       total 885760K, used 885404K [0x0000000080000000, 0x00000000b6100000, 0x00000000d5580000)
  object space 885760K, 99% used [0x0000000080000000,0x00000000b60a7348,0x00000000b6100000)
 Metaspace       used 62100K, committed 63808K, reserved 1114112K
  class space    used 6526K, committed 7296K, reserved 1048576K
}
Event: 196.596 GC heap after
{Heap after GC invocations=2664 (full 3):
 PSYoungGen      total 4096K, used 128K [0x00000000d5580000, 0x00000000d5c00000, 0x0000000100000000)
  eden space 2560K, 0% used [0x00000000d5580000,0x00000000d5580000,0x00000000d5800000)
  from space 1536K, 8% used [0x00000000d5900000,0x00000000d5920000,0x00000000d5a80000)
  to   space 512K, 0% used [0x00000000d5b80000,0x00000000d5b80000,0x00000000d5c00000)
 ParOldGen       total 885760K, used 885428K [0x0000000080000000, 0x00000000b6100000, 0x00000000d5580000)
  object space 885760K, 99% used [0x0000000080000000,0x00000000b60ad348,0x00000000b6100000)
 Metaspace       used 62100K, committed 63808K, reserved 1114112K
  class space    used 6526K, committed 7296K, reserved 1048576K
}
Event: 197.239 GC heap before
{Heap before GC invocations=2665 (full 3):
 PSYoungGen      total 4096K, used 2688K [0x00000000d5580000, 0x00000000d5c00000, 0x0000000100000000)
  eden space 2560K, 100% used [0x00000000d5580000,0x00000000d5800000,0x00000000d5800000)
  from space 1536K, 8% used [0x00000000d5900000,0x00000000d5920000,0x00000000d5a80000)
  to   space 512K, 0% used [0x00000000d5b80000,0x00000000d5b80000,0x00000000d5c00000)
 ParOldGen       total 885760K, used 885428K [0x0000000080000000, 0x00000000b6100000, 0x00000000d5580000)
  object space 885760K, 99% used [0x0000000080000000,0x00000000b60ad348,0x00000000b6100000)
 Metaspace       used 62100K, committed 63808K, reserved 1114112K
  class space    used 6526K, committed 7296K, reserved 1048576K
}
Event: 197.242 GC heap after
{Heap after GC invocations=2665 (full 3):
 PSYoungGen      total 3072K, used 256K [0x00000000d5580000, 0x00000000d5c00000, 0x0000000100000000)
  eden space 2560K, 0% used [0x00000000d5580000,0x00000000d5580000,0x00000000d5800000)
  from space 512K, 50% used [0x00000000d5b80000,0x00000000d5bc0000,0x00000000d5c00000)
  to   space 512K, 0% used [0x00000000d5b00000,0x00000000d5b00000,0x00000000d5b80000)
 ParOldGen       total 885760K, used 885468K [0x0000000080000000, 0x00000000b6100000, 0x00000000d5580000)
  object space 885760K, 99% used [0x0000000080000000,0x00000000b60b7348,0x00000000b6100000)
 Metaspace       used 62100K, committed 63808K, reserved 1114112K
  class space    used 6526K, committed 7296K, reserved 1048576K
}
Event: 197.307 GC heap before
{Heap before GC invocations=2666 (full 3):
 PSYoungGen      total 3072K, used 2816K [0x00000000d5580000, 0x00000000d5c00000, 0x0000000100000000)
  eden space 2560K, 100% used [0x00000000d5580000,0x00000000d5800000,0x00000000d5800000)
  from space 512K, 50% used [0x00000000d5b80000,0x00000000d5bc0000,0x00000000d5c00000)
  to   space 512K, 0% used [0x00000000d5b00000,0x00000000d5b00000,0x00000000d5b80000)
 ParOldGen       total 885760K, used 885468K [0x0000000080000000, 0x00000000b6100000, 0x00000000d5580000)
  object space 885760K, 99% used [0x0000000080000000,0x00000000b60b7348,0x00000000b6100000)
 Metaspace       used 62100K, committed 63808K, reserved 1114112K
  class space    used 6526K, committed 7296K, reserved 1048576K
}
Event: 197.319 GC heap after
{Heap after GC invocations=2666 (full 3):
 PSYoungGen      total 3072K, used 160K [0x00000000d5580000, 0x00000000d5c00000, 0x0000000100000000)
  eden space 2560K, 0% used [0x00000000d5580000,0x00000000d5580000,0x00000000d5800000)
  from space 512K, 31% used [0x00000000d5b00000,0x00000000d5b28000,0x00000000d5b80000)
  to   space 512K, 0% used [0x00000000d5b80000,0x00000000d5b80000,0x00000000d5c00000)
 ParOldGen       total 885760K, used 885540K [0x0000000080000000, 0x00000000b6100000, 0x00000000d5580000)
  object space 885760K, 99% used [0x0000000080000000,0x00000000b60c9348,0x00000000b6100000)
 Metaspace       used 62100K, committed 63808K, reserved 1114112K
  class space    used 6526K, committed 7296K, reserved 1048576K
}
Event: 197.650 GC heap before
{Heap before GC invocations=2667 (full 3):
 PSYoungGen      total 3072K, used 2720K [0x00000000d5580000, 0x00000000d5c00000, 0x0000000100000000)
  eden space 2560K, 100% used [0x00000000d5580000,0x00000000d5800000,0x00000000d5800000)
  from space 512K, 31% used [0x00000000d5b00000,0x00000000d5b28000,0x00000000d5b80000)
  to   space 512K, 0% used [0x00000000d5b80000,0x00000000d5b80000,0x00000000d5c00000)
 ParOldGen       total 885760K, used 885540K [0x0000000080000000, 0x00000000b6100000, 0x00000000d5580000)
  object space 885760K, 99% used [0x0000000080000000,0x00000000b60c9348,0x00000000b6100000)
 Metaspace       used 62100K, committed 63808K, reserved 1114112K
  class space    used 6526K, committed 7296K, reserved 1048576K
}
Event: 197.652 GC heap after
{Heap after GC invocations=2667 (full 3):
 PSYoungGen      total 3072K, used 256K [0x00000000d5580000, 0x00000000d5c00000, 0x0000000100000000)
  eden space 2560K, 0% used [0x00000000d5580000,0x00000000d5580000,0x00000000d5800000)
  from space 512K, 50% used [0x00000000d5b80000,0x00000000d5bc0000,0x00000000d5c00000)
  to   space 512K, 0% used [0x00000000d5b00000,0x00000000d5b00000,0x00000000d5b80000)
 ParOldGen       total 885760K, used 885540K [0x0000000080000000, 0x00000000b6100000, 0x00000000d5580000)
  object space 885760K, 99% used [0x0000000080000000,0x00000000b60c9348,0x00000000b6100000)
 Metaspace       used 62100K, committed 63808K, reserved 1114112K
  class space    used 6526K, committed 7296K, reserved 1048576K
}
Event: 197.713 GC heap before
{Heap before GC invocations=2668 (full 3):
 PSYoungGen      total 3072K, used 2816K [0x00000000d5580000, 0x00000000d5c00000, 0x0000000100000000)
  eden space 2560K, 100% used [0x00000000d5580000,0x00000000d5800000,0x00000000d5800000)
  from space 512K, 50% used [0x00000000d5b80000,0x00000000d5bc0000,0x00000000d5c00000)
  to   space 512K, 0% used [0x00000000d5b00000,0x00000000d5b00000,0x00000000d5b80000)
 ParOldGen       total 885760K, used 885540K [0x0000000080000000, 0x00000000b6100000, 0x00000000d5580000)
  object space 885760K, 99% used [0x0000000080000000,0x00000000b60c9348,0x00000000b6100000)
 Metaspace       used 62100K, committed 63808K, reserved 1114112K
  class space    used 6526K, committed 7296K, reserved 1048576K
}
Event: 197.715 GC heap after
{Heap after GC invocations=2668 (full 3):
 PSYoungGen      total 3072K, used 96K [0x00000000d5580000, 0x00000000d5c00000, 0x0000000100000000)
  eden space 2560K, 0% used [0x00000000d5580000,0x00000000d5580000,0x00000000d5800000)
  from space 512K, 18% used [0x00000000d5b00000,0x00000000d5b18000,0x00000000d5b80000)
  to   space 512K, 0% used [0x00000000d5b80000,0x00000000d5b80000,0x00000000d5c00000)
 ParOldGen       total 885760K, used 885604K [0x0000000080000000, 0x00000000b6100000, 0x00000000d5580000)
  object space 885760K, 99% used [0x0000000080000000,0x00000000b60d9348,0x00000000b6100000)
 Metaspace       used 62100K, committed 63808K, reserved 1114112K
  class space    used 6526K, committed 7296K, reserved 1048576K
}
Event: 198.165 GC heap before
{Heap before GC invocations=2669 (full 3):
 PSYoungGen      total 3072K, used 2656K [0x00000000d5580000, 0x00000000d5c00000, 0x0000000100000000)
  eden space 2560K, 100% used [0x00000000d5580000,0x00000000d5800000,0x00000000d5800000)
  from space 512K, 18% used [0x00000000d5b00000,0x00000000d5b18000,0x00000000d5b80000)
  to   space 512K, 0% used [0x00000000d5b80000,0x00000000d5b80000,0x00000000d5c00000)
 ParOldGen       total 885760K, used 885604K [0x0000000080000000, 0x00000000b6100000, 0x00000000d5580000)
  object space 885760K, 99% used [0x0000000080000000,0x00000000b60d9348,0x00000000b6100000)
 Metaspace       used 62100K, committed 63808K, reserved 1114112K
  class space    used 6526K, committed 7296K, reserved 1048576K
}
Event: 198.167 GC heap after
{Heap after GC invocations=2669 (full 3):
 PSYoungGen      total 3072K, used 256K [0x00000000d5580000, 0x00000000d5c00000, 0x0000000100000000)
  eden space 2560K, 0% used [0x00000000d5580000,0x00000000d5580000,0x00000000d5800000)
  from space 512K, 50% used [0x00000000d5b80000,0x00000000d5bc0000,0x00000000d5c00000)
  to   space 512K, 0% used [0x00000000d5b00000,0x00000000d5b00000,0x00000000d5b80000)
 ParOldGen       total 885760K, used 885604K [0x0000000080000000, 0x00000000b6100000, 0x00000000d5580000)
  object space 885760K, 99% used [0x0000000080000000,0x00000000b60d9348,0x00000000b6100000)
 Metaspace       used 62100K, committed 63808K, reserved 1114112K
  class space    used 6526K, committed 7296K, reserved 1048576K
}
Event: 198.232 GC heap before
{Heap before GC invocations=2670 (full 3):
 PSYoungGen      total 3072K, used 2816K [0x00000000d5580000, 0x00000000d5c00000, 0x0000000100000000)
  eden space 2560K, 100% used [0x00000000d5580000,0x00000000d5800000,0x00000000d5800000)
  from space 512K, 50% used [0x00000000d5b80000,0x00000000d5bc0000,0x00000000d5c00000)
  to   space 512K, 0% used [0x00000000d5b00000,0x00000000d5b00000,0x00000000d5b80000)
 ParOldGen       total 885760K, used 885604K [0x0000000080000000, 0x00000000b6100000, 0x00000000d5580000)
  object space 885760K, 99% used [0x0000000080000000,0x00000000b60d9348,0x00000000b6100000)
 Metaspace       used 62100K, committed 63808K, reserved 1114112K
  class space    used 6526K, committed 7296K, reserved 1048576K
}
Event: 198.235 GC heap after
{Heap after GC invocations=2670 (full 3):
 PSYoungGen      total 3072K, used 160K [0x00000000d5580000, 0x00000000d5c00000, 0x0000000100000000)
  eden space 2560K, 0% used [0x00000000d5580000,0x00000000d5580000,0x00000000d5800000)
  from space 512K, 31% used [0x00000000d5b00000,0x00000000d5b28000,0x00000000d5b80000)
  to   space 512K, 0% used [0x00000000d5b80000,0x00000000d5b80000,0x00000000d5c00000)
 ParOldGen       total 885760K, used 885660K [0x0000000080000000, 0x00000000b6100000, 0x00000000d5580000)
  object space 885760K, 99% used [0x0000000080000000,0x00000000b60e7348,0x00000000b6100000)
 Metaspace       used 62100K, committed 63808K, reserved 1114112K
  class space    used 6526K, committed 7296K, reserved 1048576K
}
Event: 198.306 GC heap before
{Heap before GC invocations=2671 (full 3):
 PSYoungGen      total 3072K, used 2720K [0x00000000d5580000, 0x00000000d5c00000, 0x0000000100000000)
  eden space 2560K, 100% used [0x00000000d5580000,0x00000000d5800000,0x00000000d5800000)
  from space 512K, 31% used [0x00000000d5b00000,0x00000000d5b28000,0x00000000d5b80000)
  to   space 512K, 0% used [0x00000000d5b80000,0x00000000d5b80000,0x00000000d5c00000)
 ParOldGen       total 885760K, used 885660K [0x0000000080000000, 0x00000000b6100000, 0x00000000d5580000)
  object space 885760K, 99% used [0x0000000080000000,0x00000000b60e7348,0x00000000b6100000)
 Metaspace       used 62100K, committed 63808K, reserved 1114112K
  class space    used 6526K, committed 7296K, reserved 1048576K
}
Event: 198.308 GC heap after
{Heap after GC invocations=2671 (full 3):
 PSYoungGen      total 3072K, used 256K [0x00000000d5580000, 0x00000000d5c00000, 0x0000000100000000)
  eden space 2560K, 0% used [0x00000000d5580000,0x00000000d5580000,0x00000000d5800000)
  from space 512K, 50% used [0x00000000d5b80000,0x00000000d5bc0000,0x00000000d5c00000)
  to   space 512K, 0% used [0x00000000d5b00000,0x00000000d5b00000,0x00000000d5b80000)
 ParOldGen       total 885760K, used 885684K [0x0000000080000000, 0x00000000b6100000, 0x00000000d5580000)
  object space 885760K, 99% used [0x0000000080000000,0x00000000b60ed348,0x00000000b6100000)
 Metaspace       used 62100K, committed 63808K, reserved 1114112K
  class space    used 6526K, committed 7296K, reserved 1048576K
}
Event: 235.474 GC heap before
{Heap before GC invocations=2672 (full 3):
 PSYoungGen      total 3072K, used 2816K [0x00000000d5580000, 0x00000000d5c00000, 0x0000000100000000)
  eden space 2560K, 100% used [0x00000000d5580000,0x00000000d5800000,0x00000000d5800000)
  from space 512K, 50% used [0x00000000d5b80000,0x00000000d5bc0000,0x00000000d5c00000)
  to   space 512K, 0% used [0x00000000d5b00000,0x00000000d5b00000,0x00000000d5b80000)
 ParOldGen       total 885760K, used 885684K [0x0000000080000000, 0x00000000b6100000, 0x00000000d5580000)
  object space 885760K, 99% used [0x0000000080000000,0x00000000b60ed348,0x00000000b6100000)
 Metaspace       used 62164K, committed 63872K, reserved 1114112K
  class space    used 6541K, committed 7296K, reserved 1048576K
}
Event: 235.587 GC heap after
{Heap after GC invocations=2672 (full 3):
 PSYoungGen      total 3072K, used 224K [0x00000000d5580000, 0x00000000d5c00000, 0x0000000100000000)
  eden space 2560K, 0% used [0x00000000d5580000,0x00000000d5580000,0x00000000d5800000)
  from space 512K, 43% used [0x00000000d5b00000,0x00000000d5b38000,0x00000000d5b80000)
  to   space 512K, 0% used [0x00000000d5b80000,0x00000000d5b80000,0x00000000d5c00000)
 ParOldGen       total 885760K, used 885708K [0x0000000080000000, 0x00000000b6100000, 0x00000000d5580000)
  object space 885760K, 99% used [0x0000000080000000,0x00000000b60f3348,0x00000000b6100000)
 Metaspace       used 62164K, committed 63872K, reserved 1114112K
  class space    used 6541K, committed 7296K, reserved 1048576K
}

Dll operation events (20 events):
Event: 0.024 Attempting to load shared library c:\Users\venus\.vscode\extensions\redhat.java-1.56.0-win32-x64\jre\21.0.12.1-win32-x86_64\bin\java.dll
Event: 0.024 Loaded shared library c:\Users\venus\.vscode\extensions\redhat.java-1.56.0-win32-x64\jre\21.0.12.1-win32-x86_64\bin\java.dll
Event: 0.141 Attempting to load shared library c:\Users\venus\.vscode\extensions\redhat.java-1.56.0-win32-x64\jre\21.0.12.1-win32-x86_64\bin\zip.dll
Event: 0.142 Loaded shared library c:\Users\venus\.vscode\extensions\redhat.java-1.56.0-win32-x64\jre\21.0.12.1-win32-x86_64\bin\zip.dll
Event: 0.173 Attempting to load shared library C:\Users\venus\.vscode\extensions\redhat.java-1.56.0-win32-x64\jre\21.0.12.1-win32-x86_64\bin\instrument.dll
Event: 0.173 Loaded shared library C:\Users\venus\.vscode\extensions\redhat.java-1.56.0-win32-x64\jre\21.0.12.1-win32-x86_64\bin\instrument.dll
Event: 0.177 Attempting to load shared library C:\Users\venus\.vscode\extensions\redhat.java-1.56.0-win32-x64\jre\21.0.12.1-win32-x86_64\bin\net.dll
Event: 0.178 Loaded shared library C:\Users\venus\.vscode\extensions\redhat.java-1.56.0-win32-x64\jre\21.0.12.1-win32-x86_64\bin\net.dll
Event: 0.183 Attempting to load shared library C:\Users\venus\.vscode\extensions\redhat.java-1.56.0-win32-x64\jre\21.0.12.1-win32-x86_64\bin\nio.dll
Event: 0.183 Loaded shared library C:\Users\venus\.vscode\extensions\redhat.java-1.56.0-win32-x64\jre\21.0.12.1-win32-x86_64\bin\nio.dll
Event: 0.190 Attempting to load shared library C:\Users\venus\.vscode\extensions\redhat.java-1.56.0-win32-x64\jre\21.0.12.1-win32-x86_64\bin\zip.dll
Event: 0.190 Loaded shared library C:\Users\venus\.vscode\extensions\redhat.java-1.56.0-win32-x64\jre\21.0.12.1-win32-x86_64\bin\zip.dll
Event: 0.209 Attempting to load shared library C:\Users\venus\.vscode\extensions\redhat.java-1.56.0-win32-x64\jre\21.0.12.1-win32-x86_64\bin\jimage.dll
Event: 0.209 Loaded shared library C:\Users\venus\.vscode\extensions\redhat.java-1.56.0-win32-x64\jre\21.0.12.1-win32-x86_64\bin\jimage.dll
Event: 0.320 Attempting to load shared library c:\Users\venus\.vscode\extensions\redhat.java-1.56.0-win32-x64\jre\21.0.12.1-win32-x86_64\bin\verify.dll
Event: 0.321 Loaded shared library c:\Users\venus\.vscode\extensions\redhat.java-1.56.0-win32-x64\jre\21.0.12.1-win32-x86_64\bin\verify.dll
Event: 2.035 Attempting to load shared library C:\Users\venus\AppData\Roaming\Code\User\globalStorage\redhat.java\1.56.0\config_win\org.eclipse.equinox.launcher\org.eclipse.equinox.launcher.win32.win32.x86_64_1.3.100.v20260804-1928\eclipse_11924.dll
Event: 2.038 Loaded shared library C:\Users\venus\AppData\Roaming\Code\User\globalStorage\redhat.java\1.56.0\config_win\org.eclipse.equinox.launcher\org.eclipse.equinox.launcher.win32.win32.x86_64_1.3.100.v20260804-1928\eclipse_11924.dll
Event: 6.829 Attempting to load shared library C:\Users\venus\AppData\Local\Temp\jna-112093821\jna7491874214991942151.dll
Event: 6.948 Loaded shared library C:\Users\venus\AppData\Local\Temp\jna-112093821\jna7491874214991942151.dll

Deoptimization events (20 events):
Event: 238.321 Thread 0x000002bc4a311e00 Uncommon trap: trap_request=0xffffff45 fr.pc=0x000002bc768be398 relative=0x00000000000000f8
Event: 238.321 Thread 0x000002bc4a311e00 Uncommon trap: reason=unstable_if action=reinterpret pc=0x000002bc768be398 method=org.eclipse.core.runtime.SubMonitor.consume(D)I @ 28 c2
Event: 238.321 Thread 0x000002bc4a311e00 DEOPT PACKING pc=0x000002bc768be398 sp=0x000000d3788fe920
Event: 238.321 Thread 0x000002bc4a311e00 DEOPT UNPACKING pc=0x000002bc75b93aa2 sp=0x000000d3788fe8b0 mode 2
Event: 238.322 Thread 0x000002bc4a311e00 Uncommon trap: trap_request=0xffffff45 fr.pc=0x000002bc768d76a0 relative=0x00000000000004e0
Event: 238.322 Thread 0x000002bc4a311e00 Uncommon trap: reason=unstable_if action=reinterpret pc=0x000002bc768d76a0 method=org.eclipse.core.runtime.SubMonitor.newChild(II)Lorg/eclipse/core/runtime/SubMonitor; @ 51 c2
Event: 238.322 Thread 0x000002bc4a311e00 DEOPT PACKING pc=0x000002bc768d76a0 sp=0x000000d3788fea20
Event: 238.322 Thread 0x000002bc4a311e00 DEOPT UNPACKING pc=0x000002bc75b93aa2 sp=0x000000d3788fe938 mode 2
Event: 238.688 Thread 0x000002bc4b5cb720 Uncommon trap: trap_request=0xffffffc6 fr.pc=0x000002bc76a7a248 relative=0x00000000000004e8
Event: 238.688 Thread 0x000002bc4b5cb720 Uncommon trap: reason=bimorphic_or_optimized_type_check action=maybe_recompile pc=0x000002bc76a7a248 method=java.util.stream.SpinedBuffer.asArray(Ljava/util/function/IntFunction;)[Ljava/lang/Object; @ 26 c2
Event: 238.688 Thread 0x000002bc4b5cb720 DEOPT PACKING pc=0x000002bc76a7a248 sp=0x000000d3767fed50
Event: 238.688 Thread 0x000002bc4b5cb720 DEOPT UNPACKING pc=0x000002bc75b93aa2 sp=0x000000d3767fec88 mode 2
Event: 238.957 Thread 0x000002bc4a311e00 Uncommon trap: trap_request=0xffffff45 fr.pc=0x000002bc76b3dff0 relative=0x00000000000003d0
Event: 238.957 Thread 0x000002bc4a311e00 Uncommon trap: reason=unstable_if action=reinterpret pc=0x000002bc76b3dff0 method=jdk.internal.reflect.DirectMethodHandleAccessor.checkArgumentCount(I[Ljava/lang/Object;)V @ 1 c2
Event: 238.957 Thread 0x000002bc4a311e00 DEOPT PACKING pc=0x000002bc76b3dff0 sp=0x000000d3788fdbb0
Event: 238.957 Thread 0x000002bc4a311e00 DEOPT UNPACKING pc=0x000002bc75b93aa2 sp=0x000000d3788fdae0 mode 2
Event: 238.974 Thread 0x000002bc4a311e00 Uncommon trap: trap_request=0xffffff45 fr.pc=0x000002bc76767808 relative=0x0000000000000068
Event: 238.974 Thread 0x000002bc4a311e00 Uncommon trap: reason=unstable_if action=reinterpret pc=0x000002bc76767808 method=jdk.internal.reflect.DirectMethodHandleAccessor.checkArgumentCount(I[Ljava/lang/Object;)V @ 1 c2
Event: 238.974 Thread 0x000002bc4a311e00 DEOPT PACKING pc=0x000002bc76767808 sp=0x000000d3788fdb40
Event: 238.974 Thread 0x000002bc4a311e00 DEOPT UNPACKING pc=0x000002bc75b93aa2 sp=0x000000d3788fdad8 mode 2

Classes loaded (20 events):
Event: 235.684 Loading class java/util/stream/Nodes$CollectorTask$OfRef
Event: 235.942 Loading class java/util/stream/Nodes$CollectorTask
Event: 236.180 Loading class java/util/stream/Nodes$CollectorTask done
Event: 236.181 Loading class java/util/stream/Nodes$CollectorTask$OfRef done
Event: 237.503 Loading class java/util/function/LongFunction
Event: 237.507 Loading class java/util/function/LongFunction done
Event: 237.514 Loading class java/util/stream/Nodes$ConcNode
Event: 237.521 Loading class java/util/stream/Nodes$AbstractConcNode
Event: 237.526 Loading class java/util/stream/Nodes$AbstractConcNode done
Event: 237.526 Loading class java/util/stream/Nodes$ConcNode done
Event: 238.092 Loading class java/util/concurrent/ConcurrentHashMap$EntrySpliterator
Event: 238.095 Loading class java/util/concurrent/ConcurrentHashMap$EntrySpliterator done
Event: 238.726 Loading class java/io/ObjectOutputStream$BlockDataOutputStream
Event: 238.739 Loading class java/io/ObjectOutputStream$BlockDataOutputStream done
Event: 238.739 Loading class java/io/ObjectOutputStream$HandleTable
Event: 238.742 Loading class java/io/ObjectOutputStream$HandleTable done
Event: 238.744 Loading class java/io/ObjectOutputStream$ReplaceTable
Event: 238.747 Loading class java/io/ObjectOutputStream$ReplaceTable done
Event: 238.800 Loading class java/nio/charset/CharacterCodingException
Event: 238.802 Loading class java/nio/charset/CharacterCodingException done

Classes unloaded (20 events):
Event: 25.042 Thread 0x000002bc7de82670 Unloading class 0x000002bc056a8400 'java/lang/invoke/LambdaForm$DMH+0x000002bc056a8400'
Event: 25.042 Thread 0x000002bc7de82670 Unloading class 0x000002bc05694400 'java/lang/invoke/LambdaForm$MH+0x000002bc05694400'
Event: 25.042 Thread 0x000002bc7de82670 Unloading class 0x000002bc0562ec00 'java/lang/invoke/LambdaForm$MH+0x000002bc0562ec00'
Event: 25.042 Thread 0x000002bc7de82670 Unloading class 0x000002bc0562e400 'java/lang/invoke/LambdaForm$DMH+0x000002bc0562e400'
Event: 25.042 Thread 0x000002bc7de82670 Unloading class 0x000002bc0562d800 'java/lang/invoke/LambdaForm$MH+0x000002bc0562d800'
Event: 25.042 Thread 0x000002bc7de82670 Unloading class 0x000002bc0562d400 'java/lang/invoke/LambdaForm$DMH+0x000002bc0562d400'
Event: 25.042 Thread 0x000002bc7de82670 Unloading class 0x000002bc0562c800 'java/lang/invoke/LambdaForm$MH+0x000002bc0562c800'
Event: 25.042 Thread 0x000002bc7de82670 Unloading class 0x000002bc0562c400 'java/lang/invoke/LambdaForm$MH+0x000002bc0562c400'
Event: 25.042 Thread 0x000002bc7de82670 Unloading class 0x000002bc0562b800 'java/lang/invoke/LambdaForm$MH+0x000002bc0562b800'
Event: 25.042 Thread 0x000002bc7de82670 Unloading class 0x000002bc0562b000 'java/lang/invoke/LambdaForm$MH+0x000002bc0562b000'
Event: 25.042 Thread 0x000002bc7de82670 Unloading class 0x000002bc0562a800 'java/lang/invoke/LambdaForm$MH+0x000002bc0562a800'
Event: 25.042 Thread 0x000002bc7de82670 Unloading class 0x000002bc0562a400 'java/lang/invoke/LambdaForm$DMH+0x000002bc0562a400'
Event: 25.042 Thread 0x000002bc7de82670 Unloading class 0x000002bc05629800 'java/lang/invoke/LambdaForm$MH+0x000002bc05629800'
Event: 25.042 Thread 0x000002bc7de82670 Unloading class 0x000002bc05629000 'java/lang/invoke/LambdaForm$MH+0x000002bc05629000'
Event: 25.042 Thread 0x000002bc7de82670 Unloading class 0x000002bc05628800 'java/lang/invoke/LambdaForm$MH+0x000002bc05628800'
Event: 25.042 Thread 0x000002bc7de82670 Unloading class 0x000002bc05628000 'java/lang/invoke/LambdaForm$MH+0x000002bc05628000'
Event: 25.042 Thread 0x000002bc7de82670 Unloading class 0x000002bc0560d000 'java/lang/invoke/LambdaForm$DMH+0x000002bc0560d000'
Event: 25.042 Thread 0x000002bc7de82670 Unloading class 0x000002bc0560cc00 'java/lang/invoke/LambdaForm$DMH+0x000002bc0560cc00'
Event: 25.042 Thread 0x000002bc7de82670 Unloading class 0x000002bc0560c800 'java/lang/invoke/LambdaForm$DMH+0x000002bc0560c800'
Event: 25.042 Thread 0x000002bc7de82670 Unloading class 0x000002bc0560c400 'java/lang/invoke/LambdaForm$DMH+0x000002bc0560c400'

Classes redefined (0 events):
No events

Internal exceptions (20 events):
Event: 198.337 Thread 0x000002bc49b12360 Exception <a 'sun/nio/fs/WindowsException'{0x00000000d568f688}> (0x00000000d568f688) 
thrown [s\src\hotspot\share\prims\jni.cpp, line 520]
Event: 198.337 Thread 0x000002bc49b12360 Exception <a 'sun/nio/fs/WindowsException'{0x00000000d5692928}> (0x00000000d5692928) 
thrown [s\src\hotspot\share\prims\jni.cpp, line 520]
Event: 198.337 Thread 0x000002bc49b12360 Exception <a 'sun/nio/fs/WindowsException'{0x00000000d5695bb0}> (0x00000000d5695bb0) 
thrown [s\src\hotspot\share\prims\jni.cpp, line 520]
Event: 198.338 Thread 0x000002bc49b12360 Exception <a 'sun/nio/fs/WindowsException'{0x00000000d56990f0}> (0x00000000d56990f0) 
thrown [s\src\hotspot\share\prims\jni.cpp, line 520]
Event: 198.338 Thread 0x000002bc49b12360 Exception <a 'sun/nio/fs/WindowsException'{0x00000000d569c7b0}> (0x00000000d569c7b0) 
thrown [s\src\hotspot\share\prims\jni.cpp, line 520]
Event: 198.338 Thread 0x000002bc49b12360 Exception <a 'sun/nio/fs/WindowsException'{0x00000000d569f500}> (0x00000000d569f500) 
thrown [s\src\hotspot\share\prims\jni.cpp, line 520]
Event: 198.338 Thread 0x000002bc49b12360 Exception <a 'sun/nio/fs/WindowsException'{0x00000000d56a2b48}> (0x00000000d56a2b48) 
thrown [s\src\hotspot\share\prims\jni.cpp, line 520]
Event: 198.338 Thread 0x000002bc49b12360 Exception <a 'sun/nio/fs/WindowsException'{0x00000000d56a5b08}> (0x00000000d56a5b08) 
thrown [s\src\hotspot\share\prims\jni.cpp, line 520]
Event: 198.339 Thread 0x000002bc49b12360 Exception <a 'sun/nio/fs/WindowsException'{0x00000000d56a8d60}> (0x00000000d56a8d60) 
thrown [s\src\hotspot\share\prims\jni.cpp, line 520]
Event: 198.339 Thread 0x000002bc49b12360 Exception <a 'sun/nio/fs/WindowsException'{0x00000000d56ac188}> (0x00000000d56ac188) 
thrown [s\src\hotspot\share\prims\jni.cpp, line 520]
Event: 198.339 Thread 0x000002bc49b12360 Exception <a 'sun/nio/fs/WindowsException'{0x00000000d56af638}> (0x00000000d56af638) 
thrown [s\src\hotspot\share\prims\jni.cpp, line 520]
Event: 198.339 Thread 0x000002bc49b12360 Exception <a 'sun/nio/fs/WindowsException'{0x00000000d56b2cd0}> (0x00000000d56b2cd0) 
thrown [s\src\hotspot\share\prims\jni.cpp, line 520]
Event: 198.339 Thread 0x000002bc49b12360 Exception <a 'sun/nio/fs/WindowsException'{0x00000000d56b5c88}> (0x00000000d56b5c88) 
thrown [s\src\hotspot\share\prims\jni.cpp, line 520]
Event: 238.041 Thread 0x000002bc4a311e00 Implicit null exception at 0x000002bc767fbbfa to 0x000002bc767fdc30
Event: 238.069 Thread 0x000002bc4a311e00 Exception <a 'sun/nio/fs/WindowsException'{0x00000000d562fe48}> (0x00000000d562fe48) 
thrown [s\src\hotspot\share\prims\jni.cpp, line 520]
Event: 238.071 Thread 0x000002bc4a311e00 Exception <a 'sun/nio/fs/WindowsException'{0x00000000d56308c0}> (0x00000000d56308c0) 
thrown [s\src\hotspot\share\prims\jni.cpp, line 520]
Event: 238.084 Thread 0x000002bc4a311e00 Implicit null exception at 0x000002bc76602406 to 0x000002bc766027ac
Event: 238.122 Thread 0x000002bc4a311e00 Implicit null exception at 0x000002bc7696160f to 0x000002bc769617fc
Event: 238.957 Thread 0x000002bc4a311e00 Implicit null exception at 0x000002bc76b3dcf0 to 0x000002bc76b3dfc8
Event: 238.974 Thread 0x000002bc4a311e00 Implicit null exception at 0x000002bc767677ba to 0x000002bc767677f4

ZGC Phase Switch (0 events):
No events

VM Operations (20 events):
Event: 198.232 Executing safepoint VM operation: ParallelGCFailedAllocation (Allocation Failure)
Event: 198.235 Executing safepoint VM operation: ParallelGCFailedAllocation (Allocation Failure) done
Event: 198.306 Executing safepoint VM operation: ParallelGCFailedAllocation (Allocation Failure)
Event: 198.308 Executing safepoint VM operation: ParallelGCFailedAllocation (Allocation Failure) done
Event: 199.318 Executing safepoint VM operation: Cleanup
Event: 199.318 Executing safepoint VM operation: Cleanup done
Event: 232.641 Executing safepoint VM operation: Cleanup
Event: 232.662 Executing safepoint VM operation: Cleanup done
Event: 233.668 Executing safepoint VM operation: Cleanup
Event: 233.684 Executing safepoint VM operation: Cleanup done
Event: 234.690 Executing safepoint VM operation: Cleanup
Event: 234.706 Executing safepoint VM operation: Cleanup done
Event: 235.460 Executing safepoint VM operation: ParallelGCFailedAllocation (Allocation Failure)
Event: 235.587 Executing safepoint VM operation: ParallelGCFailedAllocation (Allocation Failure) done
Event: 236.590 Executing safepoint VM operation: Cleanup
Event: 237.499 Executing safepoint VM operation: Cleanup done
Event: 237.499 Executing non-safepoint VM operation: HandshakeAllThreads (Deoptimize)
Event: 237.499 Executing non-safepoint VM operation: HandshakeAllThreads (Deoptimize) done
Event: 238.501 Executing safepoint VM operation: Cleanup
Event: 238.533 Executing safepoint VM operation: Cleanup done

Memory protections (0 events):
No events

Nmethod flushes (20 events):
Event: 25.076 Thread 0x000002bc7de82670 flushing  nmethod 0x000002bc6ef37310
Event: 25.076 Thread 0x000002bc7de82670 flushing  nmethod 0x000002bc6ef37790
Event: 25.076 Thread 0x000002bc7de82670 flushing  nmethod 0x000002bc6ef37d90
Event: 25.076 Thread 0x000002bc7de82670 flushing  nmethod 0x000002bc6ef38190
Event: 25.076 Thread 0x000002bc7de82670 flushing  nmethod 0x000002bc6ef52f10
Event: 25.076 Thread 0x000002bc7de82670 flushing  nmethod 0x000002bc6ef53410
Event: 25.076 Thread 0x000002bc7de82670 flushing  nmethod 0x000002bc6ef53990
Event: 25.076 Thread 0x000002bc7de82670 flushing  nmethod 0x000002bc6ef68a90
Event: 25.076 Thread 0x000002bc7de82670 flushing  nmethod 0x000002bc6ef68f10
Event: 25.076 Thread 0x000002bc7de82670 flushing  nmethod 0x000002bc6ef76e90
Event: 25.076 Thread 0x000002bc7de82670 flushing  nmethod 0x000002bc6ef78010
Event: 25.076 Thread 0x000002bc7de82670 flushing  nmethod 0x000002bc6ef78810
Event: 25.076 Thread 0x000002bc7de82670 flushing  nmethod 0x000002bc6ef78e10
Event: 25.076 Thread 0x000002bc7de82670 flushing  nmethod 0x000002bc6ef79290
Event: 25.076 Thread 0x000002bc7de82670 flushing  nmethod 0x000002bc6ef7ea90
Event: 25.076 Thread 0x000002bc7de82670 flushing  nmethod 0x000002bc6ef81b90
Event: 25.076 Thread 0x000002bc7de82670 flushing  nmethod 0x000002bc6ef92a10
Event: 25.076 Thread 0x000002bc7de82670 flushing  nmethod 0x000002bc6efa3d10
Event: 25.076 Thread 0x000002bc7de82670 flushing  nmethod 0x000002bc6efaa010
Event: 25.076 Thread 0x000002bc7de82670 flushing  nmethod 0x000002bc6efbed10

Events (20 events):
Event: 186.469 Thread 0x000002bc4b5cb720 Thread exited: 0x000002bc4b5cb720
Event: 186.747 Thread 0x000002bc4a311770 Thread added: 0x000002bc4b5cd160
Event: 187.246 Thread 0x000002bc4b5cd160 Thread exited: 0x000002bc4b5cd160
Event: 187.469 Thread 0x000002bc4a311e00 Thread added: 0x000002bc4b5cde80
Event: 187.865 Thread 0x000002bc4b5cde80 Thread exited: 0x000002bc4b5cde80
Event: 188.067 Thread 0x000002bc4a311770 Thread added: 0x000002bc4b5cd160
Event: 188.526 Thread 0x000002bc4b5cd160 Thread exited: 0x000002bc4b5cd160
Event: 188.726 Thread 0x000002bc49b0c780 Thread added: 0x000002bc4b5cd7f0
Event: 189.122 Thread 0x000002bc4b5cd7f0 Thread exited: 0x000002bc4b5cd7f0
Event: 189.324 Thread 0x000002bc4a311770 Thread added: 0x000002bc4b5ccad0
Event: 189.768 Thread 0x000002bc4b5ccad0 Thread exited: 0x000002bc4b5ccad0
Event: 190.034 Thread 0x000002bc49b0c780 Thread added: 0x000002bc4b5cd7f0
Event: 193.216 Thread 0x000002bc4b5cd7f0 Thread exited: 0x000002bc4b5cd7f0
Event: 197.217 Thread 0x000002bc49b12360 Thread added: 0x000002bc4b5ccad0
Event: 198.340 Thread 0x000002bc4b5ccad0 Thread exited: 0x000002bc4b5ccad0
Event: 232.802 Thread 0x000002bc4a3103c0 Thread added: 0x000002bc4b5ce510
Event: 235.323 Thread 0x000002bc4a311e00 Thread added: 0x000002bc4b5cb090
Event: 237.533 Thread 0x000002bc4b5cb090 Thread exited: 0x000002bc4b5cb090
Event: 238.632 Thread 0x000002bc4a311e00 Thread added: 0x000002bc4b5cb720
Event: 238.688 Thread 0x000002bc4b5cb720 Thread exited: 0x000002bc4b5cb720


Dynamic libraries:
0x00007ff6b5890000 - 0x00007ff6b589e000 	c:\Users\venus\.vscode\extensions\redhat.java-1.56.0-win32-x64\jre\21.0.12.1-win32-x86_64\bin\java.exe
0x00007ffee24c0000 - 0x00007ffee2727000 	C:\Windows\SYSTEM32\ntdll.dll
0x00007ffee1d60000 - 0x00007ffee1e2b000 	C:\Windows\System32\KERNEL32.DLL
0x00007ffedf6c0000 - 0x00007ffedfac2000 	C:\Windows\System32\KERNELBASE.dll
0x00007ffedfff0000 - 0x00007ffee013c000 	C:\Windows\System32\ucrtbase.dll
0x00007ffec17b0000 - 0x00007ffec17c8000 	c:\Users\venus\.vscode\extensions\redhat.java-1.56.0-win32-x64\jre\21.0.12.1-win32-x86_64\bin\jli.dll
0x00007ffee16e0000 - 0x00007ffee18af000 	C:\Windows\System32\USER32.dll
0x00007ffedfd20000 - 0x00007ffedfd47000 	C:\Windows\System32\win32u.dll
0x00007ffee1e30000 - 0x00007ffee1e5b000 	C:\Windows\System32\GDI32.dll
0x00007ffedfe00000 - 0x00007ffedff29000 	C:\Windows\System32\gdi32full.dll
0x00007ffedfd50000 - 0x00007ffedfdf3000 	C:\Windows\System32\msvcp_win.dll
0x00007ffec2a80000 - 0x00007ffec2a9e000 	c:\Users\venus\.vscode\extensions\redhat.java-1.56.0-win32-x64\jre\21.0.12.1-win32-x86_64\bin\VCRUNTIME140.dll
0x00007ffeb5910000 - 0x00007ffeb5ba0000 	C:\Windows\WinSxS\amd64_microsoft.windows.common-controls_6595b64144ccf1df_6.0.26100.9278_none_3e0d1ba8e3303201\COMCTL32.dll
0x00007ffee1ee0000 - 0x00007ffee1f89000 	C:\Windows\System32\msvcrt.dll
0x00007ffee21c0000 - 0x00007ffee21f1000 	C:\Windows\System32\IMM32.DLL
0x00007ffed7160000 - 0x00007ffed716c000 	c:\Users\venus\.vscode\extensions\redhat.java-1.56.0-win32-x64\jre\21.0.12.1-win32-x86_64\bin\vcruntime140_1.dll
0x00007ffe55750000 - 0x00007ffe557dd000 	c:\Users\venus\.vscode\extensions\redhat.java-1.56.0-win32-x64\jre\21.0.12.1-win32-x86_64\bin\msvcp140.dll
0x00007ffe3d580000 - 0x00007ffe3e322000 	c:\Users\venus\.vscode\extensions\redhat.java-1.56.0-win32-x64\jre\21.0.12.1-win32-x86_64\bin\server\jvm.dll
0x00007ffee1f90000 - 0x00007ffee204c000 	C:\Windows\System32\ADVAPI32.dll
0x00007ffee23d0000 - 0x00007ffee2479000 	C:\Windows\System32\sechost.dll
0x00007ffee2250000 - 0x00007ffee2368000 	C:\Windows\System32\RPCRT4.dll
0x00007ffee0970000 - 0x00007ffee09f0000 	C:\Windows\System32\WS2_32.dll
0x00007ffedf520000 - 0x00007ffedf57e000 	C:\Windows\SYSTEM32\POWRPROF.dll
0x00007ffed4a10000 - 0x00007ffed4a46000 	C:\Windows\SYSTEM32\WINMM.dll
0x00007ffeb8f90000 - 0x00007ffeb8f9b000 	C:\Windows\SYSTEM32\VERSION.dll
0x00007ffedf500000 - 0x00007ffedf515000 	C:\Windows\SYSTEM32\UMPDC.dll
0x00007ffede390000 - 0x00007ffede3ab000 	C:\Windows\SYSTEM32\kernel.appcore.dll
0x00007ffed70a0000 - 0x00007ffed70aa000 	c:\Users\venus\.vscode\extensions\redhat.java-1.56.0-win32-x64\jre\21.0.12.1-win32-x86_64\bin\jimage.dll
0x00007ffedc4b0000 - 0x00007ffedc6fc000 	C:\Windows\SYSTEM32\DBGHELP.DLL
0x00007ffee1980000 - 0x00007ffee1d05000 	C:\Windows\System32\combase.dll
0x00007ffee0660000 - 0x00007ffee0739000 	C:\Windows\System32\OLEAUT32.dll
0x00007ffeb9f50000 - 0x00007ffeb9f8b000 	C:\Windows\SYSTEM32\dbgcore.DLL
0x00007ffedff30000 - 0x00007ffedffdc000 	C:\Windows\System32\bcryptPrimitives.dll
0x00007ffec9630000 - 0x00007ffec963f000 	c:\Users\venus\.vscode\extensions\redhat.java-1.56.0-win32-x64\jre\21.0.12.1-win32-x86_64\bin\instrument.dll
0x00007ffebfb00000 - 0x00007ffebfb20000 	c:\Users\venus\.vscode\extensions\redhat.java-1.56.0-win32-x64\jre\21.0.12.1-win32-x86_64\bin\java.dll
0x00007ffee0f20000 - 0x00007ffee16b8000 	C:\Windows\System32\SHELL32.dll
0x00007ffedd140000 - 0x00007ffedd9ee000 	C:\Windows\SYSTEM32\windows.storage.dll
0x00007ffee0370000 - 0x00007ffee046b000 	C:\Windows\System32\SHCORE.dll
0x00007ffee1e70000 - 0x00007ffee1ed6000 	C:\Windows\System32\shlwapi.dll
0x00007ffedf5e0000 - 0x00007ffedf609000 	C:\Windows\SYSTEM32\profapi.dll
0x00007ffebf830000 - 0x00007ffebf848000 	c:\Users\venus\.vscode\extensions\redhat.java-1.56.0-win32-x64\jre\21.0.12.1-win32-x86_64\bin\zip.dll
0x00007ffec95d0000 - 0x00007ffec95e0000 	C:\Users\venus\.vscode\extensions\redhat.java-1.56.0-win32-x64\jre\21.0.12.1-win32-x86_64\bin\net.dll
0x00007ffecec10000 - 0x00007ffeced3a000 	C:\Windows\SYSTEM32\WINHTTP.dll
0x00007ffede950000 - 0x00007ffede9bc000 	C:\Windows\system32\mswsock.dll
0x00007ffea9810000 - 0x00007ffea9826000 	C:\Users\venus\.vscode\extensions\redhat.java-1.56.0-win32-x64\jre\21.0.12.1-win32-x86_64\bin\nio.dll
0x00007ffec45f0000 - 0x00007ffec4600000 	c:\Users\venus\.vscode\extensions\redhat.java-1.56.0-win32-x64\jre\21.0.12.1-win32-x86_64\bin\verify.dll
0x00007ffe7bd80000 - 0x00007ffe7bdc5000 	C:\Users\venus\AppData\Roaming\Code\User\globalStorage\redhat.java\1.56.0\config_win\org.eclipse.equinox.launcher\org.eclipse.equinox.launcher.win32.win32.x86_64_1.3.100.v20260804-1928\eclipse_11924.dll
0x00007ffee0740000 - 0x00007ffee08da000 	C:\Windows\System32\ole32.dll
0x00007ffedec60000 - 0x00007ffedec7b000 	C:\Windows\SYSTEM32\CRYPTSP.dll
0x00007ffede2f0000 - 0x00007ffede329000 	C:\Windows\system32\rsaenh.dll
0x00007ffedea00000 - 0x00007ffedea34000 	C:\Windows\SYSTEM32\USERENV.dll
0x00007ffedf5b0000 - 0x00007ffedf5da000 	C:\Windows\SYSTEM32\bcrypt.dll
0x00007ffedec40000 - 0x00007ffedec4c000 	C:\Windows\SYSTEM32\CRYPTBASE.dll
0x00007ffedddb0000 - 0x00007ffeddde3000 	C:\Windows\SYSTEM32\IPHLPAPI.DLL
0x00007ffee1e60000 - 0x00007ffee1e6a000 	C:\Windows\System32\NSI.dll
0x00007ffe7b590000 - 0x00007ffe7b5d9000 	C:\Users\venus\AppData\Local\Temp\jna-112093821\jna7491874214991942151.dll
0x00007ffee0470000 - 0x00007ffee0478000 	C:\Windows\System32\PSAPI.DLL
0x00007ffed48f0000 - 0x00007ffed490d000 	C:\Windows\SYSTEM32\dhcpcsvc6.DLL
0x00007ffed48c0000 - 0x00007ffed48e5000 	C:\Windows\SYSTEM32\dhcpcsvc.DLL

JVMTI agents:
c:\Users\venus\.vscode\extensions\redhat.java-1.56.0-win32-x64\lombok\lombok-1.18.39-4050.jar path:c:\Users\venus\.vscode\extensions\redhat.java-1.56.0-win32-x64\jre\21.0.12.1-win32-x86_64\bin\instrument.dll, loaded, initialized, instrumentlib options:none

dbghelp: loaded successfully - version: 4.0.5 - missing functions: none
symbol engine: initialized successfully - sym options: 0x614 - pdb path: .;c:\Users\venus\.vscode\extensions\redhat.java-1.56.0-win32-x64\jre\21.0.12.1-win32-x86_64\bin;C:\Windows\SYSTEM32;C:\Windows\WinSxS\amd64_microsoft.windows.common-controls_6595b64144ccf1df_6.0.26100.9278_none_3e0d1ba8e3303201;c:\Users\venus\.vscode\extensions\redhat.java-1.56.0-win32-x64\jre\21.0.12.1-win32-x86_64\bin\server;C:\Users\venus\AppData\Roaming\Code\User\globalStorage\redhat.java\1.56.0\config_win\org.eclipse.equinox.launcher\org.eclipse.equinox.launcher.win32.win32.x86_64_1.3.100.v20260804-1928;C:\Users\venus\AppData\Local\Temp\jna-112093821

VM Arguments:
jvm_args: --add-modules=ALL-SYSTEM --add-opens=java.base/java.util=ALL-UNNAMED --add-opens=java.base/java.lang=ALL-UNNAMED --add-opens=java.base/sun.nio.fs=ALL-UNNAMED -Declipse.application=org.eclipse.jdt.ls.core.id1 -Dosgi.bundles.defaultStartLevel=4 -Declipse.product=org.eclipse.jdt.ls.core.product -Djava.import.generatesMetadataFilesAtProjectRoot=false -Dm2e.project.cache.size=50 -DDetectVMInstallationsJob.disabled=true -Dfile.encoding=utf8 -XX:+UseParallelGC -XX:GCTimeRatio=4 -XX:AdaptiveSizePolicyWeight=90 -Dsun.zip.disableMemoryMapping=true -Xmx2G -Xms100m -Xlog:disable -javaagent:c:\Users\venus\.vscode\extensions\redhat.java-1.56.0-win32-x64\lombok\lombok-1.18.39-4050.jar -XX:+HeapDumpOnOutOfMemoryError -XX:HeapDumpPath=c:\Users\venus\AppData\Roaming\Code\User\workspaceStorage\a1c2109327cffd564bb637cc0b682864\redhat.java -Daether.dependencyCollector.impl=bf 
java_command: c:\Users\venus\.vscode\extensions\redhat.java-1.56.0-win32-x64\server\plugins\org.eclipse.equinox.launcher_1.8.0.v20260804-1928.jar -configuration c:\Users\venus\AppData\Roaming\Code\User\globalStorage\redhat.java\1.56.0\config_win -data c:\Users\venus\AppData\Roaming\Code\User\workspaceStorage\a1c2109327cffd564bb637cc0b682864\redhat.java\jdt_ws --stdio
java_class_path (initial): c:\Users\venus\.vscode\extensions\redhat.java-1.56.0-win32-x64\server\plugins\org.eclipse.equinox.launcher_1.8.0.v20260804-1928.jar
Launcher Type: SUN_STANDARD

[Global flags]
    uintx AdaptiveSizePolicyWeight                 = 90                                        {product} {command line}
     intx CICompilerCount                          = 4                                         {product} {ergonomic}
    uintx GCTimeRatio                              = 4                                         {product} {command line}
     bool HeapDumpOnOutOfMemoryError               = true                                   {manageable} {command line}
    ccstr HeapDumpPath                             = c:\Users\venus\AppData\Roaming\Code\User\workspaceStorage\a1c2109327cffd564bb637cc0b682864\redhat.java         {manageable} {command line}
   size_t InitialHeapSize                          = 104857600                                 {product} {command line}
   size_t MaxHeapSize                              = 2147483648                                {product} {command line}
   size_t MaxNewSize                               = 715653120                                 {product} {ergonomic}
   size_t MinHeapDeltaBytes                        = 524288                                    {product} {ergonomic}
   size_t MinHeapSize                              = 104857600                                 {product} {command line}
   size_t NewSize                                  = 34603008                                  {product} {ergonomic}
    uintx NonNMethodCodeHeapSize                   = 5839372                                {pd product} {ergonomic}
    uintx NonProfiledCodeHeapSize                  = 122909434                              {pd product} {ergonomic}
   size_t OldSize                                  = 70254592                                  {product} {ergonomic}
    uintx ProfiledCodeHeapSize                     = 122909434                              {pd product} {ergonomic}
    uintx ReservedCodeCacheSize                    = 251658240                              {pd product} {ergonomic}
     bool SegmentedCodeCache                       = true                                      {product} {ergonomic}
   size_t SoftMaxHeapSize                          = 2147483648                             {manageable} {ergonomic}
     bool UseCompressedOops                        = true                           {product lp64_product} {ergonomic}
     bool UseLargePagesIndividualAllocation        = false                                  {pd product} {ergonomic}
     bool UseParallelGC                            = true                                      {product} {command line}

Logging:
Log output configuration:
 #0: stdout all=off uptime,level,tags foldmultilines=false
 #1: stderr all=off uptime,level,tags foldmultilines=false

Release file:
JAVA_VERSION="21.0.12.1" 
MODULES="java.base java.compiler java.datatransfer java.xml java.prefs java.desktop java.instrument java.logging java.management java.security.sasl java.naming java.rmi java.management.rmi java.net.http java.scripting java.security.jgss java.transaction.xa java.sql java.sql.rowset java.xml.crypto java.se java.smartcardio jdk.accessibility jdk.internal.jvmstat jdk.attach jdk.charsets jdk.internal.opt jdk.zipfs jdk.compiler jdk.crypto.ec jdk.crypto.cryptoki jdk.crypto.mscapi jdk.dynalink jdk.internal.ed jdk.editpad jdk.hotspot.agent jdk.httpserver jdk.internal.le jdk.internal.vm.ci jdk.internal.vm.compiler jdk.internal.vm.compiler.management jdk.jartool jdk.javadoc jdk.jcmd jdk.management jdk.management.agent jdk.jconsole jdk.jdeps jdk.jdwp.agent jdk.jdi jdk.jfr jdk.jshell jdk.jsobject jdk.jstatd jdk.localedata jdk.management.jfr jdk.naming.dns jdk.naming.rmi jdk.net jdk.nio.mapmode jdk.random jdk.sctp jdk.security.auth jdk.security.jgss jdk.unsupported jdk.unsupported.desktop jdk.xml.dom" 

Environment Variables:
JAVA_HOME=C:\Program Files\Eclipse Adoptium\jdk-25.0.4.101-hotspot\
PATH=C:\Program Files\Microsoft MPI\Bin\;C:\Program Files\Eclipse Adoptium\jdk-25.0.4.101-hotspot\bin;C:\Windows\system32;C:\Windows;C:\Windows\System32\Wbem;C:\Windows\System32\WindowsPowerShell\v1.0\;C:\Windows\System32\OpenSSH\;C:\ProgramData\UNIVALI\Portugol Studio;C:\Program Files\PowerShell\7-preview\preview;C:\Program Files\Git\cmd;C:\Program Files\Microsoft SQL Server\Client SDK\ODBC\170\Tools\Binn\;C:\Program Files (x86)\Microsoft SQL Server\150\Tools\Binn\;C:\Program Files\Microsoft SQL Server\150\Tools\Binn\;C:\Program Files\Microsoft SQL Server\150\DTS\Binn\;C:\Users\venus\AppData\Local\Microsoft\WindowsApps;C:\Users\venus\AppData\Local\Programs\Microsoft VS Code\bin;C:\Users\venus\AppData\Local\GitHubDesktop\bin
USERNAME=venus
OS=Windows_NT
PROCESSOR_IDENTIFIER=Intel64 Family 6 Model 154 Stepping 4, GenuineIntel
TMP=C:\Users\venus\AppData\Local\Temp
TEMP=C:\Users\venus\AppData\Local\Temp




Periodic native trim disabled

---------------  S Y S T E M  ---------------

OS:
 Windows 11 , 64 bit Build 26100 (10.0.26100.9444)
OS uptime: 0 days 3:12 hours

CPU: total 8 (initial active 8) (4 cores per cpu, 2 threads per core) family 6 model 154 stepping 4 microcode 0x43b, cx8, cmov, fxsr, ht, mmx, 3dnowpref, sse, sse2, sse3, ssse3, sse4.1, sse4.2, popcnt, lzcnt, tsc, tscinvbit, avx, avx2, aes, erms, clmul, bmi1, bmi2, adx, sha, fma, vzeroupper, clflush, clflushopt, clwb, serialize, rdtscp, rdpid, fsrm, f16c, pku, cet_ibt, cet_ss
Processor Information for processor 0
  Max Mhz: 1200, Current Mhz: 1200, Mhz Limit: 1200
Processor Information for processor 1
  Max Mhz: 1200, Current Mhz: 1200, Mhz Limit: 1200
Processor Information for processor 2
  Max Mhz: 1200, Current Mhz: 1200, Mhz Limit: 1200
Processor Information for processor 3
  Max Mhz: 1200, Current Mhz: 1200, Mhz Limit: 1200
Processor Information for processor 4
  Max Mhz: 900, Current Mhz: 900, Mhz Limit: 900
Processor Information for processor 5
  Max Mhz: 900, Current Mhz: 900, Mhz Limit: 900
Processor Information for processor 6
  Max Mhz: 900, Current Mhz: 900, Mhz Limit: 900
Processor Information for processor 7
  Max Mhz: 900, Current Mhz: 900, Mhz Limit: 900

Memory: 4k page, system-wide physical 3820M (205M free)
TotalPageFile size 12012M (AvailPageFile size 0M)
current process WorkingSet (physical memory assigned to process): 158M, peak: 256M
current process commit charge ("private bytes"): 1148M, peak: 1148M

vm_info: OpenJDK 64-Bit Server VM (21.0.12.1+1-LTS) for windows-amd64 JRE (21.0.12.1+1-LTS), built on 2026-08-18T00:00:00Z by "admin" with MS VC++ 17.12 (VS2022)

END.
