#
# There is insufficient memory for the Java Runtime Environment to continue.
# Native memory allocation (malloc) failed to allocate 1830096 bytes. Error detail: Chunk::new
# Possible reasons:
#   The system is out of physical RAM or swap space
#   This process is running with CompressedOops enabled, and the Java Heap may be blocking the growth of the native heap
# Possible solutions:
#   Reduce memory load on the system
#   Increase physical memory or swap space
#   Check if swap backing store is full
#   Decrease Java heap size (-Xmx/-Xms)
#   Decrease number of Java threads
#   Decrease Java thread stack sizes (-Xss)
#   Set larger code cache with -XX:ReservedCodeCacheSize=
#   JVM is running with Unscaled Compressed Oops mode in which the Java heap is
#     placed in the first 4GB address space. The Java Heap base address is the
#     maximum limit for the native heap growth. Please use -XX:HeapBaseMinAddress
#     to set the Java Heap base and to place the Java Heap above 4GB virtual address.
# This output file may be truncated or incomplete.
#
#  Out of Memory Error (arena.cpp:168), pid=20580, tid=12872
#
# JRE version: OpenJDK Runtime Environment Temurin-21.0.12.1+1 (21.0.12.1+1) (build 21.0.12.1+1-LTS)
# Java VM: OpenJDK 64-Bit Server VM Temurin-21.0.12.1+1 (21.0.12.1+1-LTS, mixed mode, sharing, tiered, compressed oops, compressed class ptrs, g1 gc, windows-amd64)
# No core dump will be written. Minidumps are not enabled by default on client versions of Windows
#

---------------  S U M M A R Y ------------

Command Line: -XX:+ShowCodeDetailsInExceptionMessages com.example.pizzariasousa_api.PizzariasousaApiApplication

Host: 12th Gen Intel(R) Core(TM) i3-1215U, 8 cores, 3G,  Windows 11 , 64 bit Build 26100 (10.0.26100.9444)
Time: Sat Oct  3 18:07:33 2026 Hora oficial do Brasil elapsed time: 3.198360 seconds (0d 0h 0m 3s)

---------------  T H R E A D  ---------------

Current thread (0x000002ab6cb79b00):  JavaThread "C2 CompilerThread0" daemon [_thread_in_native, id=12872, stack(0x000000e355700000,0x000000e355800000) (1024K)]


Current CompileTask:
C2:3198 2186       4       java.lang.invoke.MethodType::makeImpl (109 bytes)

Stack: [0x000000e355700000,0x000000e355800000]
Native frames: (J=compiled Java code, j=interpreted, Vv=VM code, C=native code)
V  [jvm.dll+0x6d83e9]
V  [jvm.dll+0x8b5736]
V  [jvm.dll+0x8b7cee]
V  [jvm.dll+0x8b83d3]
V  [jvm.dll+0x284596]
V  [jvm.dll+0xc685d]
V  [jvm.dll+0xc6da1]
V  [jvm.dll+0x3bf151]
V  [jvm.dll+0x38b6d2]
V  [jvm.dll+0x38ab1a]
V  [jvm.dll+0x24c700]
V  [jvm.dll+0x24bce0]
V  [jvm.dll+0x1cb4ae]
V  [jvm.dll+0x25baad]
V  [jvm.dll+0x25a03a]
V  [jvm.dll+0x3f8aae]
V  [jvm.dll+0x8600cd]
V  [jvm.dll+0x6d6c1d]
C  [ucrtbase.dll+0x2cd30]
C  [KERNEL32.DLL+0x2cd87]
C  [ntdll.dll+0xacaec]


---------------  P R O C E S S  ---------------

Threads class SMR info:
_java_thread_list=0x000002ab719dca90, length=14, elements={
0x000002ab5444cd40, 0x000002ab6cb5f020, 0x000002ab6cb5fc80, 0x000002ab6cb662b0,
0x000002ab6cb66f10, 0x000002ab6cb6a1a0, 0x000002ab6cb6ac00, 0x000002ab6cb79b00,
0x000002ab6cb7adf0, 0x000002ab6ccb5240, 0x000002ab6ccc2da0, 0x000002ab71863c10,
0x000002ab7182f290, 0x000002ab71c14770
}

Java Threads: ( => current thread )
  0x000002ab5444cd40 JavaThread "main"                              [_thread_blocked, id=18140, stack(0x000000e354900000,0x000000e354a00000) (1024K)]
  0x000002ab6cb5f020 JavaThread "Reference Handler"          daemon [_thread_blocked, id=15700, stack(0x000000e355100000,0x000000e355200000) (1024K)]
  0x000002ab6cb5fc80 JavaThread "Finalizer"                  daemon [_thread_blocked, id=20712, stack(0x000000e355200000,0x000000e355300000) (1024K)]
  0x000002ab6cb662b0 JavaThread "Signal Dispatcher"          daemon [_thread_blocked, id=20216, stack(0x000000e355300000,0x000000e355400000) (1024K)]
  0x000002ab6cb66f10 JavaThread "Attach Listener"            daemon [_thread_blocked, id=14528, stack(0x000000e355400000,0x000000e355500000) (1024K)]
  0x000002ab6cb6a1a0 JavaThread "Service Thread"             daemon [_thread_blocked, id=14112, stack(0x000000e355500000,0x000000e355600000) (1024K)]
  0x000002ab6cb6ac00 JavaThread "Monitor Deflation Thread"   daemon [_thread_blocked, id=15992, stack(0x000000e355600000,0x000000e355700000) (1024K)]
=>0x000002ab6cb79b00 JavaThread "C2 CompilerThread0"         daemon [_thread_in_native, id=12872, stack(0x000000e355700000,0x000000e355800000) (1024K)]
  0x000002ab6cb7adf0 JavaThread "C1 CompilerThread0"         daemon [_thread_blocked, id=6732, stack(0x000000e355800000,0x000000e355900000) (1024K)]
  0x000002ab6ccb5240 JavaThread "Notification Thread"        daemon [_thread_blocked, id=8260, stack(0x000000e355900000,0x000000e355a00000) (1024K)]
  0x000002ab6ccc2da0 JavaThread "Common-Cleaner"             daemon [_thread_blocked, id=20804, stack(0x000000e355a00000,0x000000e355b00000) (1024K)]
  0x000002ab71863c10 JavaThread "Thread-0"                          [_thread_blocked, id=4680, stack(0x000000e355b00000,0x000000e355c00000) (1024K)]
  0x000002ab7182f290 JavaThread "restartedMain"                     [_thread_in_Java, id=684, stack(0x000000e355c00000,0x000000e355d00000) (1024K)]
  0x000002ab71c14770 JavaThread "background-preinit"                [_thread_in_vm, id=3344, stack(0x000000e356200000,0x000000e356300000) (1024K)]
Total: 14

Other Threads:
  0x000002ab6cb01c70 VMThread "VM Thread"                           [id=20636, stack(0x000000e355000000,0x000000e355100000) (1024K)]
  0x000002ab6caebf30 WatcherThread "VM Periodic Task Thread"        [id=18260, stack(0x000000e354f00000,0x000000e355000000) (1024K)]
  0x000002ab5699dee0 WorkerThread "GC Thread#0"                     [id=19508, stack(0x000000e354a00000,0x000000e354b00000) (1024K)]
  0x000002ab71830320 WorkerThread "GC Thread#1"                     [id=12088, stack(0x000000e355d00000,0x000000e355e00000) (1024K)]
  0x000002ab71499870 WorkerThread "GC Thread#2"                     [id=10200, stack(0x000000e355e00000,0x000000e355f00000) (1024K)]
  0x000002ab71499c20 WorkerThread "GC Thread#3"                     [id=20332, stack(0x000000e355f00000,0x000000e356000000) (1024K)]
  0x000002ab71499fd0 WorkerThread "GC Thread#4"                     [id=11448, stack(0x000000e356000000,0x000000e356100000) (1024K)]
  0x000002ab7149a380 WorkerThread "GC Thread#5"                     [id=12152, stack(0x000000e356100000,0x000000e356200000) (1024K)]
  0x000002ab71e7b410 WorkerThread "GC Thread#6"                     [id=11892, stack(0x000000e356300000,0x000000e356400000) (1024K)]
  0x000002ab71af7b70 WorkerThread "GC Thread#7"                     [id=2856, stack(0x000000e356400000,0x000000e356500000) (1024K)]
  0x000002ab569a7c70 ConcurrentGCThread "G1 Main Marker"            [id=9912, stack(0x000000e354b00000,0x000000e354c00000) (1024K)]
  0x000002ab569a8780 WorkerThread "G1 Conc#0"                       [id=5396, stack(0x000000e354c00000,0x000000e354d00000) (1024K)]
  0x000002ab56a19980 ConcurrentGCThread "G1 Refine#0"               [id=21384, stack(0x000000e354d00000,0x000000e354e00000) (1024K)]
  0x000002ab6c9c2970 ConcurrentGCThread "G1 Service"                [id=19612, stack(0x000000e354e00000,0x000000e354f00000) (1024K)]
Total: 14

Threads with active compile tasks:
C2 CompilerThread0  3257 2186       4       java.lang.invoke.MethodType::makeImpl (109 bytes)
C1 CompilerThread0  3257 2369       3       java.util.LinkedHashMap::<init> (15 bytes)
Total: 2

VM state: not at safepoint (normal execution)

VM Mutex/Monitor currently owned by a thread: None

Heap address: 0x00000000c4400000, size: 956 MB, Compressed Oops mode: 32-bit

CDS archive(s) mapped at: [0x000002ab00000000-0x000002ab00ba0000-0x000002ab00ba0000), size 12189696, SharedBaseAddress: 0x000002ab00000000, ArchiveRelocationMode: 1.
Compressed class space mapped at: 0x000002ab01000000-0x000002ab41000000, reserved size: 1073741824
Narrow klass base: 0x000002ab00000000, Narrow klass shift: 0, Narrow klass range: 0x100000000

GC Precious Log:
 CardTable entry size: 512
 Card Set container configuration: InlinePtr #cards 5 size 8 Array Of Cards #cards 12 size 40 Howl #buckets 4 coarsen threshold 1843 Howl Bitmap #cards 512 size 80 coarsen threshold 460 Card regions per heap region 1 cards per card region 2048
 CPUs: 8 total, 8 available
 Memory: 3820M
 Large Page Support: Disabled
 NUMA Support: Disabled
 Compressed Oops: Enabled (32-bit)
 Heap Region Size: 1M
 Heap Min Capacity: 8M
 Heap Initial Capacity: 60M
 Heap Max Capacity: 956M
 Pre-touch: Disabled
 Parallel Workers: 8
 Concurrent Workers: 2
 Concurrent Refinement Workers: 8
 Periodic GC: Disabled

Heap:
 garbage-first heap   total 61440K, used 30335K [0x00000000c4400000, 0x0000000100000000)
  region size 1024K, 24 young (24576K), 3 survivors (3072K)
 Metaspace       used 18589K, committed 19008K, reserved 1114112K
  class space    used 2368K, committed 2560K, reserved 1048576K

Heap Regions: E=young(eden), S=young(survivor), O=old, HS=humongous(starts), HC=humongous(continues), CS=collection set, F=free, TAMS=top-at-mark-start, PB=parsable bottom
|   0|0x00000000c4400000, 0x00000000c4500000, 0x00000000c4500000|100%|HS|  |TAMS 0x00000000c4400000| PB 0x00000000c4400000| Complete 
|   1|0x00000000c4500000, 0x00000000c4600000, 0x00000000c4600000|100%| O|  |TAMS 0x00000000c4500000| PB 0x00000000c4500000| Untracked 
|   2|0x00000000c4600000, 0x00000000c4700000, 0x00000000c4700000|100%| O|  |TAMS 0x00000000c4600000| PB 0x00000000c4600000| Untracked 
|   3|0x00000000c4700000, 0x00000000c4800000, 0x00000000c4800000|100%| O|  |TAMS 0x00000000c4700000| PB 0x00000000c4700000| Untracked 
|   4|0x00000000c4800000, 0x00000000c4900000, 0x00000000c4900000|100%| O|  |TAMS 0x00000000c4800000| PB 0x00000000c4800000| Untracked 
|   5|0x00000000c4900000, 0x00000000c4a00000, 0x00000000c4a00000|100%| O|  |TAMS 0x00000000c4900000| PB 0x00000000c4900000| Untracked 
|   6|0x00000000c4a00000, 0x00000000c4a9fef8, 0x00000000c4b00000| 62%| O|  |TAMS 0x00000000c4a00000| PB 0x00000000c4a00000| Untracked 
|   7|0x00000000c4b00000, 0x00000000c4b00000, 0x00000000c4c00000|  0%| F|  |TAMS 0x00000000c4b00000| PB 0x00000000c4b00000| Untracked 
|   8|0x00000000c4c00000, 0x00000000c4c00000, 0x00000000c4d00000|  0%| F|  |TAMS 0x00000000c4c00000| PB 0x00000000c4c00000| Untracked 
|   9|0x00000000c4d00000, 0x00000000c4d00000, 0x00000000c4e00000|  0%| F|  |TAMS 0x00000000c4d00000| PB 0x00000000c4d00000| Untracked 
|  10|0x00000000c4e00000, 0x00000000c4e00000, 0x00000000c4f00000|  0%| F|  |TAMS 0x00000000c4e00000| PB 0x00000000c4e00000| Untracked 
|  11|0x00000000c4f00000, 0x00000000c4f00000, 0x00000000c5000000|  0%| F|  |TAMS 0x00000000c4f00000| PB 0x00000000c4f00000| Untracked 
|  12|0x00000000c5000000, 0x00000000c5000000, 0x00000000c5100000|  0%| F|  |TAMS 0x00000000c5000000| PB 0x00000000c5000000| Untracked 
|  13|0x00000000c5100000, 0x00000000c5100000, 0x00000000c5200000|  0%| F|  |TAMS 0x00000000c5100000| PB 0x00000000c5100000| Untracked 
|  14|0x00000000c5200000, 0x00000000c5200000, 0x00000000c5300000|  0%| F|  |TAMS 0x00000000c5200000| PB 0x00000000c5200000| Untracked 
|  15|0x00000000c5300000, 0x00000000c5300000, 0x00000000c5400000|  0%| F|  |TAMS 0x00000000c5300000| PB 0x00000000c5300000| Untracked 
|  16|0x00000000c5400000, 0x00000000c5400000, 0x00000000c5500000|  0%| F|  |TAMS 0x00000000c5400000| PB 0x00000000c5400000| Untracked 
|  17|0x00000000c5500000, 0x00000000c5500000, 0x00000000c5600000|  0%| F|  |TAMS 0x00000000c5500000| PB 0x00000000c5500000| Untracked 
|  18|0x00000000c5600000, 0x00000000c5600000, 0x00000000c5700000|  0%| F|  |TAMS 0x00000000c5600000| PB 0x00000000c5600000| Untracked 
|  19|0x00000000c5700000, 0x00000000c5700000, 0x00000000c5800000|  0%| F|  |TAMS 0x00000000c5700000| PB 0x00000000c5700000| Untracked 
|  20|0x00000000c5800000, 0x00000000c5800000, 0x00000000c5900000|  0%| F|  |TAMS 0x00000000c5800000| PB 0x00000000c5800000| Untracked 
|  21|0x00000000c5900000, 0x00000000c5900000, 0x00000000c5a00000|  0%| F|  |TAMS 0x00000000c5900000| PB 0x00000000c5900000| Untracked 
|  22|0x00000000c5a00000, 0x00000000c5a00000, 0x00000000c5b00000|  0%| F|  |TAMS 0x00000000c5a00000| PB 0x00000000c5a00000| Untracked 
|  23|0x00000000c5b00000, 0x00000000c5b00000, 0x00000000c5c00000|  0%| F|  |TAMS 0x00000000c5b00000| PB 0x00000000c5b00000| Untracked 
|  24|0x00000000c5c00000, 0x00000000c5c00000, 0x00000000c5d00000|  0%| F|  |TAMS 0x00000000c5c00000| PB 0x00000000c5c00000| Untracked 
|  25|0x00000000c5d00000, 0x00000000c5d00000, 0x00000000c5e00000|  0%| F|  |TAMS 0x00000000c5d00000| PB 0x00000000c5d00000| Untracked 
|  26|0x00000000c5e00000, 0x00000000c5e00000, 0x00000000c5f00000|  0%| F|  |TAMS 0x00000000c5e00000| PB 0x00000000c5e00000| Untracked 
|  27|0x00000000c5f00000, 0x00000000c5f00000, 0x00000000c6000000|  0%| F|  |TAMS 0x00000000c5f00000| PB 0x00000000c5f00000| Untracked 
|  28|0x00000000c6000000, 0x00000000c6100000, 0x00000000c6100000|100%| S|CS|TAMS 0x00000000c6000000| PB 0x00000000c6000000| Complete 
|  29|0x00000000c6100000, 0x00000000c6200000, 0x00000000c6200000|100%| S|CS|TAMS 0x00000000c6100000| PB 0x00000000c6100000| Complete 
|  30|0x00000000c6200000, 0x00000000c6300000, 0x00000000c6300000|100%| S|CS|TAMS 0x00000000c6200000| PB 0x00000000c6200000| Complete 
|  31|0x00000000c6300000, 0x00000000c6300000, 0x00000000c6400000|  0%| F|  |TAMS 0x00000000c6300000| PB 0x00000000c6300000| Untracked 
|  32|0x00000000c6400000, 0x00000000c6400000, 0x00000000c6500000|  0%| F|  |TAMS 0x00000000c6400000| PB 0x00000000c6400000| Untracked 
|  33|0x00000000c6500000, 0x00000000c6500000, 0x00000000c6600000|  0%| F|  |TAMS 0x00000000c6500000| PB 0x00000000c6500000| Untracked 
|  34|0x00000000c6600000, 0x00000000c6600000, 0x00000000c6700000|  0%| F|  |TAMS 0x00000000c6600000| PB 0x00000000c6600000| Untracked 
|  35|0x00000000c6700000, 0x00000000c6700000, 0x00000000c6800000|  0%| F|  |TAMS 0x00000000c6700000| PB 0x00000000c6700000| Untracked 
|  36|0x00000000c6800000, 0x00000000c6800000, 0x00000000c6900000|  0%| F|  |TAMS 0x00000000c6800000| PB 0x00000000c6800000| Untracked 
|  37|0x00000000c6900000, 0x00000000c6900000, 0x00000000c6a00000|  0%| F|  |TAMS 0x00000000c6900000| PB 0x00000000c6900000| Untracked 
|  38|0x00000000c6a00000, 0x00000000c6a00000, 0x00000000c6b00000|  0%| F|  |TAMS 0x00000000c6a00000| PB 0x00000000c6a00000| Untracked 
|  39|0x00000000c6b00000, 0x00000000c6b50458, 0x00000000c6c00000| 31%| E|  |TAMS 0x00000000c6b00000| PB 0x00000000c6b00000| Complete 
|  40|0x00000000c6c00000, 0x00000000c6d00000, 0x00000000c6d00000|100%| E|CS|TAMS 0x00000000c6c00000| PB 0x00000000c6c00000| Complete 
|  41|0x00000000c6d00000, 0x00000000c6e00000, 0x00000000c6e00000|100%| E|CS|TAMS 0x00000000c6d00000| PB 0x00000000c6d00000| Complete 
|  42|0x00000000c6e00000, 0x00000000c6f00000, 0x00000000c6f00000|100%| E|CS|TAMS 0x00000000c6e00000| PB 0x00000000c6e00000| Complete 
|  43|0x00000000c6f00000, 0x00000000c7000000, 0x00000000c7000000|100%| E|CS|TAMS 0x00000000c6f00000| PB 0x00000000c6f00000| Complete 
|  44|0x00000000c7000000, 0x00000000c7100000, 0x00000000c7100000|100%| E|CS|TAMS 0x00000000c7000000| PB 0x00000000c7000000| Complete 
|  45|0x00000000c7100000, 0x00000000c7200000, 0x00000000c7200000|100%| E|CS|TAMS 0x00000000c7100000| PB 0x00000000c7100000| Complete 
|  46|0x00000000c7200000, 0x00000000c7300000, 0x00000000c7300000|100%| E|CS|TAMS 0x00000000c7200000| PB 0x00000000c7200000| Complete 
|  47|0x00000000c7300000, 0x00000000c7400000, 0x00000000c7400000|100%| E|CS|TAMS 0x00000000c7300000| PB 0x00000000c7300000| Complete 
|  48|0x00000000c7400000, 0x00000000c7500000, 0x00000000c7500000|100%| E|CS|TAMS 0x00000000c7400000| PB 0x00000000c7400000| Complete 
|  49|0x00000000c7500000, 0x00000000c7600000, 0x00000000c7600000|100%| E|CS|TAMS 0x00000000c7500000| PB 0x00000000c7500000| Complete 
|  50|0x00000000c7600000, 0x00000000c7700000, 0x00000000c7700000|100%| E|CS|TAMS 0x00000000c7600000| PB 0x00000000c7600000| Complete 
|  51|0x00000000c7700000, 0x00000000c7800000, 0x00000000c7800000|100%| E|CS|TAMS 0x00000000c7700000| PB 0x00000000c7700000| Complete 
|  52|0x00000000c7800000, 0x00000000c7900000, 0x00000000c7900000|100%| E|CS|TAMS 0x00000000c7800000| PB 0x00000000c7800000| Complete 
|  53|0x00000000c7900000, 0x00000000c7a00000, 0x00000000c7a00000|100%| E|CS|TAMS 0x00000000c7900000| PB 0x00000000c7900000| Complete 
|  54|0x00000000c7a00000, 0x00000000c7b00000, 0x00000000c7b00000|100%| E|CS|TAMS 0x00000000c7a00000| PB 0x00000000c7a00000| Complete 
|  55|0x00000000c7b00000, 0x00000000c7c00000, 0x00000000c7c00000|100%| E|CS|TAMS 0x00000000c7b00000| PB 0x00000000c7b00000| Complete 
|  56|0x00000000c7c00000, 0x00000000c7d00000, 0x00000000c7d00000|100%| E|CS|TAMS 0x00000000c7c00000| PB 0x00000000c7c00000| Complete 
|  57|0x00000000c7d00000, 0x00000000c7e00000, 0x00000000c7e00000|100%| E|CS|TAMS 0x00000000c7d00000| PB 0x00000000c7d00000| Complete 
|  58|0x00000000c7e00000, 0x00000000c7f00000, 0x00000000c7f00000|100%| E|CS|TAMS 0x00000000c7e00000| PB 0x00000000c7e00000| Complete 
|  59|0x00000000c7f00000, 0x00000000c8000000, 0x00000000c8000000|100%| E|CS|TAMS 0x00000000c7f00000| PB 0x00000000c7f00000| Complete 

Card table byte_map: [0x000002ab69070000,0x000002ab69250000] _byte_map_base: 0x000002ab68a4e000

Marking Bits: (CMBitMap*) 0x000002ab5699e5f0
 Bits: [0x000002ab69250000, 0x000002ab6a140000)

Polling page: 0x000002ab54730000

Metaspace:

Usage:
  Non-class:     15.85 MB used.
      Class:      2.32 MB used.
       Both:     18.17 MB used.

Virtual space:
  Non-class space:       64.00 MB reserved,      16.12 MB ( 25%) committed,  1 nodes.
      Class space:        1.00 GB reserved,       2.50 MB ( <1%) committed,  1 nodes.
             Both:        1.06 GB reserved,      18.62 MB (  2%) committed. 

Chunk freelists:
   Non-Class:  15.61 MB
       Class:  13.55 MB
        Both:  29.16 MB

MaxMetaspaceSize: unlimited
CompressedClassSpaceSize: 1.00 GB
Initial GC threshold: 21.00 MB
Current GC threshold: 21.00 MB
CDS: on
 - commit_granule_bytes: 65536.
 - commit_granule_words: 8192.
 - virtual_space_node_default_size: 8388608.
 - enlarge_chunks_in_place: 1.
 - use_allocation_guard: 0.


Internal statistics:

num_allocs_failed_limit: 0.
num_arena_births: 474.
num_arena_deaths: 0.
num_vsnodes_births: 2.
num_vsnodes_deaths: 0.
num_space_committed: 298.
num_space_uncommitted: 0.
num_chunks_returned_to_freelist: 0.
num_chunks_taken_from_freelist: 1171.
num_chunk_merges: 0.
num_chunk_splits: 739.
num_chunks_enlarged: 477.
num_inconsistent_stats: 0.

CodeHeap 'non-profiled nmethods': size=120000Kb used=780Kb max_used=780Kb free=119219Kb
 bounds [0x000002ab61630000, 0x000002ab618a0000, 0x000002ab68b60000]
CodeHeap 'profiled nmethods': size=120000Kb used=4424Kb max_used=4424Kb free=115575Kb
 bounds [0x000002ab59b60000, 0x000002ab59fc0000, 0x000002ab61090000]
CodeHeap 'non-nmethods': size=5760Kb used=1375Kb max_used=1377Kb free=4384Kb
 bounds [0x000002ab61090000, 0x000002ab61300000, 0x000002ab61630000]
CodeCache: size=245760Kb, used=6579Kb, max_used=6581Kb, free=239178Kb
 total_blobs=2895, nmethods=2364, adapters=435, full_count=0
Compilation: enabled, stopped_count=0, restarted_count=0

Compilation events (20 events):
Event: 3.103 Thread 0x000002ab6cb7adf0 2295       3       jdk.internal.org.objectweb.asm.Frame::addInitializedType (77 bytes)
Event: 3.103 Thread 0x000002ab6cb7adf0 nmethod 2295 0x000002ab59f89410 code [0x000002ab59f895e0, 0x000002ab59f89ae0]
Event: 3.104 Thread 0x000002ab6cb7adf0 2296       3       sun.reflect.annotation.AnnotationType::getInstance (65 bytes)
Event: 3.104 Thread 0x000002ab6cb7adf0 nmethod 2296 0x000002ab59f89c90 code [0x000002ab59f89ea0, 0x000002ab59f8a420]
Event: 3.104 Thread 0x000002ab6cb7adf0 2297       3       java.lang.System$2::getAnnotationType (5 bytes)
Event: 3.105 Thread 0x000002ab6cb7adf0 nmethod 2297 0x000002ab59f8a690 code [0x000002ab59f8a820, 0x000002ab59f8a950]
Event: 3.105 Thread 0x000002ab6cb7adf0 2299       3       org.springframework.util.ConcurrentReferenceHashMap::doTask (18 bytes)
Event: 3.105 Thread 0x000002ab6cb7adf0 nmethod 2299 0x000002ab59f8aa10 code [0x000002ab59f8abe0, 0x000002ab59f8ae48]
Event: 3.105 Thread 0x000002ab6cb7adf0 2300   !   3       org.springframework.util.ConcurrentReferenceHashMap$Segment::doTask (179 bytes)
Event: 3.107 Thread 0x000002ab6cb7adf0 nmethod 2300 0x000002ab59f8af90 code [0x000002ab59f8b380, 0x000002ab59f8d130]
Event: 3.107 Thread 0x000002ab6cb7adf0 2301       3       java.lang.invoke.LambdaForm$MH/0x000002ab01080c00::linkToTargetMethod (15 bytes)
Event: 3.107 Thread 0x000002ab6cb7adf0 nmethod 2301 0x000002ab59f8dd90 code [0x000002ab59f8df60, 0x000002ab59f8e3b8]
Event: 3.107 Thread 0x000002ab6cb7adf0 2302       3       org.springframework.util.ConcurrentReferenceHashMap$Segment$$Lambda/0x000002ab0103ee38::add (25 bytes)
Event: 3.107 Thread 0x000002ab6cb7adf0 nmethod 2302 0x000002ab59f8e490 code [0x000002ab59f8e640, 0x000002ab59f8e798]
Event: 3.107 Thread 0x000002ab6cb7adf0 2303       3       org.springframework.util.ConcurrentReferenceHashMap$Segment::lambda$doTask$0 (43 bytes)
Event: 3.108 Thread 0x000002ab6cb7adf0 nmethod 2303 0x000002ab59f8e890 code [0x000002ab59f8ea80, 0x000002ab59f8efc0]
Event: 3.108 Thread 0x000002ab6cb7adf0 2304       3       org.springframework.util.ConcurrentReferenceHashMap$Entry::<init> (15 bytes)
Event: 3.108 Thread 0x000002ab6cb7adf0 nmethod 2304 0x000002ab59f8f210 code [0x000002ab59f8f3c0, 0x000002ab59f8f5e8]
Event: 3.108 Thread 0x000002ab6cb7adf0 2298       1       sun.reflect.annotation.AnnotationType::retention (5 bytes)
Event: 3.108 Thread 0x000002ab6cb7adf0 nmethod 2298 0x000002ab616f1810 code [0x000002ab616f19a0, 0x000002ab616f1a68]

GC Heap History (4 events):
Event: 1.467 GC heap before
{Heap before GC invocations=0 (full 0):
 garbage-first heap   total 61440K, used 24576K [0x00000000c4400000, 0x0000000100000000)
  region size 1024K, 23 young (23552K), 0 survivors (0K)
 Metaspace       used 5293K, committed 5504K, reserved 1114112K
  class space    used 627K, committed 704K, reserved 1048576K
}
Event: 1.474 GC heap after
{Heap after GC invocations=1 (full 0):
 garbage-first heap   total 61440K, used 6425K [0x00000000c4400000, 0x0000000100000000)
  region size 1024K, 3 young (3072K), 3 survivors (3072K)
 Metaspace       used 5293K, committed 5504K, reserved 1114112K
  class space    used 627K, committed 704K, reserved 1048576K
}
Event: 2.535 GC heap before
{Heap before GC invocations=1 (full 0):
 garbage-first heap   total 61440K, used 32025K [0x00000000c4400000, 0x0000000100000000)
  region size 1024K, 29 young (29696K), 3 survivors (3072K)
 Metaspace       used 13039K, committed 13440K, reserved 1114112K
  class space    used 1666K, committed 1856K, reserved 1048576K
}
Event: 2.542 GC heap after
{Heap after GC invocations=2 (full 0):
 garbage-first heap   total 61440K, used 9855K [0x00000000c4400000, 0x0000000100000000)
  region size 1024K, 3 young (3072K), 3 survivors (3072K)
 Metaspace       used 13039K, committed 13440K, reserved 1114112K
  class space    used 1666K, committed 1856K, reserved 1048576K
}

Dll operation events (17 events):
Event: 0.158 Attempting to load shared library C:\Users\venus\.vscode\extensions\redhat.java-1.56.0-win32-x64\jre\21.0.12.1-win32-x86_64\bin\java.dll
Event: 0.161 Loaded shared library C:\Users\venus\.vscode\extensions\redhat.java-1.56.0-win32-x64\jre\21.0.12.1-win32-x86_64\bin\java.dll
Event: 0.374 Attempting to load shared library C:\Users\venus\.vscode\extensions\redhat.java-1.56.0-win32-x64\jre\21.0.12.1-win32-x86_64\bin\zip.dll
Event: 0.375 Loaded shared library C:\Users\venus\.vscode\extensions\redhat.java-1.56.0-win32-x64\jre\21.0.12.1-win32-x86_64\bin\zip.dll
Event: 0.464 Attempting to load shared library C:\Users\venus\.vscode\extensions\redhat.java-1.56.0-win32-x64\jre\21.0.12.1-win32-x86_64\bin\net.dll
Event: 0.469 Loaded shared library C:\Users\venus\.vscode\extensions\redhat.java-1.56.0-win32-x64\jre\21.0.12.1-win32-x86_64\bin\net.dll
Event: 0.472 Attempting to load shared library C:\Users\venus\.vscode\extensions\redhat.java-1.56.0-win32-x64\jre\21.0.12.1-win32-x86_64\bin\nio.dll
Event: 0.473 Loaded shared library C:\Users\venus\.vscode\extensions\redhat.java-1.56.0-win32-x64\jre\21.0.12.1-win32-x86_64\bin\nio.dll
Event: 0.477 Attempting to load shared library C:\Users\venus\.vscode\extensions\redhat.java-1.56.0-win32-x64\jre\21.0.12.1-win32-x86_64\bin\zip.dll
Event: 0.477 Loaded shared library C:\Users\venus\.vscode\extensions\redhat.java-1.56.0-win32-x64\jre\21.0.12.1-win32-x86_64\bin\zip.dll
Event: 0.623 Attempting to load shared library C:\Users\venus\.vscode\extensions\redhat.java-1.56.0-win32-x64\jre\21.0.12.1-win32-x86_64\bin\jimage.dll
Event: 0.623 Loaded shared library C:\Users\venus\.vscode\extensions\redhat.java-1.56.0-win32-x64\jre\21.0.12.1-win32-x86_64\bin\jimage.dll
Event: 1.333 Attempting to load shared library C:\Users\venus\.vscode\extensions\redhat.java-1.56.0-win32-x64\jre\21.0.12.1-win32-x86_64\bin\management.dll
Event: 1.334 Loaded shared library C:\Users\venus\.vscode\extensions\redhat.java-1.56.0-win32-x64\jre\21.0.12.1-win32-x86_64\bin\management.dll
Event: 1.346 Attempting to load shared library C:\Users\venus\.vscode\extensions\redhat.java-1.56.0-win32-x64\jre\21.0.12.1-win32-x86_64\bin\management_ext.dll
Event: 1.351 Loaded shared library C:\Users\venus\.vscode\extensions\redhat.java-1.56.0-win32-x64\jre\21.0.12.1-win32-x86_64\bin\management_ext.dll
Event: 3.102 Attempting to load shared library C:\Users\venus\.vscode\extensions\redhat.java-1.56.0-win32-x64\jre\21.0.12.1-win32-x86_64\bin\sunmscapi.dll

Deoptimization events (20 events):
Event: 2.966 Thread 0x000002ab71c14770 DEOPT PACKING pc=0x000002ab616cf6f4 sp=0x000000e3562fd9b0
Event: 2.967 Thread 0x000002ab71c14770 DEOPT UNPACKING pc=0x000002ab610e4422 sp=0x000000e3562fd908 mode 2
Event: 2.967 Thread 0x000002ab71c14770 DEOPT PACKING pc=0x000002ab59d21961 sp=0x000000e3562fda30
Event: 2.967 Thread 0x000002ab71c14770 DEOPT UNPACKING pc=0x000002ab610e4bc2 sp=0x000000e3562fcf28 mode 0
Event: 2.967 Thread 0x000002ab71c14770 DEOPT PACKING pc=0x000002ab59d21961 sp=0x000000e3562fda30
Event: 2.967 Thread 0x000002ab71c14770 DEOPT UNPACKING pc=0x000002ab610e4bc2 sp=0x000000e3562fcf28 mode 0
Event: 2.985 Thread 0x000002ab71c14770 DEOPT PACKING pc=0x000002ab59d21961 sp=0x000000e3562fdbd0
Event: 2.985 Thread 0x000002ab71c14770 DEOPT UNPACKING pc=0x000002ab610e4bc2 sp=0x000000e3562fd0c8 mode 0
Event: 3.074 Thread 0x000002ab71c14770 Uncommon trap: trap_request=0xffffffc6 fr.pc=0x000002ab616de3ec relative=0x000000000000030c
Event: 3.074 Thread 0x000002ab71c14770 Uncommon trap: reason=bimorphic_or_optimized_type_check action=maybe_recompile pc=0x000002ab616de3ec method=java.util.HashMap.getNode(Ljava/lang/Object;)Ljava/util/HashMap$Node; @ 128 c2
Event: 3.074 Thread 0x000002ab71c14770 DEOPT PACKING pc=0x000002ab616de3ec sp=0x000000e3562fcbe0
Event: 3.074 Thread 0x000002ab71c14770 DEOPT UNPACKING pc=0x000002ab610e4422 sp=0x000000e3562fcaf8 mode 2
Event: 3.075 Thread 0x000002ab71c14770 Uncommon trap: trap_request=0xffffffc6 fr.pc=0x000002ab616de3ec relative=0x000000000000030c
Event: 3.075 Thread 0x000002ab71c14770 Uncommon trap: reason=bimorphic_or_optimized_type_check action=maybe_recompile pc=0x000002ab616de3ec method=java.util.HashMap.getNode(Ljava/lang/Object;)Ljava/util/HashMap$Node; @ 128 c2
Event: 3.075 Thread 0x000002ab71c14770 DEOPT PACKING pc=0x000002ab616de3ec sp=0x000000e3562fcbe0
Event: 3.075 Thread 0x000002ab71c14770 DEOPT UNPACKING pc=0x000002ab610e4422 sp=0x000000e3562fcaf8 mode 2
Event: 3.105 Thread 0x000002ab7182f290 Uncommon trap: trap_request=0xffffff45 fr.pc=0x000002ab616e9488 relative=0x00000000000000e8
Event: 3.105 Thread 0x000002ab7182f290 Uncommon trap: reason=unstable_if action=reinterpret pc=0x000002ab616e9488 method=java.util.Arrays.equals([Ljava/lang/Object;[Ljava/lang/Object;)Z @ 44 c2
Event: 3.105 Thread 0x000002ab7182f290 DEOPT PACKING pc=0x000002ab616e9488 sp=0x000000e355cfd320
Event: 3.105 Thread 0x000002ab7182f290 DEOPT UNPACKING pc=0x000002ab610e4422 sp=0x000000e355cfd2c0 mode 2

Classes loaded (20 events):
Event: 3.072 Loading class java/security/spec/AlgorithmParameterSpec
Event: 3.072 Loading class java/security/spec/AlgorithmParameterSpec done
Event: 3.072 Loading class java/security/spec/ECParameterSpec done
Event: 3.072 Loading class sun/security/util/NamedCurve done
Event: 3.072 Loading class sun/security/util/DerOutputStream
Event: 3.072 Loading class sun/security/util/DerEncoder
Event: 3.072 Loading class sun/security/util/DerEncoder done
Event: 3.072 Loading class sun/security/util/DerOutputStream done
Event: 3.073 Loading class sun/security/util/ByteArrayLexOrder
Event: 3.073 Loading class sun/security/util/ByteArrayLexOrder done
Event: 3.073 Loading class sun/security/util/ByteArrayTagOrder
Event: 3.073 Loading class sun/security/util/ByteArrayTagOrder done
Event: 3.073 Loading class sun/security/util/ObjectIdentifier
Event: 3.073 Loading class sun/security/util/ObjectIdentifier done
Event: 3.078 Loading class java/security/spec/ECFieldF2m
Event: 3.078 Loading class java/security/spec/ECFieldF2m done
Event: 3.087 Loading class sun/security/ssl/SunJSSE
Event: 3.088 Loading class sun/security/ssl/SunJSSE done
Event: 3.089 Loading class com/sun/crypto/provider/SunJCE
Event: 3.090 Loading class com/sun/crypto/provider/SunJCE done

Classes unloaded (0 events):
No events

Classes redefined (0 events):
No events

Internal exceptions (20 events):
Event: 2.026 Thread 0x000002ab7182f290 Exception <a 'java/lang/NoSuchMethodError'{0x00000000c7400fb0}: 'java.lang.Object java.lang.invoke.DirectMethodHandle$Holder.invokeSpecial(java.lang.Object, java.lang.Object, java.lang.Object, java.lang.Object, int, java.lang.Object)'> (0x00000000c7400fb0) 
thrown [s\src\hotspot\share\interpreter\linkResolver.cpp, line 773]
Event: 2.026 Thread 0x000002ab7182f290 Exception <a 'java/lang/NoSuchMethodError'{0x00000000c7404840}: 'java.lang.Object java.lang.invoke.Invokers$Holder.linkToTargetMethod(java.lang.Object, java.lang.Object, int, java.lang.Object, java.lang.Object)'> (0x00000000c7404840) 
thrown [s\src\hotspot\share\interpreter\linkResolver.cpp, line 773]
Event: 2.028 Thread 0x000002ab7182f290 Exception <a 'java/lang/NoSuchMethodError'{0x00000000c7413430}: 'java.lang.Object java.lang.invoke.DirectMethodHandle$Holder.newInvokeSpecial(java.lang.Object, int, java.lang.Object)'> (0x00000000c7413430) 
thrown [s\src\hotspot\share\interpreter\linkResolver.cpp, line 773]
Event: 2.029 Thread 0x000002ab7182f290 Exception <a 'java/lang/NoSuchMethodError'{0x00000000c7417c30}: 'int java.lang.invoke.DirectMethodHandle$Holder.invokeSpecialIFC(java.lang.Object, java.lang.Object, java.lang.Object, java.lang.Object)'> (0x00000000c7417c30) 
thrown [s\src\hotspot\share\interpreter\linkResolver.cpp, line 773]
Event: 2.059 Thread 0x000002ab7182f290 Exception <a 'java/lang/NoSuchMethodError'{0x00000000c74b9370}: 'void java.lang.invoke.DirectMethodHandle$Holder.invokeInterface(java.lang.Object, java.lang.Object, java.lang.Object)'> (0x00000000c74b9370) 
thrown [s\src\hotspot\share\interpreter\linkResolver.cpp, line 773]
Event: 2.103 Thread 0x000002ab7182f290 Exception <a 'java/lang/NoSuchMethodError'{0x00000000c7347b40}: 'void java.lang.invoke.DirectMethodHandle$Holder.invokeStaticInit(java.lang.Object, java.lang.Object, java.lang.Object)'> (0x00000000c7347b40) 
thrown [s\src\hotspot\share\interpreter\linkResolver.cpp, line 773]
Event: 2.113 Thread 0x000002ab7182f290 Exception <a 'java/lang/NoSuchMethodError'{0x00000000c7390588}: 'java.lang.Object java.lang.invoke.DirectMethodHandle$Holder.invokeVirtual(java.lang.Object, java.lang.Object, java.lang.Object)'> (0x00000000c7390588) 
thrown [s\src\hotspot\share\interpreter\linkResolver.cpp, line 773]
Event: 2.153 Thread 0x000002ab7182f290 Exception <a 'java/lang/NoSuchMethodError'{0x00000000c73b2360}: 'java.lang.Object java.lang.invoke.DirectMethodHandle$Holder.invokeStaticInit(java.lang.Object, int)'> (0x00000000c73b2360) 
thrown [s\src\hotspot\share\interpreter\linkResolver.cpp, line 773]
Event: 2.159 Thread 0x000002ab7182f290 Exception <a 'java/lang/NoSuchMethodError'{0x00000000c73bc670}: 'java.lang.Object java.lang.invoke.DirectMethodHandle$Holder.invokeStaticInit(java.lang.Object, int, java.lang.Object)'> (0x00000000c73bc670) 
thrown [s\src\hotspot\share\interpreter\linkResolver.cpp, line 773]
Event: 2.213 Thread 0x000002ab7182f290 Exception <a 'java/lang/NoSuchMethodError'{0x00000000c7249528}: 'void java.lang.invoke.DirectMethodHandle$Holder.invokeVirtual(java.lang.Object, java.lang.Object, java.lang.Object, java.lang.Object)'> (0x00000000c7249528) 
thrown [s\src\hotspot\share\interpreter\linkResolver.cpp, line 773]
Event: 2.317 Thread 0x000002ab7182f290 Exception <a 'java/lang/NoSuchMethodError'{0x00000000c6f012f0}: 'java.lang.Object java.lang.invoke.Invokers$Holder.invoke_MT(java.lang.Object, java.lang.Object, java.lang.Object, java.lang.Object, java.lang.Object, java.lang.Object, java.lang.Object, java.lang.Object, java.lang.Object)'> (0x00000000c6f012f0) 
thrown [s\src\hotspot\share\interpreter\linkResolver.cpp, line 773]
Event: 2.326 Thread 0x000002ab7182f290 Exception <a 'java/lang/NoSuchMethodError'{0x00000000c6f34f68}: 'java.lang.reflect.Field[] java.lang.Class.getDeclaredFields(java.lang.Class)'> (0x00000000c6f34f68) 
thrown [s\src\hotspot\share\interpreter\linkResolver.cpp, line 773]
Event: 2.340 Thread 0x000002ab7182f290 Exception <a 'java/lang/IncompatibleClassChangeError'{0x00000000c6e26e60}: Found class java.lang.Object, but interface was expected> (0x00000000c6e26e60) 
thrown [s\src\hotspot\share\interpreter\linkResolver.cpp, line 840]
Event: 2.796 Thread 0x000002ab71c14770 Exception <a 'java/lang/NoSuchMethodError'{0x00000000c7508048}: 'long java.lang.invoke.DirectMethodHandle$Holder.invokeSpecial(java.lang.Object, java.lang.Object)'> (0x00000000c7508048) 
thrown [s\src\hotspot\share\interpreter\linkResolver.cpp, line 773]
Event: 2.801 Thread 0x000002ab71c14770 Exception <a 'java/lang/NoSuchMethodError'{0x00000000c7511c70}: 'long java.lang.invoke.DirectMethodHandle$Holder.invokeStatic(java.lang.Object, java.lang.Object)'> (0x00000000c7511c70) 
thrown [s\src\hotspot\share\interpreter\linkResolver.cpp, line 773]
Event: 2.801 Thread 0x000002ab71c14770 Exception <a 'java/lang/NoSuchMethodError'{0x00000000c7514d68}: 'long java.lang.invoke.DirectMethodHandle$Holder.invokeStaticInit(java.lang.Object, java.lang.Object)'> (0x00000000c7514d68) 
thrown [s\src\hotspot\share\interpreter\linkResolver.cpp, line 773]
Event: 2.805 Thread 0x000002ab71c14770 Exception <a 'java/lang/NoSuchMethodError'{0x00000000c7520e28}: 'long java.lang.invoke.DirectMethodHandle$Holder.invokeInterface(java.lang.Object, java.lang.Object)'> (0x00000000c7520e28) 
thrown [s\src\hotspot\share\interpreter\linkResolver.cpp, line 773]
Event: 2.806 Thread 0x000002ab71c14770 Exception <a 'java/lang/IncompatibleClassChangeError'{0x00000000c75744d0}: Found class java.lang.Object, but interface was expected> (0x00000000c75744d0) 
thrown [s\src\hotspot\share\interpreter\linkResolver.cpp, line 840]
Event: 2.937 Thread 0x000002ab7182f290 Exception <a 'java/lang/NoSuchMethodError'{0x00000000c7075f50}: 'int java.lang.invoke.DirectMethodHandle$Holder.invokeSpecial(java.lang.Object, java.lang.Object, java.lang.Object, java.lang.Object, java.lang.Object)'> (0x00000000c7075f50) 
thrown [s\src\hotspot\share\interpreter\linkResolver.cpp, line 773]
Event: 2.944 Thread 0x000002ab7182f290 Exception <a 'java/lang/NoSuchMethodError'{0x00000000c707e460}: 'void java.lang.invoke.DirectMethodHandle$Holder.invokeVirtual(java.lang.Object, java.lang.Object)'> (0x00000000c707e460) 
thrown [s\src\hotspot\share\interpreter\linkResolver.cpp, line 773]

ZGC Phase Switch (0 events):
No events

VM Operations (20 events):
Event: 1.467 Executing safepoint VM operation: G1CollectForAllocation (G1 Evacuation Pause)
Event: 1.474 Executing safepoint VM operation: G1CollectForAllocation (G1 Evacuation Pause) done
Event: 1.987 Executing non-safepoint VM operation: HandshakeAllThreads (Deoptimize)
Event: 1.987 Executing non-safepoint VM operation: HandshakeAllThreads (Deoptimize) done
Event: 2.191 Executing safepoint VM operation: ICBufferFull
Event: 2.191 Executing safepoint VM operation: ICBufferFull done
Event: 2.296 Executing non-safepoint VM operation: HandshakeAllThreads (Deoptimize)
Event: 2.296 Executing non-safepoint VM operation: HandshakeAllThreads (Deoptimize) done
Event: 2.299 Executing non-safepoint VM operation: HandshakeAllThreads (Deoptimize)
Event: 2.299 Executing non-safepoint VM operation: HandshakeAllThreads (Deoptimize) done
Event: 2.519 Executing non-safepoint VM operation: HandshakeAllThreads (Deoptimize)
Event: 2.519 Executing non-safepoint VM operation: HandshakeAllThreads (Deoptimize) done
Event: 2.535 Executing safepoint VM operation: G1CollectForAllocation (G1 Evacuation Pause)
Event: 2.542 Executing safepoint VM operation: G1CollectForAllocation (G1 Evacuation Pause) done
Event: 2.809 Executing non-safepoint VM operation: HandshakeAllThreads (Deoptimize)
Event: 2.809 Executing non-safepoint VM operation: HandshakeAllThreads (Deoptimize) done
Event: 2.904 Executing non-safepoint VM operation: HandshakeAllThreads (Deoptimize)
Event: 2.904 Executing non-safepoint VM operation: HandshakeAllThreads (Deoptimize) done
Event: 3.072 Executing non-safepoint VM operation: HandshakeAllThreads (Deoptimize)
Event: 3.073 Executing non-safepoint VM operation: HandshakeAllThreads (Deoptimize) done

Memory protections (0 events):
No events

Nmethod flushes (0 events):
No events

Events (14 events):
Event: 0.220 Thread 0x000002ab5444cd40 Thread added: 0x000002ab5444cd40
Event: 0.378 Thread 0x000002ab5444cd40 Thread added: 0x000002ab6cb5f020
Event: 0.378 Thread 0x000002ab5444cd40 Thread added: 0x000002ab6cb5fc80
Event: 0.379 Thread 0x000002ab5444cd40 Thread added: 0x000002ab6cb662b0
Event: 0.379 Thread 0x000002ab5444cd40 Thread added: 0x000002ab6cb66f10
Event: 0.379 Thread 0x000002ab5444cd40 Thread added: 0x000002ab6cb6a1a0
Event: 0.379 Thread 0x000002ab5444cd40 Thread added: 0x000002ab6cb6ac00
Event: 0.380 Thread 0x000002ab5444cd40 Thread added: 0x000002ab6cb79b00
Event: 0.380 Thread 0x000002ab5444cd40 Thread added: 0x000002ab6cb7adf0
Event: 0.452 Thread 0x000002ab5444cd40 Thread added: 0x000002ab6ccb5240
Event: 0.458 Thread 0x000002ab5444cd40 Thread added: 0x000002ab6ccc2da0
Event: 1.413 Thread 0x000002ab5444cd40 Thread added: 0x000002ab71863c10
Event: 1.421 Thread 0x000002ab71863c10 Thread added: 0x000002ab7182f290
Event: 2.311 Thread 0x000002ab7182f290 Thread added: 0x000002ab71c14770


Dynamic libraries:
0x00007ff734270000 - 0x00007ff73427e000 	C:\Users\venus\.vscode\extensions\redhat.java-1.56.0-win32-x64\jre\21.0.12.1-win32-x86_64\bin\java.exe
0x00007fffed5e0000 - 0x00007fffed847000 	C:\Windows\SYSTEM32\ntdll.dll
0x00007fffec4e0000 - 0x00007fffec5ab000 	C:\Windows\System32\KERNEL32.DLL
0x00007fffea930000 - 0x00007fffead32000 	C:\Windows\System32\KERNELBASE.dll
0x00007fffeadf0000 - 0x00007fffeaf3c000 	C:\Windows\System32\ucrtbase.dll
0x00007fff64280000 - 0x00007fff6429e000 	C:\Users\venus\.vscode\extensions\redhat.java-1.56.0-win32-x64\jre\21.0.12.1-win32-x86_64\bin\VCRUNTIME140.dll
0x00007fff64260000 - 0x00007fff64278000 	C:\Users\venus\.vscode\extensions\redhat.java-1.56.0-win32-x64\jre\21.0.12.1-win32-x86_64\bin\jli.dll
0x00007fffecbd0000 - 0x00007fffecd9f000 	C:\Windows\System32\USER32.dll
0x00007fffeb140000 - 0x00007fffeb167000 	C:\Windows\System32\win32u.dll
0x00007fffbfca0000 - 0x00007fffbff30000 	C:\Windows\WinSxS\amd64_microsoft.windows.common-controls_6595b64144ccf1df_6.0.26100.9278_none_3e0d1ba8e3303201\COMCTL32.dll
0x00007fffeb410000 - 0x00007fffeb43b000 	C:\Windows\System32\GDI32.dll
0x00007fffeb930000 - 0x00007fffeb9d9000 	C:\Windows\System32\msvcrt.dll
0x00007fffeaf50000 - 0x00007fffeb079000 	C:\Windows\System32\gdi32full.dll
0x00007fffead40000 - 0x00007fffeade3000 	C:\Windows\System32\msvcp_win.dll
0x00007fffec360000 - 0x00007fffec391000 	C:\Windows\System32\IMM32.DLL
0x00007fffcad90000 - 0x00007fffcad9c000 	C:\Users\venus\.vscode\extensions\redhat.java-1.56.0-win32-x64\jre\21.0.12.1-win32-x86_64\bin\vcruntime140_1.dll
0x00007fff62730000 - 0x00007fff627bd000 	C:\Users\venus\.vscode\extensions\redhat.java-1.56.0-win32-x64\jre\21.0.12.1-win32-x86_64\bin\msvcp140.dll
0x00007fff614c0000 - 0x00007fff62262000 	C:\Users\venus\.vscode\extensions\redhat.java-1.56.0-win32-x64\jre\21.0.12.1-win32-x86_64\bin\server\jvm.dll
0x00007fffec8d0000 - 0x00007fffec98c000 	C:\Windows\System32\ADVAPI32.dll
0x00007fffed140000 - 0x00007fffed1e9000 	C:\Windows\System32\sechost.dll
0x00007fffec3c0000 - 0x00007fffec4d8000 	C:\Windows\System32\RPCRT4.dll
0x00007fffed2f0000 - 0x00007fffed370000 	C:\Windows\System32\WS2_32.dll
0x00007fffea640000 - 0x00007fffea69e000 	C:\Windows\SYSTEM32\POWRPROF.dll
0x00007fffdf2f0000 - 0x00007fffdf326000 	C:\Windows\SYSTEM32\WINMM.dll
0x00007fffc4240000 - 0x00007fffc424b000 	C:\Windows\SYSTEM32\VERSION.dll
0x00007fffea620000 - 0x00007fffea635000 	C:\Windows\SYSTEM32\UMPDC.dll
0x00007fffe94b0000 - 0x00007fffe94cb000 	C:\Windows\SYSTEM32\kernel.appcore.dll
0x00007fffca940000 - 0x00007fffca94a000 	C:\Users\venus\.vscode\extensions\redhat.java-1.56.0-win32-x64\jre\21.0.12.1-win32-x86_64\bin\jimage.dll
0x00007fffe7c50000 - 0x00007fffe7e9c000 	C:\Windows\SYSTEM32\DBGHELP.DLL
0x00007fffecdb0000 - 0x00007fffed135000 	C:\Windows\System32\combase.dll
0x00007fffeb300000 - 0x00007fffeb3d9000 	C:\Windows\System32\OLEAUT32.dll
0x00007fffbe170000 - 0x00007fffbe1ab000 	C:\Windows\SYSTEM32\dbgcore.DLL
0x00007fffea870000 - 0x00007fffea91c000 	C:\Windows\System32\bcryptPrimitives.dll
0x00007fff62710000 - 0x00007fff62730000 	C:\Users\venus\.vscode\extensions\redhat.java-1.56.0-win32-x64\jre\21.0.12.1-win32-x86_64\bin\java.dll
0x00007fffeb9e0000 - 0x00007fffec178000 	C:\Windows\System32\SHELL32.dll
0x00007fffe8260000 - 0x00007fffe8b0e000 	C:\Windows\SYSTEM32\windows.storage.dll
0x00007fffed1f0000 - 0x00007fffed2eb000 	C:\Windows\System32\SHCORE.dll
0x00007fffecb20000 - 0x00007fffecb86000 	C:\Windows\System32\shlwapi.dll
0x00007fffea700000 - 0x00007fffea729000 	C:\Windows\SYSTEM32\profapi.dll
0x00007fff626f0000 - 0x00007fff62708000 	C:\Users\venus\.vscode\extensions\redhat.java-1.56.0-win32-x64\jre\21.0.12.1-win32-x86_64\bin\zip.dll
0x00007fffc51c0000 - 0x00007fffc51d0000 	C:\Users\venus\.vscode\extensions\redhat.java-1.56.0-win32-x64\jre\21.0.12.1-win32-x86_64\bin\net.dll
0x00007fffd9390000 - 0x00007fffd94ba000 	C:\Windows\SYSTEM32\WINHTTP.dll
0x00007fffe9a70000 - 0x00007fffe9adc000 	C:\Windows\system32\mswsock.dll
0x00007fff626b0000 - 0x00007fff626c6000 	C:\Users\venus\.vscode\extensions\redhat.java-1.56.0-win32-x64\jre\21.0.12.1-win32-x86_64\bin\nio.dll
0x00007fffcf370000 - 0x00007fffcf37a000 	C:\Users\venus\.vscode\extensions\redhat.java-1.56.0-win32-x64\jre\21.0.12.1-win32-x86_64\bin\management.dll
0x00007fffcf160000 - 0x00007fffcf16c000 	C:\Users\venus\.vscode\extensions\redhat.java-1.56.0-win32-x64\jre\21.0.12.1-win32-x86_64\bin\management_ext.dll
0x00007fffec6d0000 - 0x00007fffec6d8000 	C:\Windows\System32\PSAPI.DLL
0x00007fffc5310000 - 0x00007fffc531e000 	C:\Users\venus\.vscode\extensions\redhat.java-1.56.0-win32-x64\jre\21.0.12.1-win32-x86_64\bin\sunmscapi.dll
0x00007fffeb170000 - 0x00007fffeb2ee000 	C:\Windows\System32\CRYPT32.dll
0x00007fffe9fa0000 - 0x00007fffe9fd0000 	C:\Windows\SYSTEM32\ncrypt.dll
0x00007fffe9f50000 - 0x00007fffe9f8f000 	C:\Windows\SYSTEM32\NTASN1.dll

JVMTI agents: none

dbghelp: loaded successfully - version: 4.0.5 - missing functions: none
symbol engine: initialized successfully - sym options: 0x614 - pdb path: .;C:\Users\venus\.vscode\extensions\redhat.java-1.56.0-win32-x64\jre\21.0.12.1-win32-x86_64\bin;C:\Windows\SYSTEM32;C:\Windows\WinSxS\amd64_microsoft.windows.common-controls_6595b64144ccf1df_6.0.26100.9278_none_3e0d1ba8e3303201;C:\Users\venus\.vscode\extensions\redhat.java-1.56.0-win32-x64\jre\21.0.12.1-win32-x86_64\bin\server

VM Arguments:
jvm_args: -XX:+ShowCodeDetailsInExceptionMessages 
java_command: com.example.pizzariasousa_api.PizzariasousaApiApplication
java_class_path (initial): C:\2 ANO\LIP1\pizzariasousa-api\pizzariasousa-api\target\classes;C:\Users\venus\.m2\repository\org\springframework\boot\spring-boot-starter-webmvc\4.1.1\spring-boot-starter-webmvc-4.1.1.jar;C:\Users\venus\.m2\repository\org\springframework\boot\spring-boot-starter\4.1.1\spring-boot-starter-4.1.1.jar;C:\Users\venus\.m2\repository\org\springframework\boot\spring-boot-starter-logging\4.1.1\spring-boot-starter-logging-4.1.1.jar;C:\Users\venus\.m2\repository\ch\qos\logback\logback-classic\1.5.38\logback-classic-1.5.38.jar;C:\Users\venus\.m2\repository\ch\qos\logback\logback-core\1.5.38\logback-core-1.5.38.jar;C:\Users\venus\.m2\repository\org\apache\logging\log4j\log4j-to-slf4j\2.25.5\log4j-to-slf4j-2.25.5.jar;C:\Users\venus\.m2\repository\org\apache\logging\log4j\log4j-api\2.25.5\log4j-api-2.25.5.jar;C:\Users\venus\.m2\repository\org\slf4j\jul-to-slf4j\2.0.18\jul-to-slf4j-2.0.18.jar;C:\Users\venus\.m2\repository\jakarta\annotation\jakarta.annotation-api\3.0.0\jakarta.annotation-api-3.0.0.jar;C:\Users\venus\.m2\repository\org\yaml\snakeyaml\2.6\snakeyaml-2.6.jar;C:\Users\venus\.m2\repository\org\springframework\boot\spring-boot-starter-jackson\4.1.1\spring-boot-starter-jackson-4.1.1.jar;C:\Users\venus\.m2\repository\org\springframework\boot\spring-boot-jackson\4.1.1\spring-boot-jackson-4.1.1.jar;C:\Users\venus\.m2\repository\tools\jackson\core\jackson-databind\3.1.5\jackson-databind-3.1.5.jar;C:\Users\venus\.m2\repository\com\fasterxml\jackson\core\jackson-annotations\2.21\jackson-annotations-2.21.jar;C:\Users\venus\.m2\repository\tools\jackson\core\jackson-core\3.1.5\jackson-core-3.1.5.jar;C:\Users\venus\.m2\repository\org\springframework\boot\spring-boot-starter-tomcat\4.1.1\spring-boot-starter-tomcat-4.1.1.jar;C:\Users\venus\.m2\repository\org\springframework\boot\spring-boot-starter-tomcat-runtime\4.1.1\spring-boot-starter-tomcat-runtime-4.1.1.jar;C:\Users\venus\.m2\repository\org\apache\tomcat\embed\tomcat-embed-core\11.0.24\tomcat-embed-core-11.0.24.jar;C:\Users\venus\.m2\repository\org\apache\tomcat\embed\tomcat-embed-el\11.0.24\tomcat-embed-el-11.0.24.jar;C:\Users\venus\.m2\repository\org\apache\tomcat\embed\tomcat-embed-websocket\11.0.24\tomcat-embed-websocket-11.0.24.jar;C:\Users\venus\.m2\repository\org\springframework\boot\spring-boot-tomcat\4.1.1\spring-boot-tomcat-4.1.1.jar;C:\Users\venus\.m2\repository\org\springframework\boot\spring-boot-http-converter\4.1.1\spring-boot-http-converter-4.1.1.jar;C:\Users\venus\.m2\repository\org\springframework\spring-web\7.0.9\spring-web-7.0.9.jar;C:\Users\venus\.m2\repository\org\springframework\spring-beans\7.0.9\spring-beans-7.0.9.jar;C:\Users\venus\.m2\repository\io\micrometer\micrometer-observation\1.17.1\micrometer-observation-1.17.1.jar;C:\Users\venus\.m2\repository\io\micrometer\micrometer-commons\1.17.1\micrometer-commons-1.17.1.jar;C:\Users\venus\.m2\repository\org\springframework\boot\spring-boot-webmvc\4.1.1\spring-boot-webmvc-4.1.1.jar;C:\Users\venus\.m2\repository\org\springframework\boot\spring-boot-servlet\4.1.1\spring-boot-servlet-4.1.1.jar;C:\Users\venus\.m2\repository\org\springframework\spring-webmvc\7.0.9\spring-webmvc-7.0.9.jar;C:\Users\venus\.m2\repository\org\springframework\spring-aop\7.0.9\spring-aop-7.0.9.jar;C:\Users\venus\.m2\repository\org\springframework\spring-expression\7.0.9\spring-expression-7.0.9.jar;C:\Users\venus\.m2\repository\org\springframework\boot\spring-boot-starter-data-jpa\4.1.1\spring-boot-starter-data-jpa-4.1.1.jar;C:\Users\venus\.m2\repository\org\springframework\boot\spring-boot-starter-jdbc\4.1.1\spring-boot-starter-jdbc-4.1.1.jar;C:\Users\venus\.m2\repository\com\zaxxer\HikariCP\7.0.2\HikariCP-7.0.2.jar;C:\Users\venus\.m2\repository\org\slf4j\slf4j-api\2.0.18\slf4j-api-2.0.18.jar;C:\Users\venus\.m2\repository\org\springframework\boot\spring-boot-data-jpa\4.1.1\spring-boot-data-jpa-4.1.1.jar;C:\Users\venus\.m2\repository\org\springframework\boot\spring-boot-data-commons\4.1.1\spring-boot-data-commons-4.1.1.jar;C:\Users\venus\.m2\repository\org\springframework\boot\spring-boot-persistence\4.1.1\spring-boot-persistence-4.1.1.jar;C:\Users\venus\.m2\repository\org\springframework\data\spring-data-commons\4.1.1\spring-data-commons-4.1.1.jar;C:\Users\venus\.m2\repository\org\springframework\boot\spring-boot-hibernate\4.1.1\spring-boot-hibernate-4.1.1.jar;C:\Users\venus\.m2\repository\org\springframework\boot\spring-boot-jpa\4.1.1\spring-boot-jpa-4.1.1.jar;C:\Users\venus\.m2\repository\jakarta\persistence\jakarta.persistence-api\3.2.0\jakarta.persistence-api-3.2.0.jar;C:\Users\venus\.m2\repository\org\hibernate\orm\hibernate-core\7.4.5.Final\hibernate-core-7.4.5.Final.jar;C:\Users\venus\.m2\repository\jakarta\transaction\jakarta.transaction-api\2.0.1\jakarta.transaction-api-2.0.1.jar;C:\Users\venus\.m2\repository\org\jboss\logging\jboss-logging\3.6.3.Final\jboss-logging-3.6.3.Final.jar;C:\Users\venus\.m2\repository\org\hibernate\models\hibernate-models\1.1.1\hibernate-models-1.1.1.jar;C:\Users\venus\.m2\repository\org\glassfish\jaxb\jaxb-runtime\4.0.9\jaxb-runtime-4.0.9.jar;C:\Users\venus\.m2\repository\org\glassfish\jaxb\jaxb-core\4.0.9\jaxb-core-4.0.9.jar;C:\Users\venus\.m2\repository\org\eclipse\angus\angus-activation\2.0.3\angus-activation-2.0.3.jar;C:\Users\venus\.m2\repository\org\glassfish\jaxb\txw2\4.0.9\txw2-4.0.9.jar;C:\Users\venus\.m2\repository\com\sun\istack\istack-commons-runtime\4.1.2\istack-commons-runtime-4.1.2.jar;C:\Users\venus\.m2\repository\jakarta\inject\jakarta.inject-api\2.0.1\jakarta.inject-api-2.0.1.jar;C:\Users\venus\.m2\repository\org\springframework\spring-orm\7.0.9\spring-orm-7.0.9.jar;C:\Users\venus\.m2\repository\org\springframework\data\spring-data-jpa\4.1.1\spring-data-jpa-4.1.1.jar;C:\Users\venus\.m2\repository\org\springframework\spring-tx\7.0.9\spring-tx-7.0.9.jar;C:\Users\venus\.m2\repository\org\antlr\antlr4-runtime\4.13.2\antlr4-runtime-4.13.2.jar;C:\Users\venus\.m2\repository\org\springframework\spring-aspects\7.0.9\spring-aspects-7.0.9.jar;C:\Users\venus\.m2\repository\org\aspectj\aspectjweaver\1.9.25.1\aspectjweaver-1.9.25.1.jar;C:\Users\venus\.m2\repository\org\springframework\boot\spring-boot-jdbc\4.1.1\spring-boot-jdbc-4.1.1.jar;C:\Users\venus\.m2\repository\org\springframework\boot\spring-boot-sql\4.1.1\spring-boot-sql-4.1.1.jar;C:\Users\venus\.m2\repository\org\springframework\boot\spring-boot-transaction\4.1.1\spring-boot-transaction-4.1.1.jar;C:\Users\venus\.m2\repository\org\springframework\spring-jdbc\7.0.9\spring-jdbc-7.0.9.jar;C:\Users\venus\.m2\repository\com\microsoft\sqlserver\mssql-jdbc\13.4.0.jre11\mssql-jdbc-13.4.0.jre11.jar;C:\Users\venus\.m2\repository\org\springframework\boot\spring-boot-devtools\4.1.1\spring-boot-devtools-4.1.1.jar;C:\Users\venus\.m2\repository\org\springframework\boot\spring-boot\4.1.1\spring-boot-4.1.1.jar;C:\Users\venus\.m2\repository\org\springframework\spring-core\7.0.9\spring-core-7.0.9.jar;C:\Users\venus\.m2\repository\commons-logging\commons-logging\1.3.6\commons-logging-1.3.6.jar;C:\Users\venus\.m2\repository\org\jspecify\jspecify\1.0.1\jspecify-1.0.1.jar;C:\Users\venus\.m2\repository\org\springframework\spring-context\7.0.9\spring-context-7.0.9.jar;C:\Users\venus\.m2\repository\org\springframework\boot\spring-boot-autoconfigure\4.1.1\spring-boot-autoconfigure-4.1.1.jar;C:\Users\venus\.m2\repository\jakarta\xml\bind\jakarta.xml.bind-api\4.0.5\jakarta.xml.bind-api-4.0.5.jar;C:\Users\venus\.m2\repository\jakarta\activation\jakarta.activation-api\2.1.4\jakarta.activation-api-2.1.4.jar;C:\Users\venus\.m2\repository\net\bytebuddy\byte-buddy\1.18.11\byte-buddy-1.18.11.jar;C:\Users\venus\.m2\repository\org\springframework\boot\spring-boot-web-server\4.1.1\spring-boot-web-server-4.1.1.jar
Launcher Type: SUN_STANDARD

[Global flags]
     intx CICompilerCount                          = 4                                         {product} {ergonomic}
     uint ConcGCThreads                            = 2                                         {product} {ergonomic}
     uint G1ConcRefinementThreads                  = 8                                         {product} {ergonomic}
   size_t G1HeapRegionSize                         = 1048576                                   {product} {ergonomic}
    uintx GCDrainStackTargetSize                   = 64                                        {product} {ergonomic}
   size_t InitialHeapSize                          = 62914560                                  {product} {ergonomic}
   size_t MarkStackSize                            = 4194304                                   {product} {ergonomic}
   size_t MaxHeapSize                              = 1002438656                                {product} {ergonomic}
   size_t MaxNewSize                               = 600834048                                 {product} {ergonomic}
   size_t MinHeapDeltaBytes                        = 1048576                                   {product} {ergonomic}
   size_t MinHeapSize                              = 8388608                                   {product} {ergonomic}
    uintx NonNMethodCodeHeapSize                   = 5839372                                {pd product} {ergonomic}
    uintx NonProfiledCodeHeapSize                  = 122909434                              {pd product} {ergonomic}
    uintx ProfiledCodeHeapSize                     = 122909434                              {pd product} {ergonomic}
    uintx ReservedCodeCacheSize                    = 251658240                              {pd product} {ergonomic}
     bool SegmentedCodeCache                       = true                                      {product} {ergonomic}
     bool ShowCodeDetailsInExceptionMessages       = true                                   {manageable} {command line}
   size_t SoftMaxHeapSize                          = 1002438656                             {manageable} {ergonomic}
     bool UseCompressedOops                        = true                           {product lp64_product} {ergonomic}
     bool UseG1GC                                  = true                                      {product} {ergonomic}
     bool UseLargePagesIndividualAllocation        = false                                  {pd product} {ergonomic}

Logging:
Log output configuration:
 #0: stdout all=warning uptime,level,tags foldmultilines=false
 #1: stderr all=off uptime,level,tags foldmultilines=false

Release file:
JAVA_VERSION="21.0.12.1" 
MODULES="java.base java.compiler java.datatransfer java.xml java.prefs java.desktop java.instrument java.logging java.management java.security.sasl java.naming java.rmi java.management.rmi java.net.http java.scripting java.security.jgss java.transaction.xa java.sql java.sql.rowset java.xml.crypto java.se java.smartcardio jdk.accessibility jdk.internal.jvmstat jdk.attach jdk.charsets jdk.internal.opt jdk.zipfs jdk.compiler jdk.crypto.ec jdk.crypto.cryptoki jdk.crypto.mscapi jdk.dynalink jdk.internal.ed jdk.editpad jdk.hotspot.agent jdk.httpserver jdk.internal.le jdk.internal.vm.ci jdk.internal.vm.compiler jdk.internal.vm.compiler.management jdk.jartool jdk.javadoc jdk.jcmd jdk.management jdk.management.agent jdk.jconsole jdk.jdeps jdk.jdwp.agent jdk.jdi jdk.jfr jdk.jshell jdk.jsobject jdk.jstatd jdk.localedata jdk.management.jfr jdk.naming.dns jdk.naming.rmi jdk.net jdk.nio.mapmode jdk.random jdk.sctp jdk.security.auth jdk.security.jgss jdk.unsupported jdk.unsupported.desktop jdk.xml.dom" 

Environment Variables:
JAVA_HOME=C:\Program Files\Eclipse Adoptium\jdk-25.0.4.101-hotspot\
PATH=C:\Program Files\WindowsApps\Microsoft.PowerShell_7.6.6.0_x64__8wekyb3d8bbwe;C:\Program Files\Microsoft MPI\Bin\;C:\Program Files\Eclipse Adoptium\jdk-25.0.4.101-hotspot\bin;C:\Windows\system32;C:\Windows;C:\Windows\System32\Wbem;C:\Windows\System32\WindowsPowerShell\v1.0\;C:\Windows\System32\OpenSSH\;C:\ProgramData\UNIVALI\Portugol Studio;C:\Program Files\PowerShell\7-preview\preview;C:\Program Files\Git\cmd;C:\Program Files\Microsoft SQL Server\Client SDK\ODBC\170\Tools\Binn\;C:\Program Files (x86)\Microsoft SQL Server\150\Tools\Binn\;C:\Program Files\Microsoft SQL Server\150\Tools\Binn\;C:\Program Files\Microsoft SQL Server\150\DTS\Binn\;C:\Users\venus\AppData\Local\Microsoft\WindowsApps;C:\Users\venus\AppData\Local\Programs\Microsoft VS Code\bin;C:\Users\venus\AppData\Local\GitHubDesktop\bin;c:\Users\venus\.vscode\extensions\vscjava.vscode-java-debug-0.59.0\bundled\scripts\noConfigScripts
USERNAME=venus
LANG=pt_BR.UTF-8
OS=Windows_NT
PROCESSOR_IDENTIFIER=Intel64 Family 6 Model 154 Stepping 4, GenuineIntel
TMP=C:\Users\venus\AppData\Local\Temp
TEMP=C:\Users\venus\AppData\Local\Temp




Periodic native trim disabled

---------------  S Y S T E M  ---------------

OS:
 Windows 11 , 64 bit Build 26100 (10.0.26100.9444)
OS uptime: 0 days 0:20 hours

CPU: total 8 (initial active 8) (8 cores per cpu, 1 threads per core) family 6 model 154 stepping 4 microcode 0x43b, cx8, cmov, fxsr, mmx, 3dnowpref, sse, sse2, sse3, ssse3, sse4.1, sse4.2, popcnt, lzcnt, tsc, tscinvbit, avx, avx2, aes, erms, clmul, bmi1, bmi2, adx, sha, fma, vzeroupper, clflush, clflushopt, clwb, serialize, rdtscp, rdpid, fsrm, f16c, pku, cet_ibt, cet_ss
Processor Information for processor 0
  Max Mhz: 1200, Current Mhz: 1200, Mhz Limit: 1200
Processor Information for processor 1
  Max Mhz: 1200, Current Mhz: 1200, Mhz Limit: 1200
Processor Information for processor 2
  Max Mhz: 1200, Current Mhz: 1200, Mhz Limit: 1200
Processor Information for processor 3
  Max Mhz: 1200, Current Mhz: 1200, Mhz Limit: 1200
Processor Information for processor 4
  Max Mhz: 900, Current Mhz: 900, Mhz Limit: 900
Processor Information for processor 5
  Max Mhz: 900, Current Mhz: 900, Mhz Limit: 900
Processor Information for processor 6
  Max Mhz: 900, Current Mhz: 900, Mhz Limit: 900
Processor Information for processor 7
  Max Mhz: 900, Current Mhz: 900, Mhz Limit: 900

Memory: 4k page, system-wide physical 3820M (19M free)
TotalPageFile size 12012M (AvailPageFile size 0M)
current process WorkingSet (physical memory assigned to process): 128M, peak: 128M
current process commit charge ("private bytes"): 187M, peak: 187M

vm_info: OpenJDK 64-Bit Server VM (21.0.12.1+1-LTS) for windows-amd64 JRE (21.0.12.1+1-LTS), built on 2026-08-18T00:00:00Z by "admin" with MS VC++ 17.12 (VS2022)

END.
