#
# There is insufficient memory for the Java Runtime Environment to continue.
# Native memory allocation (malloc) failed to allocate 230816 bytes. Error detail: Chunk::new
# Possible reasons:
#   The system is out of physical RAM or swap space
#   This process is running with CompressedOops enabled, and the Java Heap may be blocking the growth of the native heap
# Possible solutions:
#   Reduce memory load on the system
#   Increase physical memory or swap space
#   Check if swap backing store is full
#   Decrease Java heap size (-Xmx/-Xms)
#   Decrease number of Java threads
#   Decrease Java thread stack sizes (-Xss)
#   Set larger code cache with -XX:ReservedCodeCacheSize=
#   JVM is running with Unscaled Compressed Oops mode in which the Java heap is
#     placed in the first 4GB address space. The Java Heap base address is the
#     maximum limit for the native heap growth. Please use -XX:HeapBaseMinAddress
#     to set the Java Heap base and to place the Java Heap above 4GB virtual address.
# This output file may be truncated or incomplete.
#
#  Out of Memory Error (arena.cpp:168), pid=13268, tid=13292
#
# JRE version: OpenJDK Runtime Environment Temurin-21.0.12.1+1 (21.0.12.1+1) (build 21.0.12.1+1-LTS)
# Java VM: OpenJDK 64-Bit Server VM Temurin-21.0.12.1+1 (21.0.12.1+1-LTS, mixed mode, sharing, tiered, compressed oops, compressed class ptrs, parallel gc, windows-amd64)
# No core dump will be written. Minidumps are not enabled by default on client versions of Windows
#

---------------  S U M M A R Y ------------

Command Line: --add-modules=ALL-SYSTEM --add-opens=java.base/java.util=ALL-UNNAMED --add-opens=java.base/java.lang=ALL-UNNAMED --add-opens=java.base/sun.nio.fs=ALL-UNNAMED -Declipse.application=org.eclipse.jdt.ls.core.id1 -Dosgi.bundles.defaultStartLevel=4 -Declipse.product=org.eclipse.jdt.ls.core.product -Djava.import.generatesMetadataFilesAtProjectRoot=false -Dm2e.project.cache.size=50 -DDetectVMInstallationsJob.disabled=true -Dfile.encoding=utf8 -XX:+UseParallelGC -XX:GCTimeRatio=4 -XX:AdaptiveSizePolicyWeight=90 -Dsun.zip.disableMemoryMapping=true -Xmx2G -Xms100m -Xlog:disable -javaagent:c:\Users\venus\.vscode\extensions\redhat.java-1.56.0-win32-x64\lombok\lombok-1.18.39-4050.jar c:\Users\venus\.vscode\extensions\redhat.java-1.56.0-win32-x64\server\plugins\org.eclipse.equinox.launcher_1.8.0.v20260804-1928.jar -configuration c:\Users\venus\AppData\Roaming\Code\User\globalStorage\redhat.java\1.56.0\config_ss_win -data c:\Users\venus\AppData\Roaming\Code\User\workspaceStorage\a1c2109327cffd564bb637cc0b682864\redhat.java\ss_ws --pipe=\\.\pipe\lsp-5a1eadc97fc9d9ab4f83d1aa630ecead-sock

Host: 12th Gen Intel(R) Core(TM) i3-1215U, 8 cores, 3G,  Windows 11 , 64 bit Build 26100 (10.0.26100.9444)
Time: Wed Oct  7 02:49:35 2026 Hora oficial do Brasil elapsed time: 14.315845 seconds (0d 0h 0m 14s)

---------------  T H R E A D  ---------------

Current thread (0x0000023276add970):  JavaThread "C2 CompilerThread0" daemon [_thread_in_native, id=13292, stack(0x000000e2f4500000,0x000000e2f4600000) (1024K)]


Current CompileTask:
C2:14316 2273       4       lombok.patcher.MethodTarget::typeMatches (14 bytes)

Stack: [0x000000e2f4500000,0x000000e2f4600000]
Native frames: (J=compiled Java code, j=interpreted, Vv=VM code, C=native code)
V  [jvm.dll+0x6d83e9]
V  [jvm.dll+0x8b5736]
V  [jvm.dll+0x8b7cee]
V  [jvm.dll+0x8b83d3]
V  [jvm.dll+0x284596]
V  [jvm.dll+0xc685d]
V  [jvm.dll+0xc6da1]
V  [jvm.dll+0x2fb5ae]
V  [jvm.dll+0x5fee94]
V  [jvm.dll+0x255d67]
V  [jvm.dll+0x25612d]
V  [jvm.dll+0x24e6a0]
V  [jvm.dll+0x24bbe6]
V  [jvm.dll+0x1cb4ae]
V  [jvm.dll+0x25baad]
V  [jvm.dll+0x25a03a]
V  [jvm.dll+0x3f8aae]
V  [jvm.dll+0x8600cd]
V  [jvm.dll+0x6d6c1d]
C  [ucrtbase.dll+0x2cd30]
C  [KERNEL32.DLL+0x2cd87]
C  [ntdll.dll+0xacaec]


---------------  P R O C E S S  ---------------

Threads class SMR info:
_java_thread_list=0x0000023254afeb60, length=16, elements={
0x0000023276b5d410, 0x0000023276c1ace0, 0x0000023276c1e4d0, 0x0000023276ad69f0,
0x0000023276ad7650, 0x0000023276ada0c0, 0x0000023276adab20, 0x0000023276add970,
0x0000023254032b70, 0x00000232541d4e10, 0x0000023254333c80, 0x0000023254ba1bc0,
0x0000023254c70cb0, 0x0000023254c71320, 0x0000023254a9c450, 0x0000023254b6fa30
}

Java Threads: ( => current thread )
  0x0000023276b5d410 JavaThread "main"                              [_thread_blocked, id=10896, stack(0x000000e2f3b00000,0x000000e2f3c00000) (1024K)]
  0x0000023276c1ace0 JavaThread "Reference Handler"          daemon [_thread_blocked, id=20444, stack(0x000000e2f3f00000,0x000000e2f4000000) (1024K)]
  0x0000023276c1e4d0 JavaThread "Finalizer"                  daemon [_thread_blocked, id=6564, stack(0x000000e2f4000000,0x000000e2f4100000) (1024K)]
  0x0000023276ad69f0 JavaThread "Signal Dispatcher"          daemon [_thread_blocked, id=19376, stack(0x000000e2f4100000,0x000000e2f4200000) (1024K)]
  0x0000023276ad7650 JavaThread "Attach Listener"            daemon [_thread_blocked, id=5792, stack(0x000000e2f4200000,0x000000e2f4300000) (1024K)]
  0x0000023276ada0c0 JavaThread "Service Thread"             daemon [_thread_blocked, id=10576, stack(0x000000e2f4300000,0x000000e2f4400000) (1024K)]
  0x0000023276adab20 JavaThread "Monitor Deflation Thread"   daemon [_thread_blocked, id=21136, stack(0x000000e2f4400000,0x000000e2f4500000) (1024K)]
=>0x0000023276add970 JavaThread "C2 CompilerThread0"         daemon [_thread_in_native, id=13292, stack(0x000000e2f4500000,0x000000e2f4600000) (1024K)]
  0x0000023254032b70 JavaThread "C1 CompilerThread0"         daemon [_thread_blocked, id=15804, stack(0x000000e2f4600000,0x000000e2f4700000) (1024K)]
  0x00000232541d4e10 JavaThread "Common-Cleaner"             daemon [_thread_blocked, id=19512, stack(0x000000e2f4700000,0x000000e2f4800000) (1024K)]
  0x0000023254333c80 JavaThread "Notification Thread"        daemon [_thread_blocked, id=5292, stack(0x000000e2f4800000,0x000000e2f4900000) (1024K)]
  0x0000023254ba1bc0 JavaThread "Active Thread: Equinox Container: ee676a9a-eea2-4547-aa03-699fa37c1986"        [_thread_blocked, id=17444, stack(0x000000e2f4f00000,0x000000e2f5000000) (1024K)]
  0x0000023254c70cb0 JavaThread "Framework Event Dispatcher: Equinox Container: ee676a9a-eea2-4547-aa03-699fa37c1986" daemon [_thread_blocked, id=5204, stack(0x000000e2f5000000,0x000000e2f5100000) (1024K)]
  0x0000023254c71320 JavaThread "Start Level: Equinox Container: ee676a9a-eea2-4547-aa03-699fa37c1986" daemon [_thread_in_Java, id=6680, stack(0x000000e2f5100000,0x000000e2f5200000) (1024K)]
  0x0000023254a9c450 JavaThread "SCR Component Actor"        daemon [_thread_blocked, id=17908, stack(0x000000e2f5300000,0x000000e2f5400000) (1024K)]
  0x0000023254b6fa30 JavaThread "Worker-JM"                         [_thread_blocked, id=21164, stack(0x000000e2f5400000,0x000000e2f5500000) (1024K)]
Total: 16

Other Threads:
  0x0000023276bffaa0 VMThread "VM Thread"                           [id=6720, stack(0x000000e2f3e00000,0x000000e2f3f00000) (1024K)]
  0x00000232769eca00 WatcherThread "VM Periodic Task Thread"        [id=11164, stack(0x000000e2f3d00000,0x000000e2f3e00000) (1024K)]
  0x0000023276b7a7e0 WorkerThread "GC Thread#0"                     [id=16272, stack(0x000000e2f3c00000,0x000000e2f3d00000) (1024K)]
  0x00000232544ab420 WorkerThread "GC Thread#1"                     [id=16936, stack(0x000000e2f4900000,0x000000e2f4a00000) (1024K)]
  0x00000232544e4c10 WorkerThread "GC Thread#2"                     [id=4472, stack(0x000000e2f4a00000,0x000000e2f4b00000) (1024K)]
  0x00000232544e4fc0 WorkerThread "GC Thread#3"                     [id=20252, stack(0x000000e2f4b00000,0x000000e2f4c00000) (1024K)]
  0x00000232544e5370 WorkerThread "GC Thread#4"                     [id=9716, stack(0x000000e2f4c00000,0x000000e2f4d00000) (1024K)]
  0x00000232544e5720 WorkerThread "GC Thread#5"                     [id=20472, stack(0x000000e2f4d00000,0x000000e2f4e00000) (1024K)]
  0x00000232543b5240 WorkerThread "GC Thread#6"                     [id=1124, stack(0x000000e2f4e00000,0x000000e2f4f00000) (1024K)]
  0x00000232546c14a0 WorkerThread "GC Thread#7"                     [id=18172, stack(0x000000e2f5200000,0x000000e2f5300000) (1024K)]
Total: 10

Threads with active compile tasks:
C2 CompilerThread0  14434 2273       4       lombok.patcher.MethodTarget::typeMatches (14 bytes)
Total: 1

VM state: not at safepoint (normal execution)

VM Mutex/Monitor currently owned by a thread: None

Heap address: 0x0000000080000000, size: 2048 MB, Compressed Oops mode: 32-bit

CDS archive(s) mapped at: [0x000002320f000000-0x000002320fba0000-0x000002320fba0000), size 12189696, SharedBaseAddress: 0x000002320f000000, ArchiveRelocationMode: 1.
Compressed class space mapped at: 0x0000023210000000-0x0000023250000000, reserved size: 1073741824
Narrow klass base: 0x000002320f000000, Narrow klass shift: 0, Narrow klass range: 0x100000000

GC Precious Log:
 CardTable entry size: 512
 CPUs: 8 total, 8 available
 Memory: 3820M
 Large Page Support: Disabled
 NUMA Support: Disabled
 Compressed Oops: Enabled (32-bit)
 Alignments: Space 512K, Generation 512K, Heap 2M
 Heap Min Capacity: 100M
 Heap Initial Capacity: 100M
 Heap Max Capacity: 2G
 Pre-touch: Disabled
 Parallel Workers: 8

Heap:
 PSYoungGen      total 29696K, used 5750K [0x00000000d5580000, 0x00000000d7680000, 0x0000000100000000)
  eden space 25600K, 6% used [0x00000000d5580000,0x00000000d5720d20,0x00000000d6e80000)
  from space 4096K, 99% used [0x00000000d6e80000,0x00000000d727ccb0,0x00000000d7280000)
  to   space 4096K, 0% used [0x00000000d7280000,0x00000000d7280000,0x00000000d7680000)
 ParOldGen       total 68608K, used 2821K [0x0000000080000000, 0x0000000084300000, 0x00000000d5580000)
  object space 68608K, 4% used [0x0000000080000000,0x00000000802c15f8,0x0000000084300000)
 Metaspace       used 13160K, committed 13760K, reserved 1114112K
  class space    used 1390K, committed 1664K, reserved 1048576K

Card table byte_map: [0x0000023276500000,0x0000023276910000] _byte_map_base: 0x0000023276100000

Marking Bits: (ParMarkBitMap*) 0x00007ffe3e2444a0
 Begin Bits: [0x000002327a010000, 0x000002327c010000)
 End Bits:   [0x000002327c010000, 0x000002327e010000)

Polling page: 0x0000023274930000

Metaspace:

Usage:
  Non-class:     11.49 MB used.
      Class:      1.36 MB used.
       Both:     12.85 MB used.

Virtual space:
  Non-class space:       64.00 MB reserved,      11.81 MB ( 18%) committed,  1 nodes.
      Class space:        1.00 GB reserved,       1.62 MB ( <1%) committed,  1 nodes.
             Both:        1.06 GB reserved,      13.44 MB (  1%) committed. 

Chunk freelists:
   Non-Class:  4.21 MB
       Class:  14.42 MB
        Both:  18.63 MB

MaxMetaspaceSize: unlimited
CompressedClassSpaceSize: 1.00 GB
Initial GC threshold: 21.00 MB
Current GC threshold: 21.00 MB
CDS: on
 - commit_granule_bytes: 65536.
 - commit_granule_words: 8192.
 - virtual_space_node_default_size: 8388608.
 - enlarge_chunks_in_place: 1.
 - use_allocation_guard: 0.


Internal statistics:

num_allocs_failed_limit: 0.
num_arena_births: 386.
num_arena_deaths: 0.
num_vsnodes_births: 2.
num_vsnodes_deaths: 0.
num_space_committed: 215.
num_space_uncommitted: 0.
num_chunks_returned_to_freelist: 0.
num_chunks_taken_from_freelist: 824.
num_chunk_merges: 0.
num_chunk_splits: 534.
num_chunks_enlarged: 339.
num_inconsistent_stats: 0.

CodeHeap 'non-profiled nmethods': size=120000Kb used=973Kb max_used=973Kb free=119026Kb
 bounds [0x0000023207ad0000, 0x0000023207d40000, 0x000002320f000000]
CodeHeap 'profiled nmethods': size=120000Kb used=4483Kb max_used=4483Kb free=115516Kb
 bounds [0x0000023200000000, 0x0000023200470000, 0x0000023207530000]
CodeHeap 'non-nmethods': size=5760Kb used=1246Kb max_used=1265Kb free=4513Kb
 bounds [0x0000023207530000, 0x00000232077a0000, 0x0000023207ad0000]
CodeCache: size=245760Kb, used=6702Kb, max_used=6721Kb, free=239055Kb
 total_blobs=2825, nmethods=2308, adapters=423, full_count=0
Compilation: enabled, stopped_count=0, restarted_count=0

Compilation events (20 events):
Event: 14.235 Thread 0x0000023254032b70 2268       3       java.lang.String::split (8 bytes)
Event: 14.236 Thread 0x0000023276add970 nmethod 2197 0x0000023207bbf390 code [0x0000023207bbf620, 0x0000023207bc0c70]
Event: 14.236 Thread 0x0000023254032b70 nmethod 2268 0x0000023200446690 code [0x0000023200446840, 0x0000023200446988]
Event: 14.236 Thread 0x0000023254032b70 2269       3       java.lang.String::split (148 bytes)
Event: 14.236 Thread 0x0000023276add970 2266       4       java.net.URI$Parser::scan (76 bytes)
Event: 14.238 Thread 0x0000023254032b70 nmethod 2269 0x0000023200446a10 code [0x0000023200446d80, 0x00000232004483b0]
Event: 14.238 Thread 0x0000023254032b70 2270       3       java.net.URI$Parser::<init> (30 bytes)
Event: 14.238 Thread 0x0000023254032b70 nmethod 2270 0x0000023200448c10 code [0x0000023200448dc0, 0x0000023200448f80]
Event: 14.238 Thread 0x0000023254032b70 2271       3       java.net.URI$Parser::parse (243 bytes)
Event: 14.241 Thread 0x0000023276add970 nmethod 2266 0x0000023207bc1990 code [0x0000023207bc1b40, 0x0000023207bc1dd8]
Event: 14.241 Thread 0x0000023276add970 2264       4       java.lang.invoke.MethodType::hashCode (53 bytes)
Event: 14.241 Thread 0x0000023254032b70 nmethod 2271 0x0000023200449090 code [0x0000023200449580, 0x000002320044b7b0]
Event: 14.241 Thread 0x0000023254032b70 2272       3       lombok.patcher.PatchScript::classMatches (41 bytes)
Event: 14.241 Thread 0x0000023254032b70 nmethod 2272 0x000002320044c590 code [0x000002320044c7c0, 0x000002320044ce28]
Event: 14.243 Thread 0x0000023254032b70 2274       3       java.lang.invoke.InvokerBytecodeGenerator::generateCustomizedCode (34 bytes)
Event: 14.243 Thread 0x0000023254032b70 nmethod 2274 0x000002320044d090 code [0x000002320044d280, 0x000002320044d540]
Event: 14.243 Thread 0x0000023254032b70 2275       3       java.lang.invoke.InvokerBytecodeGenerator::lookupPregenerated (294 bytes)
Event: 14.244 Thread 0x0000023276add970 nmethod 2264 0x0000023207bc2090 code [0x0000023207bc2240, 0x0000023207bc2430]
Event: 14.244 Thread 0x0000023276add970 2273       4       lombok.patcher.MethodTarget::typeMatches (14 bytes)
Event: 14.245 Thread 0x0000023254032b70 nmethod 2275 0x000002320044d690 code [0x000002320044da20, 0x000002320044ee88]

GC Heap History (4 events):
Event: 9.272 GC heap before
{Heap before GC invocations=1 (full 0):
 PSYoungGen      total 29696K, used 25600K [0x00000000d5580000, 0x00000000d7680000, 0x0000000100000000)
  eden space 25600K, 100% used [0x00000000d5580000,0x00000000d6e80000,0x00000000d6e80000)
  from space 4096K, 0% used [0x00000000d7280000,0x00000000d7280000,0x00000000d7680000)
  to   space 4096K, 0% used [0x00000000d6e80000,0x00000000d6e80000,0x00000000d7280000)
 ParOldGen       total 68608K, used 0K [0x0000000080000000, 0x0000000084300000, 0x00000000d5580000)
  object space 68608K, 0% used [0x0000000080000000,0x0000000080000000,0x0000000084300000)
 Metaspace       used 4352K, committed 4608K, reserved 1114112K
  class space    used 475K, committed 576K, reserved 1048576K
}
Event: 9.285 GC heap after
{Heap after GC invocations=1 (full 0):
 PSYoungGen      total 29696K, used 3287K [0x00000000d5580000, 0x00000000d7680000, 0x0000000100000000)
  eden space 25600K, 0% used [0x00000000d5580000,0x00000000d5580000,0x00000000d6e80000)
  from space 4096K, 80% used [0x00000000d6e80000,0x00000000d71b5e88,0x00000000d7280000)
  to   space 4096K, 0% used [0x00000000d7280000,0x00000000d7280000,0x00000000d7680000)
 ParOldGen       total 68608K, used 16K [0x0000000080000000, 0x0000000084300000, 0x00000000d5580000)
  object space 68608K, 0% used [0x0000000080000000,0x0000000080004000,0x0000000084300000)
 Metaspace       used 4352K, committed 4608K, reserved 1114112K
  class space    used 475K, committed 576K, reserved 1048576K
}
Event: 12.687 GC heap before
{Heap before GC invocations=2 (full 0):
 PSYoungGen      total 29696K, used 28887K [0x00000000d5580000, 0x00000000d7680000, 0x0000000100000000)
  eden space 25600K, 100% used [0x00000000d5580000,0x00000000d6e80000,0x00000000d6e80000)
  from space 4096K, 80% used [0x00000000d6e80000,0x00000000d71b5e88,0x00000000d7280000)
  to   space 4096K, 0% used [0x00000000d7280000,0x00000000d7280000,0x00000000d7680000)
 ParOldGen       total 68608K, used 16K [0x0000000080000000, 0x0000000084300000, 0x00000000d5580000)
  object space 68608K, 0% used [0x0000000080000000,0x0000000080004000,0x0000000084300000)
 Metaspace       used 8200K, committed 8512K, reserved 1114112K
  class space    used 870K, committed 1024K, reserved 1048576K
}
Event: 12.699 GC heap after
{Heap after GC invocations=2 (full 0):
 PSYoungGen      total 29696K, used 4092K [0x00000000d5580000, 0x00000000d7680000, 0x0000000100000000)
  eden space 25600K, 0% used [0x00000000d5580000,0x00000000d5580000,0x00000000d6e80000)
  from space 4096K, 99% used [0x00000000d7280000,0x00000000d767f020,0x00000000d7680000)
  to   space 4096K, 0% used [0x00000000d6e80000,0x00000000d6e80000,0x00000000d7280000)
 ParOldGen       total 68608K, used 1063K [0x0000000080000000, 0x0000000084300000, 0x00000000d5580000)
  object space 68608K, 1% used [0x0000000080000000,0x0000000080109eb8,0x0000000084300000)
 Metaspace       used 8200K, committed 8512K, reserved 1114112K
  class space    used 870K, committed 1024K, reserved 1048576K
}

Dll operation events (18 events):
Event: 0.655 Attempting to load shared library c:\Users\venus\.vscode\extensions\redhat.java-1.56.0-win32-x64\jre\21.0.12.1-win32-x86_64\bin\java.dll
Event: 0.655 Loaded shared library c:\Users\venus\.vscode\extensions\redhat.java-1.56.0-win32-x64\jre\21.0.12.1-win32-x86_64\bin\java.dll
Event: 5.598 Attempting to load shared library c:\Users\venus\.vscode\extensions\redhat.java-1.56.0-win32-x64\jre\21.0.12.1-win32-x86_64\bin\zip.dll
Event: 5.647 Loaded shared library c:\Users\venus\.vscode\extensions\redhat.java-1.56.0-win32-x64\jre\21.0.12.1-win32-x86_64\bin\zip.dll
Event: 6.024 Attempting to load shared library C:\Users\venus\.vscode\extensions\redhat.java-1.56.0-win32-x64\jre\21.0.12.1-win32-x86_64\bin\instrument.dll
Event: 6.024 Loaded shared library C:\Users\venus\.vscode\extensions\redhat.java-1.56.0-win32-x64\jre\21.0.12.1-win32-x86_64\bin\instrument.dll
Event: 6.042 Attempting to load shared library C:\Users\venus\.vscode\extensions\redhat.java-1.56.0-win32-x64\jre\21.0.12.1-win32-x86_64\bin\net.dll
Event: 6.113 Loaded shared library C:\Users\venus\.vscode\extensions\redhat.java-1.56.0-win32-x64\jre\21.0.12.1-win32-x86_64\bin\net.dll
Event: 6.149 Attempting to load shared library C:\Users\venus\.vscode\extensions\redhat.java-1.56.0-win32-x64\jre\21.0.12.1-win32-x86_64\bin\nio.dll
Event: 6.233 Loaded shared library C:\Users\venus\.vscode\extensions\redhat.java-1.56.0-win32-x64\jre\21.0.12.1-win32-x86_64\bin\nio.dll
Event: 6.257 Attempting to load shared library C:\Users\venus\.vscode\extensions\redhat.java-1.56.0-win32-x64\jre\21.0.12.1-win32-x86_64\bin\zip.dll
Event: 6.258 Loaded shared library C:\Users\venus\.vscode\extensions\redhat.java-1.56.0-win32-x64\jre\21.0.12.1-win32-x86_64\bin\zip.dll
Event: 6.347 Attempting to load shared library C:\Users\venus\.vscode\extensions\redhat.java-1.56.0-win32-x64\jre\21.0.12.1-win32-x86_64\bin\jimage.dll
Event: 6.347 Loaded shared library C:\Users\venus\.vscode\extensions\redhat.java-1.56.0-win32-x64\jre\21.0.12.1-win32-x86_64\bin\jimage.dll
Event: 6.914 Attempting to load shared library c:\Users\venus\.vscode\extensions\redhat.java-1.56.0-win32-x64\jre\21.0.12.1-win32-x86_64\bin\verify.dll
Event: 6.938 Loaded shared library c:\Users\venus\.vscode\extensions\redhat.java-1.56.0-win32-x64\jre\21.0.12.1-win32-x86_64\bin\verify.dll
Event: 12.563 Attempting to load shared library C:\Users\venus\AppData\Roaming\Code\User\globalStorage\redhat.java\1.56.0\config_ss_win\org.eclipse.equinox.launcher\org.eclipse.equinox.launcher.win32.win32.x86_64_1.3.100.v20260804-1928\eclipse_11924.dll
Event: 12.643 Loaded shared library C:\Users\venus\AppData\Roaming\Code\User\globalStorage\redhat.java\1.56.0\config_ss_win\org.eclipse.equinox.launcher\org.eclipse.equinox.launcher.win32.win32.x86_64_1.3.100.v20260804-1928\eclipse_11924.dll

Deoptimization events (20 events):
Event: 13.389 Thread 0x0000023254c71320 Uncommon trap: trap_request=0xffffffc6 fr.pc=0x0000023207ba4d24 relative=0x00000000000004c4
Event: 13.389 Thread 0x0000023254c71320 Uncommon trap: reason=bimorphic_or_optimized_type_check action=maybe_recompile pc=0x0000023207ba4d24 method=java.io.DataInputStream.readFully([BII)V @ 30 c2
Event: 13.389 Thread 0x0000023254c71320 DEOPT PACKING pc=0x0000023207ba4d24 sp=0x000000e2f51fb5b0
Event: 13.389 Thread 0x0000023254c71320 DEOPT UNPACKING pc=0x0000023207583aa2 sp=0x000000e2f51fb568 mode 2
Event: 13.389 Thread 0x0000023254c71320 Uncommon trap: trap_request=0xffffffc6 fr.pc=0x0000023207ba4d24 relative=0x00000000000004c4
Event: 13.389 Thread 0x0000023254c71320 Uncommon trap: reason=bimorphic_or_optimized_type_check action=maybe_recompile pc=0x0000023207ba4d24 method=java.io.DataInputStream.readFully([BII)V @ 30 c2
Event: 13.389 Thread 0x0000023254c71320 DEOPT PACKING pc=0x0000023207ba4d24 sp=0x000000e2f51fb5a0
Event: 13.389 Thread 0x0000023254c71320 DEOPT UNPACKING pc=0x0000023207583aa2 sp=0x000000e2f51fb558 mode 2
Event: 13.389 Thread 0x0000023254c71320 Uncommon trap: trap_request=0xffffffc6 fr.pc=0x0000023207ba4d24 relative=0x00000000000004c4
Event: 13.389 Thread 0x0000023254c71320 Uncommon trap: reason=bimorphic_or_optimized_type_check action=maybe_recompile pc=0x0000023207ba4d24 method=java.io.DataInputStream.readFully([BII)V @ 30 c2
Event: 13.389 Thread 0x0000023254c71320 DEOPT PACKING pc=0x0000023207ba4d24 sp=0x000000e2f51fb5a0
Event: 13.389 Thread 0x0000023254c71320 DEOPT UNPACKING pc=0x0000023207583aa2 sp=0x000000e2f51fb558 mode 2
Event: 13.389 Thread 0x0000023254c71320 Uncommon trap: trap_request=0xffffffc6 fr.pc=0x0000023207ba4d24 relative=0x00000000000004c4
Event: 13.389 Thread 0x0000023254c71320 Uncommon trap: reason=bimorphic_or_optimized_type_check action=maybe_recompile pc=0x0000023207ba4d24 method=java.io.DataInputStream.readFully([BII)V @ 30 c2
Event: 13.389 Thread 0x0000023254c71320 DEOPT PACKING pc=0x0000023207ba4d24 sp=0x000000e2f51fb5a0
Event: 13.389 Thread 0x0000023254c71320 DEOPT UNPACKING pc=0x0000023207583aa2 sp=0x000000e2f51fb558 mode 2
Event: 14.228 Thread 0x0000023254c71320 Uncommon trap: trap_request=0xffffff45 fr.pc=0x0000023207b199cc relative=0x0000000000000f0c
Event: 14.228 Thread 0x0000023254c71320 Uncommon trap: reason=unstable_if action=reinterpret pc=0x0000023207b199cc method=lombok.patcher.PatchScript.classMatches(Ljava/lang/String;Ljava/util/Collection;)Z @ 25 c2
Event: 14.228 Thread 0x0000023254c71320 DEOPT PACKING pc=0x0000023207b199cc sp=0x000000e2f51f6bf0
Event: 14.228 Thread 0x0000023254c71320 DEOPT UNPACKING pc=0x0000023207583aa2 sp=0x000000e2f51f6bb0 mode 2

Classes loaded (20 events):
Event: 13.915 Loading class java/time/zone/Ser done
Event: 13.946 Loading class java/util/Formatter$FixedString
Event: 13.955 Loading class java/util/Formatter$FixedString done
Event: 14.053 Loading class java/util/concurrent/TimeoutException
Event: 14.053 Loading class java/util/concurrent/TimeoutException done
Event: 14.119 Loading class java/util/PropertyResourceBundle
Event: 14.120 Loading class java/util/PropertyResourceBundle done
Event: 14.121 Loading class sun/util/PropertyResourceBundleCharset
Event: 14.122 Loading class sun/util/PropertyResourceBundleCharset done
Event: 14.122 Loading class sun/util/PropertyResourceBundleCharset$PropertiesFileDecoder
Event: 14.122 Loading class sun/util/PropertyResourceBundleCharset$PropertiesFileDecoder done
Event: 14.124 Loading class java/lang/invoke/DirectMethodHandle$StaticAccessor
Event: 14.124 Loading class java/lang/invoke/DirectMethodHandle$StaticAccessor done
Event: 14.163 Loading class java/lang/AbstractMethodError
Event: 14.164 Loading class java/lang/AbstractMethodError done
Event: 14.247 Loading class java/lang/foreign/ValueLayout
Event: 14.249 Loading class java/lang/foreign/MemoryLayout
Event: 14.276 Loading class java/lang/foreign/MemoryLayout done
Event: 14.276 Loading class java/lang/foreign/ValueLayout done
Event: 14.276 Loading class java/io/ObjectInputStream

Classes unloaded (0 events):
No events

Classes redefined (0 events):
No events

Internal exceptions (20 events):
Event: 9.476 Thread 0x0000023276b5d410 Exception <a 'java/lang/NoSuchMethodError'{0x00000000d5717c18}: 'void java.lang.invoke.DirectMethodHandle$Holder.invokeStatic(java.lang.Object, java.lang.Object, java.lang.Object, java.lang.Object)'> (0x00000000d5717c18) 
thrown [s\src\hotspot\share\interpreter\linkResolver.cpp, line 773]
Event: 9.477 Thread 0x0000023276b5d410 Implicit null exception at 0x0000023207b3a31a to 0x0000023207b3a514
Event: 9.477 Thread 0x0000023276b5d410 Implicit null exception at 0x0000023207b3353d to 0x0000023207b335c1
Event: 9.935 Thread 0x0000023276b5d410 Exception <a 'java/lang/NoSuchMethodError'{0x00000000d59d7840}: 'void java.lang.invoke.DirectMethodHandle$Holder.invokeSpecial(java.lang.Object, java.lang.Object, java.lang.Object)'> (0x00000000d59d7840) 
thrown [s\src\hotspot\share\interpreter\linkResolver.cpp, line 773]
Event: 10.701 Thread 0x0000023276b5d410 Exception <a 'java/lang/NoSuchMethodError'{0x00000000d62d19e0}: 'int java.lang.invoke.DirectMethodHandle$Holder.invokeVirtual(java.lang.Object, java.lang.Object)'> (0x00000000d62d19e0) 
thrown [s\src\hotspot\share\interpreter\linkResolver.cpp, line 773]
Event: 11.413 Thread 0x0000023276b5d410 Exception <a 'java/lang/NoSuchMethodError'{0x00000000d6446308}: 'int java.lang.invoke.DirectMethodHandle$Holder.invokeStaticInit(java.lang.Object, java.lang.Object, java.lang.Object, java.lang.Object)'> (0x00000000d6446308) 
thrown [s\src\hotspot\share\interpreter\linkResolver.cpp, line 773]
Event: 11.414 Thread 0x0000023276b5d410 Exception <a 'java/lang/IncompatibleClassChangeError'{0x00000000d644ec40}: Found class java.lang.Object, but interface was expected> (0x00000000d644ec40) 
thrown [s\src\hotspot\share\interpreter\linkResolver.cpp, line 840]
Event: 11.421 Thread 0x0000023276b5d410 Exception <a 'java/lang/NoSuchMethodError'{0x00000000d64551d0}: 'void java.lang.invoke.DirectMethodHandle$Holder.invokeStaticInit(java.lang.Object, java.lang.Object)'> (0x00000000d64551d0) 
thrown [s\src\hotspot\share\interpreter\linkResolver.cpp, line 773]
Event: 11.422 Thread 0x0000023276b5d410 Exception <a 'java/lang/NoSuchMethodError'{0x00000000d645e3a8}: 'int java.lang.invoke.DirectMethodHandle$Holder.invokeStaticInit(java.lang.Object, java.lang.Object)'> (0x00000000d645e3a8) 
thrown [s\src\hotspot\share\interpreter\linkResolver.cpp, line 773]
Event: 11.625 Thread 0x0000023276b5d410 Exception <a 'java/lang/NoSuchMethodError'{0x00000000d66aa330}: 'java.lang.Object java.lang.invoke.DirectMethodHandle$Holder.newInvokeSpecial(java.lang.Object, int, java.lang.Object)'> (0x00000000d66aa330) 
thrown [s\src\hotspot\share\interpreter\linkResolver.cpp, line 773]
Event: 11.859 Thread 0x0000023276b5d410 Exception <a 'java/lang/ClassNotFoundException'{0x00000000d68c4ac8}: sun/net/www/protocol/plurl/Handler> (0x00000000d68c4ac8) 
thrown [s\src\hotspot\share\classfile\systemDictionary.cpp, line 313]
Event: 11.860 Thread 0x0000023276b5d410 Exception <a 'java/lang/ClassNotFoundException'{0x00000000d68c5948}: sun/net/www/protocol/plurl/Handler> (0x00000000d68c5948) 
thrown [s\src\hotspot\share\classfile\systemDictionary.cpp, line 313]
Event: 12.521 Thread 0x0000023276b5d410 Exception <a 'java/lang/UnsatisfiedLinkError'{0x00000000d6d01390}: 'void org.eclipse.equinox.launcher.JNIBridge._update_splash()'> (0x00000000d6d01390) 
thrown [s\src\hotspot\share\prims\nativeLookup.cpp, line 415]
Event: 12.808 Thread 0x0000023254c71320 Exception <a 'java/lang/NullPointerException'{0x00000000d5886558}> (0x00000000d5886558) 
thrown [s\src\hotspot\share\interpreter\linkResolver.cpp, line 1372]
Event: 12.808 Thread 0x0000023254c71320 Exception <a 'java/lang/NullPointerException'{0x00000000d5886838}> (0x00000000d5886838) 
thrown [s\src\hotspot\share\interpreter\linkResolver.cpp, line 1372]
Event: 13.295 Thread 0x0000023254c71320 Exception <a 'java/lang/NoSuchMethodError'{0x00000000d6156c80}: 'long java.lang.invoke.DirectMethodHandle$Holder.invokeSpecial(java.lang.Object, java.lang.Object)'> (0x00000000d6156c80) 
thrown [s\src\hotspot\share\interpreter\linkResolver.cpp, line 773]
Event: 13.377 Thread 0x0000023254c71320 Exception <a 'java/io/FileNotFoundException'{0x00000000d63445b8}> (0x00000000d63445b8) 
thrown [s\src\hotspot\share\prims\jni.cpp, line 520]
Event: 13.506 Thread 0x0000023254c71320 Exception <a 'java/lang/NoSuchMethodError'{0x00000000d6633158}: 'java.lang.Object java.lang.invoke.Invokers$Holder.linkToTargetMethod(java.lang.Object, long, java.lang.Object)'> (0x00000000d6633158) 
thrown [s\src\hotspot\share\interpreter\linkResolver.cpp, line 773]
Event: 14.056 Thread 0x0000023254c71320 Exception <a 'java/lang/NoSuchMethodError'{0x00000000d69c10f8}: 'void java.lang.invoke.DirectMethodHandle$Holder.invokeInterface(java.lang.Object, java.lang.Object, java.lang.Object)'> (0x00000000d69c10f8) 
thrown [s\src\hotspot\share\interpreter\linkResolver.cpp, line 773]
Event: 14.127 Thread 0x0000023254c71320 Exception <a 'java/lang/NoSuchMethodError'{0x00000000d6bd3c18}: 'void java.lang.invoke.Invokers$Holder.invokeExact_MT(java.lang.Object, java.lang.Object, java.lang.Object)'> (0x00000000d6bd3c18) 
thrown [s\src\hotspot\share\interpreter\linkResolver.cpp, line 773]

ZGC Phase Switch (0 events):
No events

VM Operations (20 events):
Event: 9.272 Executing safepoint VM operation: ParallelGCFailedAllocation (Allocation Failure)
Event: 9.285 Executing safepoint VM operation: ParallelGCFailedAllocation (Allocation Failure) done
Event: 10.291 Executing safepoint VM operation: Cleanup
Event: 10.291 Executing safepoint VM operation: Cleanup done
Event: 11.298 Executing safepoint VM operation: Cleanup
Event: 11.299 Executing safepoint VM operation: Cleanup done
Event: 11.560 Executing non-safepoint VM operation: HandshakeAllThreads (Deoptimize)
Event: 11.560 Executing non-safepoint VM operation: HandshakeAllThreads (Deoptimize) done
Event: 11.598 Executing non-safepoint VM operation: HandshakeAllThreads (Deoptimize)
Event: 11.598 Executing non-safepoint VM operation: HandshakeAllThreads (Deoptimize) done
Event: 11.829 Executing non-safepoint VM operation: HandshakeAllThreads (Deoptimize)
Event: 11.829 Executing non-safepoint VM operation: HandshakeAllThreads (Deoptimize) done
Event: 12.687 Executing safepoint VM operation: ParallelGCFailedAllocation (Allocation Failure)
Event: 12.699 Executing safepoint VM operation: ParallelGCFailedAllocation (Allocation Failure) done
Event: 12.997 Executing non-safepoint VM operation: HandshakeAllThreads (Deoptimize)
Event: 12.997 Executing non-safepoint VM operation: HandshakeAllThreads (Deoptimize) done
Event: 13.901 Executing non-safepoint VM operation: HandshakeAllThreads (Deoptimize)
Event: 13.901 Executing non-safepoint VM operation: HandshakeAllThreads (Deoptimize) done
Event: 13.901 Executing safepoint VM operation: Cleanup
Event: 13.901 Executing safepoint VM operation: Cleanup done

Memory protections (0 events):
No events

Nmethod flushes (0 events):
No events

Events (18 events):
Event: 1.834 Thread 0x0000023276b5d410 Thread added: 0x0000023276b5d410
Event: 5.195 Thread 0x0000023276b5d410 Thread added: 0x0000023276c1ace0
Event: 5.198 Thread 0x0000023276b5d410 Thread added: 0x0000023276c1e4d0
Event: 5.208 Thread 0x0000023276b5d410 Thread added: 0x0000023276ad69f0
Event: 5.209 Thread 0x0000023276b5d410 Thread added: 0x0000023276ad7650
Event: 5.210 Thread 0x0000023276b5d410 Thread added: 0x0000023276ada0c0
Event: 5.210 Thread 0x0000023276b5d410 Thread added: 0x0000023276adab20
Event: 5.214 Thread 0x0000023276b5d410 Thread added: 0x0000023276add970
Event: 5.234 Thread 0x0000023276b5d410 Thread added: 0x0000023254032b70
Event: 6.038 Thread 0x0000023276b5d410 Thread added: 0x00000232541d4e10
Event: 7.291 Thread 0x0000023276b5d410 Thread added: 0x0000023254333c80
Event: 7.804 Thread 0x0000023254032b70 Thread added: 0x000002325437acd0
Event: 8.271 Thread 0x000002325437acd0 Thread exited: 0x000002325437acd0
Event: 11.528 Thread 0x0000023276b5d410 Thread added: 0x0000023254ba1bc0
Event: 12.452 Thread 0x0000023276b5d410 Thread added: 0x0000023254c70cb0
Event: 12.506 Thread 0x0000023276b5d410 Thread added: 0x0000023254c71320
Event: 12.726 Thread 0x0000023254c71320 Thread added: 0x0000023254a9c450
Event: 14.081 Thread 0x0000023254c71320 Thread added: 0x0000023254b6fa30


Dynamic libraries:
0x00007ff6b5890000 - 0x00007ff6b589e000 	c:\Users\venus\.vscode\extensions\redhat.java-1.56.0-win32-x64\jre\21.0.12.1-win32-x86_64\bin\java.exe
0x00007ffee24c0000 - 0x00007ffee2727000 	C:\Windows\SYSTEM32\ntdll.dll
0x00007ffee1d60000 - 0x00007ffee1e2b000 	C:\Windows\System32\KERNEL32.DLL
0x00007ffedf6c0000 - 0x00007ffedfac2000 	C:\Windows\System32\KERNELBASE.dll
0x00007ffec2a80000 - 0x00007ffec2a9e000 	c:\Users\venus\.vscode\extensions\redhat.java-1.56.0-win32-x64\jre\21.0.12.1-win32-x86_64\bin\VCRUNTIME140.dll
0x00007ffec17b0000 - 0x00007ffec17c8000 	c:\Users\venus\.vscode\extensions\redhat.java-1.56.0-win32-x64\jre\21.0.12.1-win32-x86_64\bin\jli.dll
0x00007ffedfff0000 - 0x00007ffee013c000 	C:\Windows\System32\ucrtbase.dll
0x00007ffee16e0000 - 0x00007ffee18af000 	C:\Windows\System32\USER32.dll
0x00007ffedfd20000 - 0x00007ffedfd47000 	C:\Windows\System32\win32u.dll
0x00007ffee1e30000 - 0x00007ffee1e5b000 	C:\Windows\System32\GDI32.dll
0x00007ffedfe00000 - 0x00007ffedff29000 	C:\Windows\System32\gdi32full.dll
0x00007ffedfd50000 - 0x00007ffedfdf3000 	C:\Windows\System32\msvcp_win.dll
0x00007ffeb5910000 - 0x00007ffeb5ba0000 	C:\Windows\WinSxS\amd64_microsoft.windows.common-controls_6595b64144ccf1df_6.0.26100.9278_none_3e0d1ba8e3303201\COMCTL32.dll
0x00007ffee1ee0000 - 0x00007ffee1f89000 	C:\Windows\System32\msvcrt.dll
0x00007ffee21c0000 - 0x00007ffee21f1000 	C:\Windows\System32\IMM32.DLL
0x00007ffed7160000 - 0x00007ffed716c000 	c:\Users\venus\.vscode\extensions\redhat.java-1.56.0-win32-x64\jre\21.0.12.1-win32-x86_64\bin\vcruntime140_1.dll
0x00007ffe55750000 - 0x00007ffe557dd000 	c:\Users\venus\.vscode\extensions\redhat.java-1.56.0-win32-x64\jre\21.0.12.1-win32-x86_64\bin\msvcp140.dll
0x00007ffe3d580000 - 0x00007ffe3e322000 	c:\Users\venus\.vscode\extensions\redhat.java-1.56.0-win32-x64\jre\21.0.12.1-win32-x86_64\bin\server\jvm.dll
0x00007ffee1f90000 - 0x00007ffee204c000 	C:\Windows\System32\ADVAPI32.dll
0x00007ffee23d0000 - 0x00007ffee2479000 	C:\Windows\System32\sechost.dll
0x00007ffee2250000 - 0x00007ffee2368000 	C:\Windows\System32\RPCRT4.dll
0x00007ffee0970000 - 0x00007ffee09f0000 	C:\Windows\System32\WS2_32.dll
0x00007ffedf520000 - 0x00007ffedf57e000 	C:\Windows\SYSTEM32\POWRPROF.dll
0x00007ffed4a10000 - 0x00007ffed4a46000 	C:\Windows\SYSTEM32\WINMM.dll
0x00007ffeb8f90000 - 0x00007ffeb8f9b000 	C:\Windows\SYSTEM32\VERSION.dll
0x00007ffedf500000 - 0x00007ffedf515000 	C:\Windows\SYSTEM32\UMPDC.dll
0x00007ffede390000 - 0x00007ffede3ab000 	C:\Windows\SYSTEM32\kernel.appcore.dll
0x00007ffed70a0000 - 0x00007ffed70aa000 	c:\Users\venus\.vscode\extensions\redhat.java-1.56.0-win32-x64\jre\21.0.12.1-win32-x86_64\bin\jimage.dll
0x00007ffedc4b0000 - 0x00007ffedc6fc000 	C:\Windows\SYSTEM32\DBGHELP.DLL
0x00007ffee1980000 - 0x00007ffee1d05000 	C:\Windows\System32\combase.dll
0x00007ffee0660000 - 0x00007ffee0739000 	C:\Windows\System32\OLEAUT32.dll
0x00007ffeb9f50000 - 0x00007ffeb9f8b000 	C:\Windows\SYSTEM32\dbgcore.DLL
0x00007ffedff30000 - 0x00007ffedffdc000 	C:\Windows\System32\bcryptPrimitives.dll
0x00007ffec9630000 - 0x00007ffec963f000 	c:\Users\venus\.vscode\extensions\redhat.java-1.56.0-win32-x64\jre\21.0.12.1-win32-x86_64\bin\instrument.dll
0x00007ffebfb00000 - 0x00007ffebfb20000 	c:\Users\venus\.vscode\extensions\redhat.java-1.56.0-win32-x64\jre\21.0.12.1-win32-x86_64\bin\java.dll
0x00007ffee0f20000 - 0x00007ffee16b8000 	C:\Windows\System32\SHELL32.dll
0x00007ffedd140000 - 0x00007ffedd9ee000 	C:\Windows\SYSTEM32\windows.storage.dll
0x00007ffee0370000 - 0x00007ffee046b000 	C:\Windows\System32\SHCORE.dll
0x00007ffee1e70000 - 0x00007ffee1ed6000 	C:\Windows\System32\shlwapi.dll
0x00007ffedf5e0000 - 0x00007ffedf609000 	C:\Windows\SYSTEM32\profapi.dll
0x00007ffebf830000 - 0x00007ffebf848000 	c:\Users\venus\.vscode\extensions\redhat.java-1.56.0-win32-x64\jre\21.0.12.1-win32-x86_64\bin\zip.dll
0x00007ffec95d0000 - 0x00007ffec95e0000 	C:\Users\venus\.vscode\extensions\redhat.java-1.56.0-win32-x64\jre\21.0.12.1-win32-x86_64\bin\net.dll
0x00007ffecec10000 - 0x00007ffeced3a000 	C:\Windows\SYSTEM32\WINHTTP.dll
0x00007ffede950000 - 0x00007ffede9bc000 	C:\Windows\system32\mswsock.dll
0x00007ffea9810000 - 0x00007ffea9826000 	C:\Users\venus\.vscode\extensions\redhat.java-1.56.0-win32-x64\jre\21.0.12.1-win32-x86_64\bin\nio.dll
0x00007ffec45f0000 - 0x00007ffec4600000 	c:\Users\venus\.vscode\extensions\redhat.java-1.56.0-win32-x64\jre\21.0.12.1-win32-x86_64\bin\verify.dll
0x00007ffe8aa40000 - 0x00007ffe8aa85000 	C:\Users\venus\AppData\Roaming\Code\User\globalStorage\redhat.java\1.56.0\config_ss_win\org.eclipse.equinox.launcher\org.eclipse.equinox.launcher.win32.win32.x86_64_1.3.100.v20260804-1928\eclipse_11924.dll
0x00007ffee0740000 - 0x00007ffee08da000 	C:\Windows\System32\ole32.dll

JVMTI agents:
c:\Users\venus\.vscode\extensions\redhat.java-1.56.0-win32-x64\lombok\lombok-1.18.39-4050.jar path:c:\Users\venus\.vscode\extensions\redhat.java-1.56.0-win32-x64\jre\21.0.12.1-win32-x86_64\bin\instrument.dll, loaded, initialized, instrumentlib options:none

dbghelp: loaded successfully - version: 4.0.5 - missing functions: none
symbol engine: initialized successfully - sym options: 0x614 - pdb path: .;c:\Users\venus\.vscode\extensions\redhat.java-1.56.0-win32-x64\jre\21.0.12.1-win32-x86_64\bin;C:\Windows\SYSTEM32;C:\Windows\WinSxS\amd64_microsoft.windows.common-controls_6595b64144ccf1df_6.0.26100.9278_none_3e0d1ba8e3303201;c:\Users\venus\.vscode\extensions\redhat.java-1.56.0-win32-x64\jre\21.0.12.1-win32-x86_64\bin\server;C:\Users\venus\AppData\Roaming\Code\User\globalStorage\redhat.java\1.56.0\config_ss_win\org.eclipse.equinox.launcher\org.eclipse.equinox.launcher.win32.win32.x86_64_1.3.100.v20260804-1928

VM Arguments:
jvm_args: --add-modules=ALL-SYSTEM --add-opens=java.base/java.util=ALL-UNNAMED --add-opens=java.base/java.lang=ALL-UNNAMED --add-opens=java.base/sun.nio.fs=ALL-UNNAMED -Declipse.application=org.eclipse.jdt.ls.core.id1 -Dosgi.bundles.defaultStartLevel=4 -Declipse.product=org.eclipse.jdt.ls.core.product -Djava.import.generatesMetadataFilesAtProjectRoot=false -Dm2e.project.cache.size=50 -DDetectVMInstallationsJob.disabled=true -Dfile.encoding=utf8 -XX:+UseParallelGC -XX:GCTimeRatio=4 -XX:AdaptiveSizePolicyWeight=90 -Dsun.zip.disableMemoryMapping=true -Xmx2G -Xms100m -Xlog:disable -javaagent:c:\Users\venus\.vscode\extensions\redhat.java-1.56.0-win32-x64\lombok\lombok-1.18.39-4050.jar 
java_command: c:\Users\venus\.vscode\extensions\redhat.java-1.56.0-win32-x64\server\plugins\org.eclipse.equinox.launcher_1.8.0.v20260804-1928.jar -configuration c:\Users\venus\AppData\Roaming\Code\User\globalStorage\redhat.java\1.56.0\config_ss_win -data c:\Users\venus\AppData\Roaming\Code\User\workspaceStorage\a1c2109327cffd564bb637cc0b682864\redhat.java\ss_ws --pipe=\\.\pipe\lsp-5a1eadc97fc9d9ab4f83d1aa630ecead-sock
java_class_path (initial): c:\Users\venus\.vscode\extensions\redhat.java-1.56.0-win32-x64\server\plugins\org.eclipse.equinox.launcher_1.8.0.v20260804-1928.jar
Launcher Type: SUN_STANDARD

[Global flags]
    uintx AdaptiveSizePolicyWeight                 = 90                                        {product} {command line}
     intx CICompilerCount                          = 4                                         {product} {ergonomic}
    uintx GCTimeRatio                              = 4                                         {product} {command line}
   size_t InitialHeapSize                          = 104857600                                 {product} {command line}
   size_t MaxHeapSize                              = 2147483648                                {product} {command line}
   size_t MaxNewSize                               = 715653120                                 {product} {ergonomic}
   size_t MinHeapDeltaBytes                        = 524288                                    {product} {ergonomic}
   size_t MinHeapSize                              = 104857600                                 {product} {command line}
   size_t NewSize                                  = 34603008                                  {product} {ergonomic}
    uintx NonNMethodCodeHeapSize                   = 5839372                                {pd product} {ergonomic}
    uintx NonProfiledCodeHeapSize                  = 122909434                              {pd product} {ergonomic}
   size_t OldSize                                  = 70254592                                  {product} {ergonomic}
    uintx ProfiledCodeHeapSize                     = 122909434                              {pd product} {ergonomic}
    uintx ReservedCodeCacheSize                    = 251658240                              {pd product} {ergonomic}
     bool SegmentedCodeCache                       = true                                      {product} {ergonomic}
   size_t SoftMaxHeapSize                          = 2147483648                             {manageable} {ergonomic}
     bool UseCompressedOops                        = true                           {product lp64_product} {ergonomic}
     bool UseLargePagesIndividualAllocation        = false                                  {pd product} {ergonomic}
     bool UseParallelGC                            = true                                      {product} {command line}

Logging:
Log output configuration:
 #0: stdout all=off uptime,level,tags foldmultilines=false
 #1: stderr all=off uptime,level,tags foldmultilines=false

Release file:
JAVA_VERSION="21.0.12.1" 
MODULES="java.base java.compiler java.datatransfer java.xml java.prefs java.desktop java.instrument java.logging java.management java.security.sasl java.naming java.rmi java.management.rmi java.net.http java.scripting java.security.jgss java.transaction.xa java.sql java.sql.rowset java.xml.crypto java.se java.smartcardio jdk.accessibility jdk.internal.jvmstat jdk.attach jdk.charsets jdk.internal.opt jdk.zipfs jdk.compiler jdk.crypto.ec jdk.crypto.cryptoki jdk.crypto.mscapi jdk.dynalink jdk.internal.ed jdk.editpad jdk.hotspot.agent jdk.httpserver jdk.internal.le jdk.internal.vm.ci jdk.internal.vm.compiler jdk.internal.vm.compiler.management jdk.jartool jdk.javadoc jdk.jcmd jdk.management jdk.management.agent jdk.jconsole jdk.jdeps jdk.jdwp.agent jdk.jdi jdk.jfr jdk.jshell jdk.jsobject jdk.jstatd jdk.localedata jdk.management.jfr jdk.naming.dns jdk.naming.rmi jdk.net jdk.nio.mapmode jdk.random jdk.sctp jdk.security.auth jdk.security.jgss jdk.unsupported jdk.unsupported.desktop jdk.xml.dom" 

Environment Variables:
JAVA_HOME=C:\Program Files\Eclipse Adoptium\jdk-25.0.4.101-hotspot\
PATH=C:\Program Files\Microsoft MPI\Bin\;C:\Program Files\Eclipse Adoptium\jdk-25.0.4.101-hotspot\bin;C:\Windows\system32;C:\Windows;C:\Windows\System32\Wbem;C:\Windows\System32\WindowsPowerShell\v1.0\;C:\Windows\System32\OpenSSH\;C:\ProgramData\UNIVALI\Portugol Studio;C:\Program Files\PowerShell\7-preview\preview;C:\Program Files\Git\cmd;C:\Program Files\Microsoft SQL Server\Client SDK\ODBC\170\Tools\Binn\;C:\Program Files (x86)\Microsoft SQL Server\150\Tools\Binn\;C:\Program Files\Microsoft SQL Server\150\Tools\Binn\;C:\Program Files\Microsoft SQL Server\150\DTS\Binn\;C:\Users\venus\AppData\Local\Microsoft\WindowsApps;C:\Users\venus\AppData\Local\Programs\Microsoft VS Code\bin;C:\Users\venus\AppData\Local\GitHubDesktop\bin
USERNAME=venus
OS=Windows_NT
PROCESSOR_IDENTIFIER=Intel64 Family 6 Model 154 Stepping 4, GenuineIntel
TMP=C:\Users\venus\AppData\Local\Temp
TEMP=C:\Users\venus\AppData\Local\Temp




Periodic native trim disabled

---------------  S Y S T E M  ---------------

OS:
 Windows 11 , 64 bit Build 26100 (10.0.26100.9444)
OS uptime: 0 days 3:12 hours

CPU: total 8 (initial active 8) (4 cores per cpu, 2 threads per core) family 6 model 154 stepping 4 microcode 0x43b, cx8, cmov, fxsr, ht, mmx, 3dnowpref, sse, sse2, sse3, ssse3, sse4.1, sse4.2, popcnt, lzcnt, tsc, tscinvbit, avx, avx2, aes, erms, clmul, bmi1, bmi2, adx, sha, fma, vzeroupper, clflush, clflushopt, clwb, serialize, rdtscp, rdpid, fsrm, f16c, pku, cet_ibt, cet_ss
Processor Information for processor 0
  Max Mhz: 1200, Current Mhz: 1200, Mhz Limit: 1200
Processor Information for processor 1
  Max Mhz: 1200, Current Mhz: 1200, Mhz Limit: 1200
Processor Information for processor 2
  Max Mhz: 1200, Current Mhz: 1200, Mhz Limit: 1200
Processor Information for processor 3
  Max Mhz: 1200, Current Mhz: 1200, Mhz Limit: 1200
Processor Information for processor 4
  Max Mhz: 900, Current Mhz: 900, Mhz Limit: 900
Processor Information for processor 5
  Max Mhz: 900, Current Mhz: 900, Mhz Limit: 900
Processor Information for processor 6
  Max Mhz: 900, Current Mhz: 900, Mhz Limit: 900
Processor Information for processor 7
  Max Mhz: 900, Current Mhz: 900, Mhz Limit: 900

Memory: 4k page, system-wide physical 3820M (201M free)
TotalPageFile size 12012M (AvailPageFile size 0M)
current process WorkingSet (physical memory assigned to process): 100M, peak: 100M
current process commit charge ("private bytes"): 249M, peak: 250M

vm_info: OpenJDK 64-Bit Server VM (21.0.12.1+1-LTS) for windows-amd64 JRE (21.0.12.1+1-LTS), built on 2026-08-18T00:00:00Z by "admin" with MS VC++ 17.12 (VS2022)

END.
